Archive member included to satisfy reference by file (symbol)

C:\Users\Igor\Desktop\STM32CubeExpansion_Crypto_V3.1.0\Fw_Crypto\STM32F4\Middlewares\ST\STM32_Cryptographic\Lib\libSTM32CryptographicV3.0.0_CM4_GCC_ot.a(crypto.o)
                              ./Core/Src/ring_buffer.o (RSA_PKCS1v15_Decrypt)
c:/st/stm32cubeide_1.11.0/stm32cubeide/plugins/com.st.stm32cube.ide.mcu.externaltools.gnu-tools-for-stm32.10.3-2021.10.win32_1.0.100.202210260954/tools/bin/../lib/gcc/arm-none-eabi/10.3.1/../../../../arm-none-eabi/lib/thumb/v7e-m/nofp\libc_nano.a(lib_a-errno.o)
                              ./Core/Src/syscalls.o (__errno)
c:/st/stm32cubeide_1.11.0/stm32cubeide/plugins/com.st.stm32cube.ide.mcu.externaltools.gnu-tools-for-stm32.10.3-2021.10.win32_1.0.100.202210260954/tools/bin/../lib/gcc/arm-none-eabi/10.3.1/../../../../arm-none-eabi/lib/thumb/v7e-m/nofp\libc_nano.a(lib_a-exit.o)
                              c:/st/stm32cubeide_1.11.0/stm32cubeide/plugins/com.st.stm32cube.ide.mcu.externaltools.gnu-tools-for-stm32.10.3-2021.10.win32_1.0.100.202210260954/tools/bin/../lib/gcc/arm-none-eabi/10.3.1/../../../../arm-none-eabi/lib/thumb/v7e-m/nofp/crt0.o (exit)
c:/st/stm32cubeide_1.11.0/stm32cubeide/plugins/com.st.stm32cube.ide.mcu.externaltools.gnu-tools-for-stm32.10.3-2021.10.win32_1.0.100.202210260954/tools/bin/../lib/gcc/arm-none-eabi/10.3.1/../../../../arm-none-eabi/lib/thumb/v7e-m/nofp\libc_nano.a(lib_a-impure.o)
                              c:/st/stm32cubeide_1.11.0/stm32cubeide/plugins/com.st.stm32cube.ide.mcu.externaltools.gnu-tools-for-stm32.10.3-2021.10.win32_1.0.100.202210260954/tools/bin/../lib/gcc/arm-none-eabi/10.3.1/../../../../arm-none-eabi/lib/thumb/v7e-m/nofp\libc_nano.a(lib_a-exit.o) (_global_impure_ptr)
c:/st/stm32cubeide_1.11.0/stm32cubeide/plugins/com.st.stm32cube.ide.mcu.externaltools.gnu-tools-for-stm32.10.3-2021.10.win32_1.0.100.202210260954/tools/bin/../lib/gcc/arm-none-eabi/10.3.1/../../../../arm-none-eabi/lib/thumb/v7e-m/nofp\libc_nano.a(lib_a-init.o)
                              c:/st/stm32cubeide_1.11.0/stm32cubeide/plugins/com.st.stm32cube.ide.mcu.externaltools.gnu-tools-for-stm32.10.3-2021.10.win32_1.0.100.202210260954/tools/bin/../lib/gcc/arm-none-eabi/10.3.1/../../../../arm-none-eabi/lib/thumb/v7e-m/nofp/crt0.o (__libc_init_array)
c:/st/stm32cubeide_1.11.0/stm32cubeide/plugins/com.st.stm32cube.ide.mcu.externaltools.gnu-tools-for-stm32.10.3-2021.10.win32_1.0.100.202210260954/tools/bin/../lib/gcc/arm-none-eabi/10.3.1/../../../../arm-none-eabi/lib/thumb/v7e-m/nofp\libc_nano.a(lib_a-memcpy-stub.o)
                              ./Core/Src/main.o (memcpy)
c:/st/stm32cubeide_1.11.0/stm32cubeide/plugins/com.st.stm32cube.ide.mcu.externaltools.gnu-tools-for-stm32.10.3-2021.10.win32_1.0.100.202210260954/tools/bin/../lib/gcc/arm-none-eabi/10.3.1/../../../../arm-none-eabi/lib/thumb/v7e-m/nofp\libc_nano.a(lib_a-memmove.o)
                              C:\Users\Igor\Desktop\STM32CubeExpansion_Crypto_V3.1.0\Fw_Crypto\STM32F4\Middlewares\ST\STM32_Cryptographic\Lib\libSTM32CryptographicV3.0.0_CM4_GCC_ot.a(crypto.o) (memmove)
c:/st/stm32cubeide_1.11.0/stm32cubeide/plugins/com.st.stm32cube.ide.mcu.externaltools.gnu-tools-for-stm32.10.3-2021.10.win32_1.0.100.202210260954/tools/bin/../lib/gcc/arm-none-eabi/10.3.1/../../../../arm-none-eabi/lib/thumb/v7e-m/nofp\libc_nano.a(lib_a-memset.o)
                              c:/st/stm32cubeide_1.11.0/stm32cubeide/plugins/com.st.stm32cube.ide.mcu.externaltools.gnu-tools-for-stm32.10.3-2021.10.win32_1.0.100.202210260954/tools/bin/../lib/gcc/arm-none-eabi/10.3.1/../../../../arm-none-eabi/lib/thumb/v7e-m/nofp/crt0.o (memset)
c:/st/stm32cubeide_1.11.0/stm32cubeide/plugins/com.st.stm32cube.ide.mcu.externaltools.gnu-tools-for-stm32.10.3-2021.10.win32_1.0.100.202210260954/tools/bin/../lib/gcc/arm-none-eabi/10.3.1/thumb/v7e-m/nofp\libgcc.a(_aeabi_uldivmod.o)
                              ./Drivers/STM32F4xx_HAL_Driver/Src/stm32f4xx_hal_rcc.o (__aeabi_uldivmod)
c:/st/stm32cubeide_1.11.0/stm32cubeide/plugins/com.st.stm32cube.ide.mcu.externaltools.gnu-tools-for-stm32.10.3-2021.10.win32_1.0.100.202210260954/tools/bin/../lib/gcc/arm-none-eabi/10.3.1/thumb/v7e-m/nofp\libgcc.a(_udivmoddi4.o)
                              c:/st/stm32cubeide_1.11.0/stm32cubeide/plugins/com.st.stm32cube.ide.mcu.externaltools.gnu-tools-for-stm32.10.3-2021.10.win32_1.0.100.202210260954/tools/bin/../lib/gcc/arm-none-eabi/10.3.1/thumb/v7e-m/nofp\libgcc.a(_aeabi_uldivmod.o) (__udivmoddi4)
c:/st/stm32cubeide_1.11.0/stm32cubeide/plugins/com.st.stm32cube.ide.mcu.externaltools.gnu-tools-for-stm32.10.3-2021.10.win32_1.0.100.202210260954/tools/bin/../lib/gcc/arm-none-eabi/10.3.1/thumb/v7e-m/nofp\libgcc.a(_dvmd_tls.o)
                              c:/st/stm32cubeide_1.11.0/stm32cubeide/plugins/com.st.stm32cube.ide.mcu.externaltools.gnu-tools-for-stm32.10.3-2021.10.win32_1.0.100.202210260954/tools/bin/../lib/gcc/arm-none-eabi/10.3.1/thumb/v7e-m/nofp\libgcc.a(_aeabi_uldivmod.o) (__aeabi_ldiv0)

[...]
Memory Configuration

Name             Origin             Length             Attributes
RAM              0x0000000020000000 0x0000000000020000 xrw
FLASH            0x0000000008000000 0x0000000000080000 xr
*default*        0x0000000000000000 0xffffffffffffffff

Linker script and memory map

LOAD c:/st/stm32cubeide_1.11.0/stm32cubeide/plugins/com.st.stm32cube.ide.mcu.externaltools.gnu-tools-for-stm32.10.3-2021.10.win32_1.0.100.202210260954/tools/bin/../lib/gcc/arm-none-eabi/10.3.1/thumb/v7e-m/nofp/crti.o
LOAD c:/st/stm32cubeide_1.11.0/stm32cubeide/plugins/com.st.stm32cube.ide.mcu.externaltools.gnu-tools-for-stm32.10.3-2021.10.win32_1.0.100.202210260954/tools/bin/../lib/gcc/arm-none-eabi/10.3.1/thumb/v7e-m/nofp/crtbegin.o
LOAD c:/st/stm32cubeide_1.11.0/stm32cubeide/plugins/com.st.stm32cube.ide.mcu.externaltools.gnu-tools-for-stm32.10.3-2021.10.win32_1.0.100.202210260954/tools/bin/../lib/gcc/arm-none-eabi/10.3.1/../../../../arm-none-eabi/lib/thumb/v7e-m/nofp/crt0.o
LOAD ./Core/Src/ir_receiver.o
LOAD ./Core/Src/ir_sender.o
LOAD ./Core/Src/main.o
LOAD ./Core/Src/nRF24.o
LOAD ./Core/Src/ring_buffer.o
LOAD ./Core/Src/stm32f4xx_hal_msp.o
LOAD ./Core/Src/stm32f4xx_it.o
LOAD ./Core/Src/syscalls.o
LOAD ./Core/Src/sysmem.o
LOAD ./Core/Src/system_stm32f4xx.o
LOAD ./Core/Startup/startup_stm32f411ceux.o
LOAD ./Drivers/STM32F4xx_HAL_Driver/Src/stm32f4xx_hal.o
LOAD ./Drivers/STM32F4xx_HAL_Driver/Src/stm32f4xx_hal_cortex.o
LOAD ./Drivers/STM32F4xx_HAL_Driver/Src/stm32f4xx_hal_crc.o
LOAD ./Drivers/STM32F4xx_HAL_Driver/Src/stm32f4xx_hal_dma.o
LOAD ./Drivers/STM32F4xx_HAL_Driver/Src/stm32f4xx_hal_dma_ex.o
LOAD ./Drivers/STM32F4xx_HAL_Driver/Src/stm32f4xx_hal_exti.o
LOAD ./Drivers/STM32F4xx_HAL_Driver/Src/stm32f4xx_hal_flash.o
LOAD ./Drivers/STM32F4xx_HAL_Driver/Src/stm32f4xx_hal_flash_ex.o
LOAD ./Drivers/STM32F4xx_HAL_Driver/Src/stm32f4xx_hal_flash_ramfunc.o
LOAD ./Drivers/STM32F4xx_HAL_Driver/Src/stm32f4xx_hal_gpio.o
LOAD ./Drivers/STM32F4xx_HAL_Driver/Src/stm32f4xx_hal_pwr.o
LOAD ./Drivers/STM32F4xx_HAL_Driver/Src/stm32f4xx_hal_pwr_ex.o
LOAD ./Drivers/STM32F4xx_HAL_Driver/Src/stm32f4xx_hal_rcc.o
LOAD ./Drivers/STM32F4xx_HAL_Driver/Src/stm32f4xx_hal_rcc_ex.o
LOAD ./Drivers/STM32F4xx_HAL_Driver/Src/stm32f4xx_hal_spi.o
LOAD ./Drivers/STM32F4xx_HAL_Driver/Src/stm32f4xx_hal_tim.o
LOAD ./Drivers/STM32F4xx_HAL_Driver/Src/stm32f4xx_hal_tim_ex.o
LOAD ./Drivers/STM32F4xx_HAL_Driver/Src/stm32f4xx_hal_uart.o
LOAD C:\Users\Igor\Desktop\STM32CubeExpansion_Crypto_V3.1.0\Fw_Crypto\STM32F4\Middlewares\ST\STM32_Cryptographic\Lib\libSTM32CryptographicV3.0.0_CM4_GCC_ot.a
START GROUP
LOAD c:/st/stm32cubeide_1.11.0/stm32cubeide/plugins/com.st.stm32cube.ide.mcu.externaltools.gnu-tools-for-stm32.10.3-2021.10.win32_1.0.100.202210260954/tools/bin/../lib/gcc/arm-none-eabi/10.3.1/../../../../arm-none-eabi/lib/thumb/v7e-m/nofp\libc_nano.a
LOAD c:/st/stm32cubeide_1.11.0/stm32cubeide/plugins/com.st.stm32cube.ide.mcu.externaltools.gnu-tools-for-stm32.10.3-2021.10.win32_1.0.100.202210260954/tools/bin/../lib/gcc/arm-none-eabi/10.3.1/../../../../arm-none-eabi/lib/thumb/v7e-m/nofp\libm.a
END GROUP
START GROUP
LOAD c:/st/stm32cubeide_1.11.0/stm32cubeide/plugins/com.st.stm32cube.ide.mcu.externaltools.gnu-tools-for-stm32.10.3-2021.10.win32_1.0.100.202210260954/tools/bin/../lib/gcc/arm-none-eabi/10.3.1/thumb/v7e-m/nofp\libgcc.a
LOAD c:/st/stm32cubeide_1.11.0/stm32cubeide/plugins/com.st.stm32cube.ide.mcu.externaltools.gnu-tools-for-stm32.10.3-2021.10.win32_1.0.100.202210260954/tools/bin/../lib/gcc/arm-none-eabi/10.3.1/../../../../arm-none-eabi/lib/thumb/v7e-m/nofp\libc_nano.a
END GROUP
START GROUP
LOAD c:/st/stm32cubeide_1.11.0/stm32cubeide/plugins/com.st.stm32cube.ide.mcu.externaltools.gnu-tools-for-stm32.10.3-2021.10.win32_1.0.100.202210260954/tools/bin/../lib/gcc/arm-none-eabi/10.3.1/thumb/v7e-m/nofp\libgcc.a
LOAD c:/st/stm32cubeide_1.11.0/stm32cubeide/plugins/com.st.stm32cube.ide.mcu.externaltools.gnu-tools-for-stm32.10.3-2021.10.win32_1.0.100.202210260954/tools/bin/../lib/gcc/arm-none-eabi/10.3.1/../../../../arm-none-eabi/lib/thumb/v7e-m/nofp\libc_nano.a
LOAD c:/st/stm32cubeide_1.11.0/stm32cubeide/plugins/com.st.stm32cube.ide.mcu.externaltools.gnu-tools-for-stm32.10.3-2021.10.win32_1.0.100.202210260954/tools/bin/../lib/gcc/arm-none-eabi/10.3.1/../../../../arm-none-eabi/lib/thumb/v7e-m/nofp\libnosys.a
END GROUP
START GROUP
LOAD c:/st/stm32cubeide_1.11.0/stm32cubeide/plugins/com.st.stm32cube.ide.mcu.externaltools.gnu-tools-for-stm32.10.3-2021.10.win32_1.0.100.202210260954/tools/bin/../lib/gcc/arm-none-eabi/10.3.1/thumb/v7e-m/nofp\libgcc.a
LOAD c:/st/stm32cubeide_1.11.0/stm32cubeide/plugins/com.st.stm32cube.ide.mcu.externaltools.gnu-tools-for-stm32.10.3-2021.10.win32_1.0.100.202210260954/tools/bin/../lib/gcc/arm-none-eabi/10.3.1/../../../../arm-none-eabi/lib/thumb/v7e-m/nofp\libc_nano.a
LOAD c:/st/stm32cubeide_1.11.0/stm32cubeide/plugins/com.st.stm32cube.ide.mcu.externaltools.gnu-tools-for-stm32.10.3-2021.10.win32_1.0.100.202210260954/tools/bin/../lib/gcc/arm-none-eabi/10.3.1/../../../../arm-none-eabi/lib/thumb/v7e-m/nofp\libnosys.a
END GROUP
LOAD c:/st/stm32cubeide_1.11.0/stm32cubeide/plugins/com.st.stm32cube.ide.mcu.externaltools.gnu-tools-for-stm32.10.3-2021.10.win32_1.0.100.202210260954/tools/bin/../lib/gcc/arm-none-eabi/10.3.1/thumb/v7e-m/nofp/crtend.o
LOAD c:/st/stm32cubeide_1.11.0/stm32cubeide/plugins/com.st.stm32cube.ide.mcu.externaltools.gnu-tools-for-stm32.10.3-2021.10.win32_1.0.100.202210260954/tools/bin/../lib/gcc/arm-none-eabi/10.3.1/thumb/v7e-m/nofp/crtn.o
                0x0000000020020000                _estack = (ORIGIN (RAM) + LENGTH (RAM))
                0x0000000000000200                _Min_Heap_Size = 0x200
                0x0000000000000400                _Min_Stack_Size = 0x400

.isr_vector     0x0000000008000000      0x198
                0x0000000008000000                . = ALIGN (0x4)
 *(.isr_vector)
 .isr_vector    0x0000000008000000      0x198 ./Core/Startup/startup_stm32f411ceux.o
                0x0000000008000000                g_pfnVectors
                0x0000000008000198                . = ALIGN (0x4)

.text           0x0000000008000198     0x53dc
                0x0000000008000198                . = ALIGN (0x4)
 *(.text)
 .text          0x0000000008000198       0x40 c:/st/stm32cubeide_1.11.0/stm32cubeide/plugins/com.st.stm32cube.ide.mcu.externaltools.gnu-tools-for-stm32.10.3-2021.10.win32_1.0.100.202210260954/tools/bin/../lib/gcc/arm-none-eabi/10.3.1/thumb/v7e-m/nofp/crtbegin.o
 .text          0x00000000080001d8       0x30 c:/st/stm32cubeide_1.11.0/stm32cubeide/plugins/com.st.stm32cube.ide.mcu.externaltools.gnu-tools-for-stm32.10.3-2021.10.win32_1.0.100.202210260954/tools/bin/../lib/gcc/arm-none-eabi/10.3.1/thumb/v7e-m/nofp\libgcc.a(_aeabi_uldivmod.o)
                0x00000000080001d8                __aeabi_uldivmod
 .text          0x0000000008000208      0x2d0 c:/st/stm32cubeide_1.11.0/stm32cubeide/plugins/com.st.stm32cube.ide.mcu.externaltools.gnu-tools-for-stm32.10.3-2021.10.win32_1.0.100.202210260954/tools/bin/../lib/gcc/arm-none-eabi/10.3.1/thumb/v7e-m/nofp\libgcc.a(_udivmoddi4.o)
                0x0000000008000208                __udivmoddi4
 .text          0x00000000080004d8        0x4 c:/st/stm32cubeide_1.11.0/stm32cubeide/plugins/com.st.stm32cube.ide.mcu.externaltools.gnu-tools-for-stm32.10.3-2021.10.win32_1.0.100.202210260954/tools/bin/../lib/gcc/arm-none-eabi/10.3.1/thumb/v7e-m/nofp\libgcc.a(_dvmd_tls.o)
                0x00000000080004d8                __aeabi_idiv0
                0x00000000080004d8                __aeabi_ldiv0
 *(.text*)
 .text.calc_pulse
                0x00000000080004dc       0x60 ./Core/Src/ir_receiver.o
 .text.ir_tim_interrupt
                0x000000000800053c       0xb0 ./Core/Src/ir_receiver.o
                0x000000000800053c                ir_tim_interrupt
 .text.ir_receiver_init
                0x00000000080005ec       0x1c ./Core/Src/ir_receiver.o
                0x00000000080005ec                ir_receiver_init
 .text.ir_read  0x0000000008000608       0x38 ./Core/Src/ir_receiver.o
                0x0000000008000608                ir_read
 .text.ir_sender_init
                0x0000000008000640       0x14 ./Core/Src/ir_sender.o
                0x0000000008000640                ir_sender_init
 .text.delay_us
                0x0000000008000654       0x30 ./Core/Src/ir_sender.o
                0x0000000008000654                delay_us
 .text.NEC_SendCommand
                0x0000000008000684      0x118 ./Core/Src/ir_sender.o
                0x0000000008000684                NEC_SendCommand
 .text.NEC_SendBit
                0x000000000800079c       0x48 ./Core/Src/ir_sender.o
                0x000000000800079c                NEC_SendBit
 .text.HAL_TIM_IC_CaptureCallback
                0x00000000080007e4       0x34 ./Core/Src/main.o
                0x00000000080007e4                HAL_TIM_IC_CaptureCallback
 .text.main     0x0000000008000818       0xfc ./Core/Src/main.o
                0x0000000008000818                main
 .text.SystemClock_Config
                0x0000000008000914       0xd0 ./Core/Src/main.o
                0x0000000008000914                SystemClock_Config
 .text.MX_CRC_Init
                0x00000000080009e4       0x28 ./Core/Src/main.o
 .text.MX_SPI2_Init
                0x0000000008000a0c       0x6c ./Core/Src/main.o
 .text.MX_TIM1_Init
                0x0000000008000a78      0x108 ./Core/Src/main.o
 .text.MX_TIM2_Init
                0x0000000008000b80       0x98 ./Core/Src/main.o
 .text.MX_TIM3_Init
                0x0000000008000c18      0x118 ./Core/Src/main.o
 .text.MX_USART1_UART_Init
                0x0000000008000d30       0x54 ./Core/Src/main.o
 .text.MX_GPIO_Init
                0x0000000008000d84      0x114 ./Core/Src/main.o
 .text.Error_Handler
                0x0000000008000e98        0xa ./Core/Src/main.o
                0x0000000008000e98                Error_Handler
 .text.nRF24_Delay
                0x0000000008000ea2       0x18 ./Core/Src/nRF24.o
 *fill*         0x0000000008000eba        0x2 
 .text.nRF24_SendSpi
                0x0000000008000ebc       0x2c ./Core/Src/nRF24.o
 .text.nRF24_ReadSpi
                0x0000000008000ee8       0x2c ./Core/Src/nRF24.o
 .text.nRF24_ReadRegister
                0x0000000008000f14       0x48 ./Core/Src/nRF24.o
 .text.nRF24_ReadRegisters
                0x0000000008000f5c       0x48 ./Core/Src/nRF24.o
 .text.nRF24_WriteRegister
                0x0000000008000fa4       0x4c ./Core/Src/nRF24.o
 .text.nRF24_WriteRegisters
                0x0000000008000ff0       0x50 ./Core/Src/nRF24.o
 .text.nRF24_TX_Mode
                0x0000000008001040       0x50 ./Core/Src/nRF24.o
                0x0000000008001040                nRF24_TX_Mode
 .text.nRF24_ReadConfig
                0x0000000008001090       0x10 ./Core/Src/nRF24.o
                0x0000000008001090                nRF24_ReadConfig
 .text.nRF24_WriteConfig
                0x00000000080010a0       0x1c ./Core/Src/nRF24.o
                0x00000000080010a0                nRF24_WriteConfig
 .text.nRF24_SetPALevel
                0x00000000080010bc       0x3e ./Core/Src/nRF24.o
                0x00000000080010bc                nRF24_SetPALevel
 .text.nRF24_SetDataRate
                0x00000000080010fa       0x4c ./Core/Src/nRF24.o
                0x00000000080010fa                nRF24_SetDataRate
 .text.nRF24_ReadStatus
                0x0000000008001146       0x10 ./Core/Src/nRF24.o
                0x0000000008001146                nRF24_ReadStatus
 .text.nRF24_WriteStatus
                0x0000000008001156       0x1c ./Core/Src/nRF24.o
                0x0000000008001156                nRF24_WriteStatus
 *fill*         0x0000000008001172        0x2 
 .text.nRF24_FlushRX
                0x0000000008001174       0x34 ./Core/Src/nRF24.o
                0x0000000008001174                nRF24_FlushRX
 .text.nRF24_FlushTX
                0x00000000080011a8       0x34 ./Core/Src/nRF24.o
                0x00000000080011a8                nRF24_FlushTX
 .text.nRF24_EnableCRC
                0x00000000080011dc       0x3a ./Core/Src/nRF24.o
                0x00000000080011dc                nRF24_EnableCRC
 .text.nRF24_SetCRCLength
                0x0000000008001216       0x3a ./Core/Src/nRF24.o
                0x0000000008001216                nRF24_SetCRCLength
 .text.nRF24_SetRetries
                0x0000000008001250       0x36 ./Core/Src/nRF24.o
                0x0000000008001250                nRF24_SetRetries
 .text.nRF24_SetRFChannel
                0x0000000008001286       0x22 ./Core/Src/nRF24.o
                0x0000000008001286                nRF24_SetRFChannel
 .text.nRF24_SetPayloadSize
                0x00000000080012a8       0x38 ./Core/Src/nRF24.o
                0x00000000080012a8                nRF24_SetPayloadSize
 .text.nRF24_EnablePipe
                0x00000000080012e0       0x6a ./Core/Src/nRF24.o
                0x00000000080012e0                nRF24_EnablePipe
 .text.nRF24_AutoACK
                0x000000000800134a       0x6a ./Core/Src/nRF24.o
                0x000000000800134a                nRF24_AutoACK
 .text.nRF24_SetAddressWidth
                0x00000000080013b4       0x3a ./Core/Src/nRF24.o
                0x00000000080013b4                nRF24_SetAddressWidth
 .text.nRF24_SetRXAddress
                0x00000000080013ee       0x72 ./Core/Src/nRF24.o
                0x00000000080013ee                nRF24_SetRXAddress
 .text.nRF24_SetTXAddress
                0x0000000008001460       0x8c ./Core/Src/nRF24.o
                0x0000000008001460                nRF24_SetTXAddress
 .text.nRF24_ClearInterrupts
                0x00000000080014ec       0x26 ./Core/Src/nRF24.o
                0x00000000080014ec                nRF24_ClearInterrupts
 .text.nRF24_EnableRXDataReadyIRQ
                0x0000000008001512       0x3a ./Core/Src/nRF24.o
                0x0000000008001512                nRF24_EnableRXDataReadyIRQ
 .text.nRF24_EnableTXDataSentIRQ
                0x000000000800154c       0x3a ./Core/Src/nRF24.o
                0x000000000800154c                nRF24_EnableTXDataSentIRQ
 .text.nRF24_EnableMaxRetransmitIRQ
                0x0000000008001586       0x3a ./Core/Src/nRF24.o
                0x0000000008001586                nRF24_EnableMaxRetransmitIRQ
 .text.nRF24_Init
                0x00000000080015c0       0xa8 ./Core/Src/nRF24.o
                0x00000000080015c0                nRF24_Init
 .text.buffer_add
                0x0000000008001668       0x78 ./Core/Src/ring_buffer.o
                0x0000000008001668                buffer_add
 .text.HAL_MspInit
                0x00000000080016e0       0x4c ./Core/Src/stm32f4xx_hal_msp.o
                0x00000000080016e0                HAL_MspInit
 .text.HAL_CRC_MspInit
                0x000000000800172c       0x40 ./Core/Src/stm32f4xx_hal_msp.o
                0x000000000800172c                HAL_CRC_MspInit
 .text.HAL_SPI_MspInit
                0x000000000800176c       0x90 ./Core/Src/stm32f4xx_hal_msp.o
                0x000000000800176c                HAL_SPI_MspInit
 .text.HAL_TIM_PWM_MspInit
                0x00000000080017fc       0x40 ./Core/Src/stm32f4xx_hal_msp.o
                0x00000000080017fc                HAL_TIM_PWM_MspInit
 .text.HAL_TIM_Base_MspInit
                0x000000000800183c       0xd8 ./Core/Src/stm32f4xx_hal_msp.o
                0x000000000800183c                HAL_TIM_Base_MspInit
 .text.HAL_TIM_MspPostInit
                0x0000000008001914       0x74 ./Core/Src/stm32f4xx_hal_msp.o
                0x0000000008001914                HAL_TIM_MspPostInit
 .text.HAL_UART_MspInit
                0x0000000008001988       0x90 ./Core/Src/stm32f4xx_hal_msp.o
                0x0000000008001988                HAL_UART_MspInit
 .text.NMI_Handler
                0x0000000008001a18        0x6 ./Core/Src/stm32f4xx_it.o
                0x0000000008001a18                NMI_Handler
 .text.HardFault_Handler
                0x0000000008001a1e        0x6 ./Core/Src/stm32f4xx_it.o
                0x0000000008001a1e                HardFault_Handler
 .text.MemManage_Handler
                0x0000000008001a24        0x6 ./Core/Src/stm32f4xx_it.o
                0x0000000008001a24                MemManage_Handler
 .text.BusFault_Handler
                0x0000000008001a2a        0x6 ./Core/Src/stm32f4xx_it.o
                0x0000000008001a2a                BusFault_Handler
 .text.UsageFault_Handler
                0x0000000008001a30        0x6 ./Core/Src/stm32f4xx_it.o
                0x0000000008001a30                UsageFault_Handler
 .text.SVC_Handler
                0x0000000008001a36        0xc ./Core/Src/stm32f4xx_it.o
                0x0000000008001a36                SVC_Handler
 .text.DebugMon_Handler
                0x0000000008001a42        0xc ./Core/Src/stm32f4xx_it.o
                0x0000000008001a42                DebugMon_Handler
 .text.PendSV_Handler
                0x0000000008001a4e        0xc ./Core/Src/stm32f4xx_it.o
                0x0000000008001a4e                PendSV_Handler
 .text.SysTick_Handler
                0x0000000008001a5a        0xc ./Core/Src/stm32f4xx_it.o
                0x0000000008001a5a                SysTick_Handler
 .text.EXTI9_5_IRQHandler
                0x0000000008001a66        0xe ./Core/Src/stm32f4xx_it.o
                0x0000000008001a66                EXTI9_5_IRQHandler
 .text.TIM2_IRQHandler
                0x0000000008001a74       0x14 ./Core/Src/stm32f4xx_it.o
                0x0000000008001a74                TIM2_IRQHandler
 .text.TIM3_IRQHandler
                0x0000000008001a88       0x14 ./Core/Src/stm32f4xx_it.o
                0x0000000008001a88                TIM3_IRQHandler
 .text.SystemInit
                0x0000000008001a9c        0xc ./Core/Src/system_stm32f4xx.o
                0x0000000008001a9c                SystemInit
 .text.Reset_Handler
                0x0000000008001aa8       0x50 ./Core/Startup/startup_stm32f411ceux.o
                0x0000000008001aa8                Reset_Handler
 .text.Default_Handler
                0x0000000008001af8        0x2 ./Core/Startup/startup_stm32f411ceux.o
                0x0000000008001af8                RTC_Alarm_IRQHandler
                0x0000000008001af8                EXTI2_IRQHandler
                0x0000000008001af8                SPI4_IRQHandler
                0x0000000008001af8                TIM1_CC_IRQHandler
                0x0000000008001af8                DMA2_Stream5_IRQHandler
                0x0000000008001af8                DMA1_Stream5_IRQHandler
                0x0000000008001af8                PVD_IRQHandler
                0x0000000008001af8                SDIO_IRQHandler
                0x0000000008001af8                TAMP_STAMP_IRQHandler
                0x0000000008001af8                EXTI3_IRQHandler
                0x0000000008001af8                TIM1_UP_TIM10_IRQHandler
                0x0000000008001af8                I2C3_ER_IRQHandler
                0x0000000008001af8                EXTI0_IRQHandler
                0x0000000008001af8                I2C2_EV_IRQHandler
                0x0000000008001af8                DMA1_Stream2_IRQHandler
                0x0000000008001af8                FPU_IRQHandler
                0x0000000008001af8                DMA2_Stream2_IRQHandler
                0x0000000008001af8                SPI1_IRQHandler
                0x0000000008001af8                TIM1_BRK_TIM9_IRQHandler
                0x0000000008001af8                DMA2_Stream3_IRQHandler
                0x0000000008001af8                USART6_IRQHandler
                0x0000000008001af8                DMA2_Stream0_IRQHandler
                0x0000000008001af8                TIM4_IRQHandler
                0x0000000008001af8                I2C1_EV_IRQHandler
                0x0000000008001af8                DMA1_Stream6_IRQHandler
                0x0000000008001af8                DMA1_Stream1_IRQHandler
                0x0000000008001af8                RCC_IRQHandler
                0x0000000008001af8                Default_Handler
                0x0000000008001af8                EXTI15_10_IRQHandler
                0x0000000008001af8                ADC_IRQHandler
                0x0000000008001af8                DMA1_Stream7_IRQHandler
                0x0000000008001af8                SPI5_IRQHandler
                0x0000000008001af8                TIM5_IRQHandler
                0x0000000008001af8                DMA2_Stream7_IRQHandler
                0x0000000008001af8                I2C3_EV_IRQHandler
                0x0000000008001af8                RTC_WKUP_IRQHandler
                0x0000000008001af8                SPI2_IRQHandler
                0x0000000008001af8                DMA1_Stream0_IRQHandler
                0x0000000008001af8                EXTI4_IRQHandler
                0x0000000008001af8                WWDG_IRQHandler
                0x0000000008001af8                OTG_FS_WKUP_IRQHandler
                0x0000000008001af8                TIM1_TRG_COM_TIM11_IRQHandler
                0x0000000008001af8                EXTI1_IRQHandler
                0x0000000008001af8                USART2_IRQHandler
                0x0000000008001af8                I2C2_ER_IRQHandler
                0x0000000008001af8                DMA2_Stream1_IRQHandler
                0x0000000008001af8                FLASH_IRQHandler
                0x0000000008001af8                DMA2_Stream4_IRQHandler
                0x0000000008001af8                USART1_IRQHandler
                0x0000000008001af8                OTG_FS_IRQHandler
                0x0000000008001af8                SPI3_IRQHandler
                0x0000000008001af8                DMA1_Stream4_IRQHandler
                0x0000000008001af8                I2C1_ER_IRQHandler
                0x0000000008001af8                DMA2_Stream6_IRQHandler
                0x0000000008001af8                DMA1_Stream3_IRQHandler
 *fill*         0x0000000008001afa        0x2 
 .text.HAL_Init
                0x0000000008001afc       0x44 ./Drivers/STM32F4xx_HAL_Driver/Src/stm32f4xx_hal.o
                0x0000000008001afc                HAL_Init
 .text.HAL_InitTick
                0x0000000008001b40       0x60 ./Drivers/STM32F4xx_HAL_Driver/Src/stm32f4xx_hal.o
                0x0000000008001b40                HAL_InitTick
 .text.HAL_IncTick
                0x0000000008001ba0       0x24 ./Drivers/STM32F4xx_HAL_Driver/Src/stm32f4xx_hal.o
                0x0000000008001ba0                HAL_IncTick
 .text.HAL_GetTick
                0x0000000008001bc4       0x14 ./Drivers/STM32F4xx_HAL_Driver/Src/stm32f4xx_hal.o
                0x0000000008001bc4                HAL_GetTick
 .text.HAL_Delay
                0x0000000008001bd8       0x48 ./Drivers/STM32F4xx_HAL_Driver/Src/stm32f4xx_hal.o
                0x0000000008001bd8                HAL_Delay
 .text.__NVIC_SetPriorityGrouping
                0x0000000008001c20       0x48 ./Drivers/STM32F4xx_HAL_Driver/Src/stm32f4xx_hal_cortex.o
 .text.__NVIC_GetPriorityGrouping
                0x0000000008001c68       0x1c ./Drivers/STM32F4xx_HAL_Driver/Src/stm32f4xx_hal_cortex.o
 .text.__NVIC_EnableIRQ
                0x0000000008001c84       0x38 ./Drivers/STM32F4xx_HAL_Driver/Src/stm32f4xx_hal_cortex.o
 .text.__NVIC_SetPriority
                0x0000000008001cbc       0x54 ./Drivers/STM32F4xx_HAL_Driver/Src/stm32f4xx_hal_cortex.o
 .text.NVIC_EncodePriority
                0x0000000008001d10       0x64 ./Drivers/STM32F4xx_HAL_Driver/Src/stm32f4xx_hal_cortex.o
 .text.SysTick_Config
                0x0000000008001d74       0x44 ./Drivers/STM32F4xx_HAL_Driver/Src/stm32f4xx_hal_cortex.o
 .text.HAL_NVIC_SetPriorityGrouping
                0x0000000008001db8       0x16 ./Drivers/STM32F4xx_HAL_Driver/Src/stm32f4xx_hal_cortex.o
                0x0000000008001db8                HAL_NVIC_SetPriorityGrouping
 .text.HAL_NVIC_SetPriority
                0x0000000008001dce       0x38 ./Drivers/STM32F4xx_HAL_Driver/Src/stm32f4xx_hal_cortex.o
                0x0000000008001dce                HAL_NVIC_SetPriority
 .text.HAL_NVIC_EnableIRQ
                0x0000000008001e06       0x1c ./Drivers/STM32F4xx_HAL_Driver/Src/stm32f4xx_hal_cortex.o
                0x0000000008001e06                HAL_NVIC_EnableIRQ
 .text.HAL_SYSTICK_Config
                0x0000000008001e22       0x18 ./Drivers/STM32F4xx_HAL_Driver/Src/stm32f4xx_hal_cortex.o
                0x0000000008001e22                HAL_SYSTICK_Config
 .text.HAL_CRC_Init
                0x0000000008001e3a       0x38 ./Drivers/STM32F4xx_HAL_Driver/Src/stm32f4xx_hal_crc.o
                0x0000000008001e3a                HAL_CRC_Init
 *fill*         0x0000000008001e72        0x2 
 .text.HAL_GPIO_Init
                0x0000000008001e74      0x304 ./Drivers/STM32F4xx_HAL_Driver/Src/stm32f4xx_hal_gpio.o
                0x0000000008001e74                HAL_GPIO_Init
 .text.HAL_GPIO_WritePin
                0x0000000008002178       0x30 ./Drivers/STM32F4xx_HAL_Driver/Src/stm32f4xx_hal_gpio.o
                0x0000000008002178                HAL_GPIO_WritePin
 .text.HAL_GPIO_TogglePin
                0x00000000080021a8       0x32 ./Drivers/STM32F4xx_HAL_Driver/Src/stm32f4xx_hal_gpio.o
                0x00000000080021a8                HAL_GPIO_TogglePin
 *fill*         0x00000000080021da        0x2 
 .text.HAL_GPIO_EXTI_IRQHandler
                0x00000000080021dc       0x30 ./Drivers/STM32F4xx_HAL_Driver/Src/stm32f4xx_hal_gpio.o
                0x00000000080021dc                HAL_GPIO_EXTI_IRQHandler
 .text.HAL_GPIO_EXTI_Callback
                0x000000000800220c       0x14 ./Drivers/STM32F4xx_HAL_Driver/Src/stm32f4xx_hal_gpio.o
                0x000000000800220c                HAL_GPIO_EXTI_Callback
 .text.HAL_RCC_OscConfig
                0x0000000008002220      0x4f0 ./Drivers/STM32F4xx_HAL_Driver/Src/stm32f4xx_hal_rcc.o
                0x0000000008002220                HAL_RCC_OscConfig
 .text.HAL_RCC_ClockConfig
                0x0000000008002710      0x1cc ./Drivers/STM32F4xx_HAL_Driver/Src/stm32f4xx_hal_rcc.o
                0x0000000008002710                HAL_RCC_ClockConfig
 .text.HAL_RCC_GetSysClockFreq
                0x00000000080028dc      0x18c ./Drivers/STM32F4xx_HAL_Driver/Src/stm32f4xx_hal_rcc.o
                0x00000000080028dc                HAL_RCC_GetSysClockFreq
 .text.HAL_RCC_GetHCLKFreq
                0x0000000008002a68       0x14 ./Drivers/STM32F4xx_HAL_Driver/Src/stm32f4xx_hal_rcc.o
                0x0000000008002a68                HAL_RCC_GetHCLKFreq
 .text.HAL_RCC_GetPCLK1Freq
                0x0000000008002a7c       0x28 ./Drivers/STM32F4xx_HAL_Driver/Src/stm32f4xx_hal_rcc.o
                0x0000000008002a7c                HAL_RCC_GetPCLK1Freq
 .text.HAL_RCC_GetPCLK2Freq
                0x0000000008002aa4       0x28 ./Drivers/STM32F4xx_HAL_Driver/Src/stm32f4xx_hal_rcc.o
                0x0000000008002aa4                HAL_RCC_GetPCLK2Freq
 .text.HAL_SPI_Init
                0x0000000008002acc      0x112 ./Drivers/STM32F4xx_HAL_Driver/Src/stm32f4xx_hal_spi.o
                0x0000000008002acc                HAL_SPI_Init
 .text.HAL_SPI_Transmit
                0x0000000008002bde      0x278 ./Drivers/STM32F4xx_HAL_Driver/Src/stm32f4xx_hal_spi.o
                0x0000000008002bde                HAL_SPI_Transmit
 .text.HAL_SPI_Receive
                0x0000000008002e56      0x222 ./Drivers/STM32F4xx_HAL_Driver/Src/stm32f4xx_hal_spi.o
                0x0000000008002e56                HAL_SPI_Receive
 .text.HAL_SPI_TransmitReceive
                0x0000000008003078      0x344 ./Drivers/STM32F4xx_HAL_Driver/Src/stm32f4xx_hal_spi.o
                0x0000000008003078                HAL_SPI_TransmitReceive
 .text.SPI_WaitFlagStateUntilTimeout
                0x00000000080033bc      0x110 ./Drivers/STM32F4xx_HAL_Driver/Src/stm32f4xx_hal_spi.o
 .text.SPI_EndRxTransaction
                0x00000000080034cc       0xca ./Drivers/STM32F4xx_HAL_Driver/Src/stm32f4xx_hal_spi.o
 *fill*         0x0000000008003596        0x2 
 .text.SPI_EndRxTxTransaction
                0x0000000008003598       0x84 ./Drivers/STM32F4xx_HAL_Driver/Src/stm32f4xx_hal_spi.o
 .text.HAL_TIM_Base_Init
                0x000000000800361c       0x9e ./Drivers/STM32F4xx_HAL_Driver/Src/stm32f4xx_hal_tim.o
                0x000000000800361c                HAL_TIM_Base_Init
 *fill*         0x00000000080036ba        0x2 
 .text.HAL_TIM_Base_Start
                0x00000000080036bc       0xb0 ./Drivers/STM32F4xx_HAL_Driver/Src/stm32f4xx_hal_tim.o
                0x00000000080036bc                HAL_TIM_Base_Start
 .text.HAL_TIM_PWM_Init
                0x000000000800376c       0x9e ./Drivers/STM32F4xx_HAL_Driver/Src/stm32f4xx_hal_tim.o
                0x000000000800376c                HAL_TIM_PWM_Init
 *fill*         0x000000000800380a        0x2 
 .text.HAL_TIM_PWM_Start
                0x000000000800380c      0x160 ./Drivers/STM32F4xx_HAL_Driver/Src/stm32f4xx_hal_tim.o
                0x000000000800380c                HAL_TIM_PWM_Start
 .text.HAL_TIM_PWM_Stop
                0x000000000800396c       0xc8 ./Drivers/STM32F4xx_HAL_Driver/Src/stm32f4xx_hal_tim.o
                0x000000000800396c                HAL_TIM_PWM_Stop
 .text.HAL_TIM_IC_Init
                0x0000000008003a34       0x9e ./Drivers/STM32F4xx_HAL_Driver/Src/stm32f4xx_hal_tim.o
                0x0000000008003a34                HAL_TIM_IC_Init
 .text.HAL_TIM_IC_MspInit
                0x0000000008003ad2       0x12 ./Drivers/STM32F4xx_HAL_Driver/Src/stm32f4xx_hal_tim.o
                0x0000000008003ad2                HAL_TIM_IC_MspInit
 .text.HAL_TIM_IC_Start_IT
                0x0000000008003ae4      0x234 ./Drivers/STM32F4xx_HAL_Driver/Src/stm32f4xx_hal_tim.o
                0x0000000008003ae4                HAL_TIM_IC_Start_IT
 .text.HAL_TIM_IRQHandler
                0x0000000008003d18      0x210 ./Drivers/STM32F4xx_HAL_Driver/Src/stm32f4xx_hal_tim.o
                0x0000000008003d18                HAL_TIM_IRQHandler
 .text.HAL_TIM_IC_ConfigChannel
                0x0000000008003f28      0x138 ./Drivers/STM32F4xx_HAL_Driver/Src/stm32f4xx_hal_tim.o
                0x0000000008003f28                HAL_TIM_IC_ConfigChannel
 .text.HAL_TIM_PWM_ConfigChannel
                0x0000000008004060      0x184 ./Drivers/STM32F4xx_HAL_Driver/Src/stm32f4xx_hal_tim.o
                0x0000000008004060                HAL_TIM_PWM_ConfigChannel
 .text.HAL_TIM_ConfigClockSource
                0x00000000080041e4      0x18e ./Drivers/STM32F4xx_HAL_Driver/Src/stm32f4xx_hal_tim.o
                0x00000000080041e4                HAL_TIM_ConfigClockSource
 .text.HAL_TIM_SlaveConfigSynchro
                0x0000000008004372       0x84 ./Drivers/STM32F4xx_HAL_Driver/Src/stm32f4xx_hal_tim.o
                0x0000000008004372                HAL_TIM_SlaveConfigSynchro
 *fill*         0x00000000080043f6        0x2 
 .text.HAL_TIM_ReadCapturedValue
                0x00000000080043f8       0x88 ./Drivers/STM32F4xx_HAL_Driver/Src/stm32f4xx_hal_tim.o
                0x00000000080043f8                HAL_TIM_ReadCapturedValue
 .text.HAL_TIM_PeriodElapsedCallback
                0x0000000008004480       0x12 ./Drivers/STM32F4xx_HAL_Driver/Src/stm32f4xx_hal_tim.o
                0x0000000008004480                HAL_TIM_PeriodElapsedCallback
 .text.HAL_TIM_OC_DelayElapsedCallback
                0x0000000008004492       0x12 ./Drivers/STM32F4xx_HAL_Driver/Src/stm32f4xx_hal_tim.o
                0x0000000008004492                HAL_TIM_OC_DelayElapsedCallback
 .text.HAL_TIM_PWM_PulseFinishedCallback
                0x00000000080044a4       0x12 ./Drivers/STM32F4xx_HAL_Driver/Src/stm32f4xx_hal_tim.o
                0x00000000080044a4                HAL_TIM_PWM_PulseFinishedCallback
 .text.HAL_TIM_TriggerCallback
                0x00000000080044b6       0x12 ./Drivers/STM32F4xx_HAL_Driver/Src/stm32f4xx_hal_tim.o
                0x00000000080044b6                HAL_TIM_TriggerCallback
 .text.HAL_TIM_GetActiveChannel
                0x00000000080044c8       0x16 ./Drivers/STM32F4xx_HAL_Driver/Src/stm32f4xx_hal_tim.o
                0x00000000080044c8                HAL_TIM_GetActiveChannel
 *fill*         0x00000000080044de        0x2 
 .text.TIM_Base_SetConfig
                0x00000000080044e0       0xfc ./Drivers/STM32F4xx_HAL_Driver/Src/stm32f4xx_hal_tim.o
                0x00000000080044e0                TIM_Base_SetConfig
 .text.TIM_OC1_SetConfig
                0x00000000080045dc       0xcc ./Drivers/STM32F4xx_HAL_Driver/Src/stm32f4xx_hal_tim.o
 .text.TIM_OC2_SetConfig
                0x00000000080046a8       0xd4 ./Drivers/STM32F4xx_HAL_Driver/Src/stm32f4xx_hal_tim.o
                0x00000000080046a8                TIM_OC2_SetConfig
 .text.TIM_OC3_SetConfig
                0x000000000800477c       0xd4 ./Drivers/STM32F4xx_HAL_Driver/Src/stm32f4xx_hal_tim.o
 .text.TIM_OC4_SetConfig
                0x0000000008004850       0x9c ./Drivers/STM32F4xx_HAL_Driver/Src/stm32f4xx_hal_tim.o
 .text.TIM_SlaveTimer_SetConfig
                0x00000000080048ec      0x122 ./Drivers/STM32F4xx_HAL_Driver/Src/stm32f4xx_hal_tim.o
 *fill*         0x0000000008004a0e        0x2 
 .text.TIM_TI1_SetConfig
                0x0000000008004a10       0xcc ./Drivers/STM32F4xx_HAL_Driver/Src/stm32f4xx_hal_tim.o
                0x0000000008004a10                TIM_TI1_SetConfig
 .text.TIM_TI1_ConfigInputStage
                0x0000000008004adc       0x5c ./Drivers/STM32F4xx_HAL_Driver/Src/stm32f4xx_hal_tim.o
 .text.TIM_TI2_SetConfig
                0x0000000008004b38       0x78 ./Drivers/STM32F4xx_HAL_Driver/Src/stm32f4xx_hal_tim.o
 .text.TIM_TI2_ConfigInputStage
                0x0000000008004bb0       0x5e ./Drivers/STM32F4xx_HAL_Driver/Src/stm32f4xx_hal_tim.o
 .text.TIM_TI3_SetConfig
                0x0000000008004c0e       0x76 ./Drivers/STM32F4xx_HAL_Driver/Src/stm32f4xx_hal_tim.o
 .text.TIM_TI4_SetConfig
                0x0000000008004c84       0x78 ./Drivers/STM32F4xx_HAL_Driver/Src/stm32f4xx_hal_tim.o
 .text.TIM_ITRx_SetConfig
                0x0000000008004cfc       0x34 ./Drivers/STM32F4xx_HAL_Driver/Src/stm32f4xx_hal_tim.o
 .text.TIM_ETR_SetConfig
                0x0000000008004d30       0x3e ./Drivers/STM32F4xx_HAL_Driver/Src/stm32f4xx_hal_tim.o
                0x0000000008004d30                TIM_ETR_SetConfig
 .text.TIM_CCxChannelCmd
                0x0000000008004d6e       0x48 ./Drivers/STM32F4xx_HAL_Driver/Src/stm32f4xx_hal_tim.o
                0x0000000008004d6e                TIM_CCxChannelCmd
 *fill*         0x0000000008004db6        0x2 
 .text.HAL_TIMEx_MasterConfigSynchronization
                0x0000000008004db8       0xd8 ./Drivers/STM32F4xx_HAL_Driver/Src/stm32f4xx_hal_tim_ex.o
                0x0000000008004db8                HAL_TIMEx_MasterConfigSynchronization
 .text.HAL_TIMEx_ConfigBreakDeadTime
                0x0000000008004e90       0xa2 ./Drivers/STM32F4xx_HAL_Driver/Src/stm32f4xx_hal_tim_ex.o
                0x0000000008004e90                HAL_TIMEx_ConfigBreakDeadTime
 .text.HAL_TIMEx_CommutCallback
                0x0000000008004f32       0x12 ./Drivers/STM32F4xx_HAL_Driver/Src/stm32f4xx_hal_tim_ex.o
                0x0000000008004f32                HAL_TIMEx_CommutCallback
 .text.HAL_TIMEx_BreakCallback
                0x0000000008004f44       0x12 ./Drivers/STM32F4xx_HAL_Driver/Src/stm32f4xx_hal_tim_ex.o
                0x0000000008004f44                HAL_TIMEx_BreakCallback
 .text.HAL_UART_Init
                0x0000000008004f56       0x9a ./Drivers/STM32F4xx_HAL_Driver/Src/stm32f4xx_hal_uart.o
                0x0000000008004f56                HAL_UART_Init
 .text.UART_SetConfig
                0x0000000008004ff0      0x4f8 ./Drivers/STM32F4xx_HAL_Driver/Src/stm32f4xx_hal_uart.o
 .text.__libc_init_array
                0x00000000080054e8       0x48 c:/st/stm32cubeide_1.11.0/stm32cubeide/plugins/com.st.stm32cube.ide.mcu.externaltools.gnu-tools-for-stm32.10.3-2021.10.win32_1.0.100.202210260954/tools/bin/../lib/gcc/arm-none-eabi/10.3.1/../../../../arm-none-eabi/lib/thumb/v7e-m/nofp\libc_nano.a(lib_a-init.o)
                0x00000000080054e8                __libc_init_array
 .text.memcpy   0x0000000008005530       0x1c c:/st/stm32cubeide_1.11.0/stm32cubeide/plugins/com.st.stm32cube.ide.mcu.externaltools.gnu-tools-for-stm32.10.3-2021.10.win32_1.0.100.202210260954/tools/bin/../lib/gcc/arm-none-eabi/10.3.1/../../../../arm-none-eabi/lib/thumb/v7e-m/nofp\libc_nano.a(lib_a-memcpy-stub.o)
                0x0000000008005530                memcpy
 .text.memset   0x000000000800554c       0x10 c:/st/stm32cubeide_1.11.0/stm32cubeide/plugins/com.st.stm32cube.ide.mcu.externaltools.gnu-tools-for-stm32.10.3-2021.10.win32_1.0.100.202210260954/tools/bin/../lib/gcc/arm-none-eabi/10.3.1/../../../../arm-none-eabi/lib/thumb/v7e-m/nofp\libc_nano.a(lib_a-memset.o)
                0x000000000800554c                memset
 *(.glue_7)
 .glue_7        0x000000000800555c        0x0 linker stubs
 *(.glue_7t)
 .glue_7t       0x000000000800555c        0x0 linker stubs
 *(.eh_frame)
 .eh_frame      0x000000000800555c        0x0 c:/st/stm32cubeide_1.11.0/stm32cubeide/plugins/com.st.stm32cube.ide.mcu.externaltools.gnu-tools-for-stm32.10.3-2021.10.win32_1.0.100.202210260954/tools/bin/../lib/gcc/arm-none-eabi/10.3.1/thumb/v7e-m/nofp/crtbegin.o
 *(.init)
 .init          0x000000000800555c        0x4 c:/st/stm32cubeide_1.11.0/stm32cubeide/plugins/com.st.stm32cube.ide.mcu.externaltools.gnu-tools-for-stm32.10.3-2021.10.win32_1.0.100.202210260954/tools/bin/../lib/gcc/arm-none-eabi/10.3.1/thumb/v7e-m/nofp/crti.o
                0x000000000800555c                _init
 .init          0x0000000008005560        0x8 c:/st/stm32cubeide_1.11.0/stm32cubeide/plugins/com.st.stm32cube.ide.mcu.externaltools.gnu-tools-for-stm32.10.3-2021.10.win32_1.0.100.202210260954/tools/bin/../lib/gcc/arm-none-eabi/10.3.1/thumb/v7e-m/nofp/crtn.o
 *(.fini)
 .fini          0x0000000008005568        0x4 c:/st/stm32cubeide_1.11.0/stm32cubeide/plugins/com.st.stm32cube.ide.mcu.externaltools.gnu-tools-for-stm32.10.3-2021.10.win32_1.0.100.202210260954/tools/bin/../lib/gcc/arm-none-eabi/10.3.1/thumb/v7e-m/nofp/crti.o
                0x0000000008005568                _fini
 .fini          0x000000000800556c        0x8 c:/st/stm32cubeide_1.11.0/stm32cubeide/plugins/com.st.stm32cube.ide.mcu.externaltools.gnu-tools-for-stm32.10.3-2021.10.win32_1.0.100.202210260954/tools/bin/../lib/gcc/arm-none-eabi/10.3.1/thumb/v7e-m/nofp/crtn.o
                0x0000000008005574                . = ALIGN (0x4)
                0x0000000008005574                _etext = .

.vfp11_veneer   0x0000000008005574        0x0
 .vfp11_veneer  0x0000000008005574        0x0 linker stubs

.v4_bx          0x0000000008005574        0x0
 .v4_bx         0x0000000008005574        0x0 linker stubs

.iplt           0x0000000008005574        0x0
 .iplt          0x0000000008005574        0x0 c:/st/stm32cubeide_1.11.0/stm32cubeide/plugins/com.st.stm32cube.ide.mcu.externaltools.gnu-tools-for-stm32.10.3-2021.10.win32_1.0.100.202210260954/tools/bin/../lib/gcc/arm-none-eabi/10.3.1/thumb/v7e-m/nofp/crtbegin.o

.rodata         0x0000000008005574      0x120
                0x0000000008005574                . = ALIGN (0x4)
 *(.rodata)
 .rodata        0x0000000008005574      0x108 ./Core/Src/main.o
 *(.rodata*)
 .rodata.AHBPrescTable
                0x000000000800567c       0x10 ./Core/Src/system_stm32f4xx.o
                0x000000000800567c                AHBPrescTable
 .rodata.APBPrescTable
                0x000000000800568c        0x8 ./Core/Src/system_stm32f4xx.o
                0x000000000800568c                APBPrescTable
                0x0000000008005694                . = ALIGN (0x4)

.ARM.extab      0x0000000008005694        0x0
                0x0000000008005694                . = ALIGN (0x4)
 *(.ARM.extab* .gnu.linkonce.armextab.*)
                0x0000000008005694                . = ALIGN (0x4)

.ARM            0x0000000008005694        0x8
                0x0000000008005694                . = ALIGN (0x4)
                0x0000000008005694                __exidx_start = .
 *(.ARM.exidx*)
 .ARM.exidx     0x0000000008005694        0x8 c:/st/stm32cubeide_1.11.0/stm32cubeide/plugins/com.st.stm32cube.ide.mcu.externaltools.gnu-tools-for-stm32.10.3-2021.10.win32_1.0.100.202210260954/tools/bin/../lib/gcc/arm-none-eabi/10.3.1/thumb/v7e-m/nofp\libgcc.a(_udivmoddi4.o)
                0x000000000800569c                __exidx_end = .
                0x000000000800569c                . = ALIGN (0x4)

.rel.dyn        0x000000000800569c        0x0
 .rel.iplt      0x000000000800569c        0x0 c:/st/stm32cubeide_1.11.0/stm32cubeide/plugins/com.st.stm32cube.ide.mcu.externaltools.gnu-tools-for-stm32.10.3-2021.10.win32_1.0.100.202210260954/tools/bin/../lib/gcc/arm-none-eabi/10.3.1/thumb/v7e-m/nofp/crtbegin.o

.preinit_array  0x000000000800569c        0x0
                0x000000000800569c                . = ALIGN (0x4)
                0x000000000800569c                PROVIDE (__preinit_array_start = .)
 *(.preinit_array*)
                0x000000000800569c                PROVIDE (__preinit_array_end = .)
                0x000000000800569c                . = ALIGN (0x4)

.init_array     0x000000000800569c        0x4
                0x000000000800569c                . = ALIGN (0x4)
                0x000000000800569c                PROVIDE (__init_array_start = .)
 *(SORT_BY_NAME(.init_array.*))
 *(.init_array*)
 .init_array    0x000000000800569c        0x4 c:/st/stm32cubeide_1.11.0/stm32cubeide/plugins/com.st.stm32cube.ide.mcu.externaltools.gnu-tools-for-stm32.10.3-2021.10.win32_1.0.100.202210260954/tools/bin/../lib/gcc/arm-none-eabi/10.3.1/thumb/v7e-m/nofp/crtbegin.o
                0x00000000080056a0                PROVIDE (__init_array_end = .)
                0x00000000080056a0                . = ALIGN (0x4)

.fini_array     0x00000000080056a0        0x4
                0x00000000080056a0                . = ALIGN (0x4)
                [!provide]                        PROVIDE (__fini_array_start = .)
 *(SORT_BY_NAME(.fini_array.*))
 *(.fini_array*)
 .fini_array    0x00000000080056a0        0x4 c:/st/stm32cubeide_1.11.0/stm32cubeide/plugins/com.st.stm32cube.ide.mcu.externaltools.gnu-tools-for-stm32.10.3-2021.10.win32_1.0.100.202210260954/tools/bin/../lib/gcc/arm-none-eabi/10.3.1/thumb/v7e-m/nofp/crtbegin.o
                [!provide]                        PROVIDE (__fini_array_end = .)
                0x00000000080056a4                . = ALIGN (0x4)
                0x00000000080056a4                _sidata = LOADADDR (.data)

.data           0x0000000020000000       0x10 load address 0x00000000080056a4
                0x0000000020000000                . = ALIGN (0x4)
                0x0000000020000000                _sdata = .
 *(.data)
 *(.data*)
 .data.command  0x0000000020000000        0x1 ./Core/Src/main.o
                0x0000000020000000                command
 *fill*         0x0000000020000001        0x3 
 .data.SystemCoreClock
                0x0000000020000004        0x4 ./Core/Src/system_stm32f4xx.o
                0x0000000020000004                SystemCoreClock
 .data.uwTickPrio
                0x0000000020000008        0x4 ./Drivers/STM32F4xx_HAL_Driver/Src/stm32f4xx_hal.o
                0x0000000020000008                uwTickPrio
 .data.uwTickFreq
                0x000000002000000c        0x1 ./Drivers/STM32F4xx_HAL_Driver/Src/stm32f4xx_hal.o
                0x000000002000000c                uwTickFreq
 *(.RamFunc)
 *(.RamFunc*)
                0x0000000020000010                . = ALIGN (0x4)
 *fill*         0x000000002000000d        0x3 
                0x0000000020000010                _edata = .

.igot.plt       0x0000000020000010        0x0 load address 0x00000000080056b4
 .igot.plt      0x0000000020000010        0x0 c:/st/stm32cubeide_1.11.0/stm32cubeide/plugins/com.st.stm32cube.ide.mcu.externaltools.gnu-tools-for-stm32.10.3-2021.10.win32_1.0.100.202210260954/tools/bin/../lib/gcc/arm-none-eabi/10.3.1/thumb/v7e-m/nofp/crtbegin.o
                0x0000000020000010                . = ALIGN (0x4)

.bss            0x0000000020000010      0x5a4 load address 0x00000000080056b4
                0x0000000020000010                _sbss = .
                0x0000000020000010                __bss_start__ = _sbss
 *(.bss)
 .bss           0x0000000020000010       0x1c c:/st/stm32cubeide_1.11.0/stm32cubeide/plugins/com.st.stm32cube.ide.mcu.externaltools.gnu-tools-for-stm32.10.3-2021.10.win32_1.0.100.202210260954/tools/bin/../lib/gcc/arm-none-eabi/10.3.1/thumb/v7e-m/nofp/crtbegin.o
 *(.bss*)
 .bss.received_value
                0x000000002000002c        0x4 ./Core/Src/ir_receiver.o
 .bss.received_bits
                0x0000000020000030        0x4 ./Core/Src/ir_receiver.o
 .bss.hcrc      0x0000000020000034        0x8 ./Core/Src/main.o
                0x0000000020000034                hcrc
 .bss.hspi2     0x000000002000003c       0x58 ./Core/Src/main.o
                0x000000002000003c                hspi2
 .bss.htim1     0x0000000020000094       0x48 ./Core/Src/main.o
                0x0000000020000094                htim1
 .bss.htim2     0x00000000200000dc       0x48 ./Core/Src/main.o
                0x00000000200000dc                htim2
 .bss.htim3     0x0000000020000124       0x48 ./Core/Src/main.o
                0x0000000020000124                htim3
 .bss.huart1    0x000000002000016c       0x44 ./Core/Src/main.o
                0x000000002000016c                huart1
 .bss.lastCommandTime
                0x00000000200001b0        0x4 ./Core/Src/main.o
                0x00000000200001b0                lastCommandTime
 .bss.transmission_step
                0x00000000200001b4        0x4 ./Core/Src/main.o
                0x00000000200001b4                transmission_step
 .bss.hspi_nrf  0x00000000200001b8        0x4 ./Core/Src/nRF24.o
 .bss.addr_p0_backup
                0x00000000200001bc        0x3 ./Core/Src/nRF24.o
 *fill*         0x00000000200001bf        0x1 
 .bss.tx_ring_buffer
                0x00000000200001c0      0x3e8 ./Core/Src/ring_buffer.o
                0x00000000200001c0                tx_ring_buffer
 .bss.tx_head   0x00000000200005a8        0x2 ./Core/Src/ring_buffer.o
                0x00000000200005a8                tx_head
 *fill*         0x00000000200005aa        0x2 
 .bss.tx_size   0x00000000200005ac        0x4 ./Core/Src/ring_buffer.o
                0x00000000200005ac                tx_size
 .bss.uwTick    0x00000000200005b0        0x4 ./Drivers/STM32F4xx_HAL_Driver/Src/stm32f4xx_hal.o
                0x00000000200005b0                uwTick
 *(COMMON)
                0x00000000200005b4                . = ALIGN (0x4)
                0x00000000200005b4                _ebss = .
                0x00000000200005b4                __bss_end__ = _ebss

._user_heap_stack
                0x00000000200005b4      0x604 load address 0x00000000080056b4
                0x00000000200005b8                . = ALIGN (0x8)
 *fill*         0x00000000200005b4        0x4 
                [!provide]                        PROVIDE (end = .)
                0x00000000200005b8                PROVIDE (_end = .)
                0x00000000200007b8                . = (. + _Min_Heap_Size)
 *fill*         0x00000000200005b8      0x200 
                0x0000000020000bb8                . = (. + _Min_Stack_Size)
 *fill*         0x00000000200007b8      0x400 
                0x0000000020000bb8                . = ALIGN (0x8)

/DISCARD/
 libc.a(*)
 libm.a(*)
 libgcc.a(*)

.ARM.attributes
                0x0000000000000000       0x2a
 *(.ARM.attributes)
 .ARM.attributes
                0x0000000000000000       0x1e c:/st/stm32cubeide_1.11.0/stm32cubeide/plugins/com.st.stm32cube.ide.mcu.externaltools.gnu-tools-for-stm32.10.3-2021.10.win32_1.0.100.202210260954/tools/bin/../lib/gcc/arm-none-eabi/10.3.1/thumb/v7e-m/nofp/crti.o
 .ARM.attributes
                0x000000000000001e       0x2e c:/st/stm32cubeide_1.11.0/stm32cubeide/plugins/com.st.stm32cube.ide.mcu.externaltools.gnu-tools-for-stm32.10.3-2021.10.win32_1.0.100.202210260954/tools/bin/../lib/gcc/arm-none-eabi/10.3.1/thumb/v7e-m/nofp/crtbegin.o
 .ARM.attributes
                0x000000000000004c       0x2e ./Core/Src/ir_receiver.o
 .ARM.attributes
                0x000000000000007a       0x2e ./Core/Src/ir_sender.o
 .ARM.attributes
                0x00000000000000a8       0x2e ./Core/Src/main.o
 .ARM.attributes
                0x00000000000000d6       0x2e ./Core/Src/nRF24.o
 .ARM.attributes
                0x0000000000000104       0x2e ./Core/Src/ring_buffer.o
 .ARM.attributes
                0x0000000000000132       0x2e ./Core/Src/stm32f4xx_hal_msp.o
 .ARM.attributes
                0x0000000000000160       0x2e ./Core/Src/stm32f4xx_it.o
 .ARM.attributes
                0x000000000000018e       0x2e ./Core/Src/system_stm32f4xx.o
 .ARM.attributes
                0x00000000000001bc       0x21 ./Core/Startup/startup_stm32f411ceux.o
 .ARM.attributes
                0x00000000000001dd       0x2e ./Drivers/STM32F4xx_HAL_Driver/Src/stm32f4xx_hal.o
 .ARM.attributes
                0x000000000000020b       0x2e ./Drivers/STM32F4xx_HAL_Driver/Src/stm32f4xx_hal_cortex.o
 .ARM.attributes
                0x0000000000000239       0x2e ./Drivers/STM32F4xx_HAL_Driver/Src/stm32f4xx_hal_crc.o
 .ARM.attributes
                0x0000000000000267       0x2e ./Drivers/STM32F4xx_HAL_Driver/Src/stm32f4xx_hal_gpio.o
 .ARM.attributes
                0x0000000000000295       0x2e ./Drivers/STM32F4xx_HAL_Driver/Src/stm32f4xx_hal_rcc.o
 .ARM.attributes
                0x00000000000002c3       0x2e ./Drivers/STM32F4xx_HAL_Driver/Src/stm32f4xx_hal_spi.o
 .ARM.attributes
                0x00000000000002f1       0x2e ./Drivers/STM32F4xx_HAL_Driver/Src/stm32f4xx_hal_tim.o
 .ARM.attributes
                0x000000000000031f       0x2e ./Drivers/STM32F4xx_HAL_Driver/Src/stm32f4xx_hal_tim_ex.o
 .ARM.attributes
                0x000000000000034d       0x2e ./Drivers/STM32F4xx_HAL_Driver/Src/stm32f4xx_hal_uart.o
 .ARM.attributes
                0x000000000000037b       0x2e c:/st/stm32cubeide_1.11.0/stm32cubeide/plugins/com.st.stm32cube.ide.mcu.externaltools.gnu-tools-for-stm32.10.3-2021.10.win32_1.0.100.202210260954/tools/bin/../lib/gcc/arm-none-eabi/10.3.1/../../../../arm-none-eabi/lib/thumb/v7e-m/nofp\libc_nano.a(lib_a-init.o)
 .ARM.attributes
                0x00000000000003a9       0x2e c:/st/stm32cubeide_1.11.0/stm32cubeide/plugins/com.st.stm32cube.ide.mcu.externaltools.gnu-tools-for-stm32.10.3-2021.10.win32_1.0.100.202210260954/tools/bin/../lib/gcc/arm-none-eabi/10.3.1/../../../../arm-none-eabi/lib/thumb/v7e-m/nofp\libc_nano.a(lib_a-memcpy-stub.o)
 .ARM.attributes
                0x00000000000003d7       0x2e c:/st/stm32cubeide_1.11.0/stm32cubeide/plugins/com.st.stm32cube.ide.mcu.externaltools.gnu-tools-for-stm32.10.3-2021.10.win32_1.0.100.202210260954/tools/bin/../lib/gcc/arm-none-eabi/10.3.1/../../../../arm-none-eabi/lib/thumb/v7e-m/nofp\libc_nano.a(lib_a-memset.o)
 .ARM.attributes
                0x0000000000000405       0x1e c:/st/stm32cubeide_1.11.0/stm32cubeide/plugins/com.st.stm32cube.ide.mcu.externaltools.gnu-tools-for-stm32.10.3-2021.10.win32_1.0.100.202210260954/tools/bin/../lib/gcc/arm-none-eabi/10.3.1/thumb/v7e-m/nofp\libgcc.a(_aeabi_uldivmod.o)
 .ARM.attributes
                0x0000000000000423       0x2e c:/st/stm32cubeide_1.11.0/stm32cubeide/plugins/com.st.stm32cube.ide.mcu.externaltools.gnu-tools-for-stm32.10.3-2021.10.win32_1.0.100.202210260954/tools/bin/../lib/gcc/arm-none-eabi/10.3.1/thumb/v7e-m/nofp\libgcc.a(_udivmoddi4.o)
 .ARM.attributes
                0x0000000000000451       0x1e c:/st/stm32cubeide_1.11.0/stm32cubeide/plugins/com.st.stm32cube.ide.mcu.externaltools.gnu-tools-for-stm32.10.3-2021.10.win32_1.0.100.202210260954/tools/bin/../lib/gcc/arm-none-eabi/10.3.1/thumb/v7e-m/nofp\libgcc.a(_dvmd_tls.o)
 .ARM.attributes
                0x000000000000046f       0x1e c:/st/stm32cubeide_1.11.0/stm32cubeide/plugins/com.st.stm32cube.ide.mcu.externaltools.gnu-tools-for-stm32.10.3-2021.10.win32_1.0.100.202210260954/tools/bin/../lib/gcc/arm-none-eabi/10.3.1/thumb/v7e-m/nofp/crtn.o
OUTPUT(Device_B.elf elf32-littlearm)
LOAD linker stubs
LOAD c:/st/stm32cubeide_1.11.0/stm32cubeide/plugins/com.st.stm32cube.ide.mcu.externaltools.gnu-tools-for-stm32.10.3-2021.10.win32_1.0.100.202210260954/tools/bin/../lib/gcc/arm-none-eabi/10.3.1/../../../../arm-none-eabi/lib/thumb/v7e-m/nofp\libc.a
LOAD c:/st/stm32cubeide_1.11.0/stm32cubeide/plugins/com.st.stm32cube.ide.mcu.externaltools.gnu-tools-for-stm32.10.3-2021.10.win32_1.0.100.202210260954/tools/bin/../lib/gcc/arm-none-eabi/10.3.1/../../../../arm-none-eabi/lib/thumb/v7e-m/nofp\libm.a
LOAD c:/st/stm32cubeide_1.11.0/stm32cubeide/plugins/com.st.stm32cube.ide.mcu.externaltools.gnu-tools-for-stm32.10.3-2021.10.win32_1.0.100.202210260954/tools/bin/../lib/gcc/arm-none-eabi/10.3.1/thumb/v7e-m/nofp\libgcc.a

.debug_info     0x0000000000000000    0x11d1e
 .debug_info    0x0000000000000000      0x80e ./Core/Src/ir_receiver.o
 .debug_info    0x000000000000080e      0x809 ./Core/Src/ir_sender.o
 .debug_info    0x0000000000001017     0x1b73 ./Core/Src/main.o
 .debug_info    0x0000000000002b8a      0xf33 ./Core/Src/nRF24.o
 .debug_info    0x0000000000003abd      0xca4 ./Core/Src/ring_buffer.o
 .debug_info    0x0000000000004761     0x1494 ./Core/Src/stm32f4xx_hal_msp.o
 .debug_info    0x0000000000005bf5      0x78f ./Core/Src/stm32f4xx_it.o
 .debug_info    0x0000000000006384      0x394 ./Core/Src/system_stm32f4xx.o
 .debug_info    0x0000000000006718       0x22 ./Core/Startup/startup_stm32f411ceux.o
 .debug_info    0x000000000000673a      0x90d ./Drivers/STM32F4xx_HAL_Driver/Src/stm32f4xx_hal.o
 .debug_info    0x0000000000007047      0xd8b ./Drivers/STM32F4xx_HAL_Driver/Src/stm32f4xx_hal_cortex.o
 .debug_info    0x0000000000007dd2      0x39f ./Drivers/STM32F4xx_HAL_Driver/Src/stm32f4xx_hal_crc.o
 .debug_info    0x0000000000008171      0x78e ./Drivers/STM32F4xx_HAL_Driver/Src/stm32f4xx_hal_gpio.o
 .debug_info    0x00000000000088ff      0x98d ./Drivers/STM32F4xx_HAL_Driver/Src/stm32f4xx_hal_rcc.o
 .debug_info    0x000000000000928c     0x1750 ./Drivers/STM32F4xx_HAL_Driver/Src/stm32f4xx_hal_spi.o
 .debug_info    0x000000000000a9dc     0x2bb6 ./Drivers/STM32F4xx_HAL_Driver/Src/stm32f4xx_hal_tim.o
 .debug_info    0x000000000000d592     0x15d8 ./Drivers/STM32F4xx_HAL_Driver/Src/stm32f4xx_hal_tim_ex.o
 .debug_info    0x000000000000eb6a     0x31b4 ./Drivers/STM32F4xx_HAL_Driver/Src/stm32f4xx_hal_uart.o

.debug_abbrev   0x0000000000000000     0x26c9
 .debug_abbrev  0x0000000000000000      0x1fc ./Core/Src/ir_receiver.o
 .debug_abbrev  0x00000000000001fc      0x1e9 ./Core/Src/ir_sender.o
 .debug_abbrev  0x00000000000003e5      0x2dc ./Core/Src/main.o
 .debug_abbrev  0x00000000000006c1      0x2c8 ./Core/Src/nRF24.o
 .debug_abbrev  0x0000000000000989      0x2a4 ./Core/Src/ring_buffer.o
 .debug_abbrev  0x0000000000000c2d      0x242 ./Core/Src/stm32f4xx_hal_msp.o
 .debug_abbrev  0x0000000000000e6f      0x1aa ./Core/Src/stm32f4xx_it.o
 .debug_abbrev  0x0000000000001019      0x116 ./Core/Src/system_stm32f4xx.o
 .debug_abbrev  0x000000000000112f       0x12 ./Core/Startup/startup_stm32f411ceux.o
 .debug_abbrev  0x0000000000001141      0x23e ./Drivers/STM32F4xx_HAL_Driver/Src/stm32f4xx_hal.o
 .debug_abbrev  0x000000000000137f      0x316 ./Drivers/STM32F4xx_HAL_Driver/Src/stm32f4xx_hal_cortex.o
 .debug_abbrev  0x0000000000001695      0x16f ./Drivers/STM32F4xx_HAL_Driver/Src/stm32f4xx_hal_crc.o
 .debug_abbrev  0x0000000000001804      0x1c4 ./Drivers/STM32F4xx_HAL_Driver/Src/stm32f4xx_hal_gpio.o
 .debug_abbrev  0x00000000000019c8      0x2aa ./Drivers/STM32F4xx_HAL_Driver/Src/stm32f4xx_hal_rcc.o
 .debug_abbrev  0x0000000000001c72      0x26e ./Drivers/STM32F4xx_HAL_Driver/Src/stm32f4xx_hal_spi.o
 .debug_abbrev  0x0000000000001ee0      0x26e ./Drivers/STM32F4xx_HAL_Driver/Src/stm32f4xx_hal_tim.o
 .debug_abbrev  0x000000000000214e      0x276 ./Drivers/STM32F4xx_HAL_Driver/Src/stm32f4xx_hal_tim_ex.o
 .debug_abbrev  0x00000000000023c4      0x305 ./Drivers/STM32F4xx_HAL_Driver/Src/stm32f4xx_hal_uart.o

.debug_aranges  0x0000000000000000     0x1010
 .debug_aranges
                0x0000000000000000       0x40 ./Core/Src/ir_receiver.o
 .debug_aranges
                0x0000000000000040       0x38 ./Core/Src/ir_sender.o
 .debug_aranges
                0x0000000000000078       0x70 ./Core/Src/main.o
 .debug_aranges
                0x00000000000000e8      0x150 ./Core/Src/nRF24.o
 .debug_aranges
                0x0000000000000238       0x58 ./Core/Src/ring_buffer.o
 .debug_aranges
                0x0000000000000290       0x78 ./Core/Src/stm32f4xx_hal_msp.o
 .debug_aranges
                0x0000000000000308       0x78 ./Core/Src/stm32f4xx_it.o
 .debug_aranges
                0x0000000000000380       0x28 ./Core/Src/system_stm32f4xx.o
 .debug_aranges
                0x00000000000003a8       0x28 ./Core/Startup/startup_stm32f411ceux.o
 .debug_aranges
                0x00000000000003d0       0xf0 ./Drivers/STM32F4xx_HAL_Driver/Src/stm32f4xx_hal.o
 .debug_aranges
                0x00000000000004c0      0x118 ./Drivers/STM32F4xx_HAL_Driver/Src/stm32f4xx_hal_cortex.o
 .debug_aranges
                0x00000000000005d8       0x50 ./Drivers/STM32F4xx_HAL_Driver/Src/stm32f4xx_hal_crc.o
 .debug_aranges
                0x0000000000000628       0x58 ./Drivers/STM32F4xx_HAL_Driver/Src/stm32f4xx_hal_gpio.o
 .debug_aranges
                0x0000000000000680       0x88 ./Drivers/STM32F4xx_HAL_Driver/Src/stm32f4xx_hal_rcc.o
 .debug_aranges
                0x0000000000000708      0x1d0 ./Drivers/STM32F4xx_HAL_Driver/Src/stm32f4xx_hal_spi.o
 .debug_aranges
                0x00000000000008d8      0x3d0 ./Drivers/STM32F4xx_HAL_Driver/Src/stm32f4xx_hal_tim.o
 .debug_aranges
                0x0000000000000ca8      0x168 ./Drivers/STM32F4xx_HAL_Driver/Src/stm32f4xx_hal_tim_ex.o
 .debug_aranges
                0x0000000000000e10      0x200 ./Drivers/STM32F4xx_HAL_Driver/Src/stm32f4xx_hal_uart.o

.debug_ranges   0x0000000000000000      0xf28
 .debug_ranges  0x0000000000000000       0x30 ./Core/Src/ir_receiver.o
 .debug_ranges  0x0000000000000030       0x28 ./Core/Src/ir_sender.o
 .debug_ranges  0x0000000000000058       0x60 ./Core/Src/main.o
 .debug_ranges  0x00000000000000b8      0x140 ./Core/Src/nRF24.o
 .debug_ranges  0x00000000000001f8       0x48 ./Core/Src/ring_buffer.o
 .debug_ranges  0x0000000000000240       0x68 ./Core/Src/stm32f4xx_hal_msp.o
 .debug_ranges  0x00000000000002a8       0x68 ./Core/Src/stm32f4xx_it.o
 .debug_ranges  0x0000000000000310       0x18 ./Core/Src/system_stm32f4xx.o
 .debug_ranges  0x0000000000000328       0x20 ./Core/Startup/startup_stm32f411ceux.o
 .debug_ranges  0x0000000000000348       0xe0 ./Drivers/STM32F4xx_HAL_Driver/Src/stm32f4xx_hal.o
 .debug_ranges  0x0000000000000428      0x108 ./Drivers/STM32F4xx_HAL_Driver/Src/stm32f4xx_hal_cortex.o
 .debug_ranges  0x0000000000000530       0x40 ./Drivers/STM32F4xx_HAL_Driver/Src/stm32f4xx_hal_crc.o
 .debug_ranges  0x0000000000000570       0x48 ./Drivers/STM32F4xx_HAL_Driver/Src/stm32f4xx_hal_gpio.o
 .debug_ranges  0x00000000000005b8       0x78 ./Drivers/STM32F4xx_HAL_Driver/Src/stm32f4xx_hal_rcc.o
 .debug_ranges  0x0000000000000630      0x1c0 ./Drivers/STM32F4xx_HAL_Driver/Src/stm32f4xx_hal_spi.o
 .debug_ranges  0x00000000000007f0      0x3c0 ./Drivers/STM32F4xx_HAL_Driver/Src/stm32f4xx_hal_tim.o
 .debug_ranges  0x0000000000000bb0      0x158 ./Drivers/STM32F4xx_HAL_Driver/Src/stm32f4xx_hal_tim_ex.o
 .debug_ranges  0x0000000000000d08      0x220 ./Drivers/STM32F4xx_HAL_Driver/Src/stm32f4xx_hal_uart.o

.debug_macro    0x0000000000000000    0x18344
 .debug_macro   0x0000000000000000      0x1f6 ./Core/Src/ir_receiver.o
 .debug_macro   0x00000000000001f6      0xa6c ./Core/Src/ir_receiver.o
 .debug_macro   0x0000000000000c62       0x2e ./Core/Src/ir_receiver.o
 .debug_macro   0x0000000000000c90       0x28 ./Core/Src/ir_receiver.o
 .debug_macro   0x0000000000000cb8       0x22 ./Core/Src/ir_receiver.o
 .debug_macro   0x0000000000000cda       0x8e ./Core/Src/ir_receiver.o
 .debug_macro   0x0000000000000d68       0x51 ./Core/Src/ir_receiver.o
 .debug_macro   0x0000000000000db9      0x103 ./Core/Src/ir_receiver.o
 .debug_macro   0x0000000000000ebc       0x6a ./Core/Src/ir_receiver.o
 .debug_macro   0x0000000000000f26      0x1df ./Core/Src/ir_receiver.o
 .debug_macro   0x0000000000001105       0x1c ./Core/Src/ir_receiver.o
 .debug_macro   0x0000000000001121       0x22 ./Core/Src/ir_receiver.o
 .debug_macro   0x0000000000001143       0xd9 ./Core/Src/ir_receiver.o
 .debug_macro   0x000000000000121c     0x102d ./Core/Src/ir_receiver.o
 .debug_macro   0x0000000000002249      0x11f ./Core/Src/ir_receiver.o
 .debug_macro   0x0000000000002368     0xb953 ./Core/Src/ir_receiver.o
 .debug_macro   0x000000000000dcbb       0x6d ./Core/Src/ir_receiver.o
 .debug_macro   0x000000000000dd28      0x2a7 ./Core/Src/ir_receiver.o
 .debug_macro   0x000000000000dfcf     0x367e ./Core/Src/ir_receiver.o
 .debug_macro   0x000000000001164d      0x174 ./Core/Src/ir_receiver.o
 .debug_macro   0x00000000000117c1       0x5c ./Core/Src/ir_receiver.o
 .debug_macro   0x000000000001181d      0x447 ./Core/Src/ir_receiver.o
 .debug_macro   0x0000000000011c64      0x9fe ./Core/Src/ir_receiver.o
 .debug_macro   0x0000000000012662      0x115 ./Core/Src/ir_receiver.o
 .debug_macro   0x0000000000012777      0x11b ./Core/Src/ir_receiver.o
 .debug_macro   0x0000000000012892       0xa5 ./Core/Src/ir_receiver.o
 .debug_macro   0x0000000000012937      0x15f ./Core/Src/ir_receiver.o
 .debug_macro   0x0000000000012a96      0x287 ./Core/Src/ir_receiver.o
 .debug_macro   0x0000000000012d1d       0x5f ./Core/Src/ir_receiver.o
 .debug_macro   0x0000000000012d7c      0x236 ./Core/Src/ir_receiver.o
 .debug_macro   0x0000000000012fb2       0x22 ./Core/Src/ir_receiver.o
 .debug_macro   0x0000000000012fd4      0x132 ./Core/Src/ir_receiver.o
 .debug_macro   0x0000000000013106      0x264 ./Core/Src/ir_receiver.o
 .debug_macro   0x000000000001336a       0x2e ./Core/Src/ir_receiver.o
 .debug_macro   0x0000000000013398      0x11a ./Core/Src/ir_receiver.o
 .debug_macro   0x00000000000134b2       0x85 ./Core/Src/ir_receiver.o
 .debug_macro   0x0000000000013537       0x89 ./Core/Src/ir_receiver.o
 .debug_macro   0x00000000000135c0      0x225 ./Core/Src/ir_receiver.o
 .debug_macro   0x00000000000137e5      0x8e6 ./Core/Src/ir_receiver.o
 .debug_macro   0x00000000000140cb       0x47 ./Core/Src/ir_receiver.o
 .debug_macro   0x0000000000014112      0x295 ./Core/Src/ir_receiver.o
 .debug_macro   0x00000000000143a7      0x126 ./Core/Src/ir_receiver.o
 .debug_macro   0x00000000000144cd      0x1f5 ./Core/Src/ir_sender.o
 .debug_macro   0x00000000000146c2       0x22 ./Core/Src/ir_sender.o
 .debug_macro   0x00000000000146e4      0x690 ./Core/Src/main.o
 .debug_macro   0x0000000000014d74       0x52 ./Core/Src/main.o
 .debug_macro   0x0000000000014dc6       0x18 ./Core/Src/main.o
 .debug_macro   0x0000000000014dde       0x3c ./Core/Src/main.o
 .debug_macro   0x0000000000014e1a       0x34 ./Core/Src/main.o
 .debug_macro   0x0000000000014e4e       0x16 ./Core/Src/main.o
 .debug_macro   0x0000000000014e64       0x43 ./Core/Src/main.o
 .debug_macro   0x0000000000014ea7       0x34 ./Core/Src/main.o
 .debug_macro   0x0000000000014edb       0x10 ./Core/Src/main.o
 .debug_macro   0x0000000000014eeb       0x58 ./Core/Src/main.o
 .debug_macro   0x0000000000014f43       0x71 ./Core/Src/main.o
 .debug_macro   0x0000000000014fb4       0x1c ./Core/Src/main.o
 .debug_macro   0x0000000000014fd0      0x12a ./Core/Src/main.o
 .debug_macro   0x00000000000150fa      0x341 ./Core/Src/main.o
 .debug_macro   0x000000000001543b       0x10 ./Core/Src/main.o
 .debug_macro   0x000000000001544b       0x35 ./Core/Src/main.o
 .debug_macro   0x0000000000015480       0x20 ./Core/Src/main.o
 .debug_macro   0x00000000000154a0       0x3a ./Core/Src/main.o
 .debug_macro   0x00000000000154da      0x147 ./Core/Src/main.o
 .debug_macro   0x0000000000015621       0x42 ./Core/Src/main.o
 .debug_macro   0x0000000000015663       0x16 ./Core/Src/main.o
 .debug_macro   0x0000000000015679       0x16 ./Core/Src/main.o
 .debug_macro   0x000000000001568f       0x29 ./Core/Src/main.o
 .debug_macro   0x00000000000156b8       0x78 ./Core/Src/main.o
 .debug_macro   0x0000000000015730      0x214 ./Core/Src/main.o
 .debug_macro   0x0000000000015944       0x82 ./Core/Src/main.o
 .debug_macro   0x00000000000159c6       0x6d ./Core/Src/main.o
 .debug_macro   0x0000000000015a33       0x3a ./Core/Src/main.o
 .debug_macro   0x0000000000015a6d       0x16 ./Core/Src/main.o
 .debug_macro   0x0000000000015a83       0x16 ./Core/Src/main.o
 .debug_macro   0x0000000000015a99       0x16 ./Core/Src/main.o
 .debug_macro   0x0000000000015aaf       0x10 ./Core/Src/main.o
 .debug_macro   0x0000000000015abf       0x10 ./Core/Src/main.o
 .debug_macro   0x0000000000015acf       0x10 ./Core/Src/main.o
 .debug_macro   0x0000000000015adf       0x10 ./Core/Src/main.o
 .debug_macro   0x0000000000015aef       0x10 ./Core/Src/main.o
 .debug_macro   0x0000000000015aff       0x10 ./Core/Src/main.o
 .debug_macro   0x0000000000015b0f       0x34 ./Core/Src/main.o
 .debug_macro   0x0000000000015b43       0x10 ./Core/Src/main.o
 .debug_macro   0x0000000000015b53       0x3a ./Core/Src/main.o
 .debug_macro   0x0000000000015b8d       0x16 ./Core/Src/main.o
 .debug_macro   0x0000000000015ba3       0x1c ./Core/Src/main.o
 .debug_macro   0x0000000000015bbf       0x1c ./Core/Src/main.o
 .debug_macro   0x0000000000015bdb       0x10 ./Core/Src/main.o
 .debug_macro   0x0000000000015beb       0x10 ./Core/Src/main.o
 .debug_macro   0x0000000000015bfb       0x1c ./Core/Src/main.o
 .debug_macro   0x0000000000015c17       0x52 ./Core/Src/main.o
 .debug_macro   0x0000000000015c69       0x22 ./Core/Src/main.o
 .debug_macro   0x0000000000015c8b       0x10 ./Core/Src/main.o
 .debug_macro   0x0000000000015c9b       0x52 ./Core/Src/main.o
 .debug_macro   0x0000000000015ced       0xd5 ./Core/Src/main.o
 .debug_macro   0x0000000000015dc2       0x1c ./Core/Src/main.o
 .debug_macro   0x0000000000015dde       0x3d ./Core/Src/main.o
 .debug_macro   0x0000000000015e1b       0x16 ./Core/Src/main.o
 .debug_macro   0x0000000000015e31      0x145 ./Core/Src/main.o
 .debug_macro   0x0000000000015f76      0x220 ./Core/Src/main.o
 .debug_macro   0x0000000000016196       0x10 ./Core/Src/main.o
 .debug_macro   0x00000000000161a6      0x2f8 ./Core/Src/nRF24.o
 .debug_macro   0x000000000001649e      0x5af ./Core/Src/ring_buffer.o
 .debug_macro   0x0000000000016a4d      0x2bf ./Core/Src/stm32f4xx_hal_msp.o
 .debug_macro   0x0000000000016d0c      0x2c9 ./Core/Src/stm32f4xx_it.o
 .debug_macro   0x0000000000016fd5      0x1e2 ./Core/Src/system_stm32f4xx.o
 .debug_macro   0x00000000000171b7      0x242 ./Drivers/STM32F4xx_HAL_Driver/Src/stm32f4xx_hal.o
 .debug_macro   0x00000000000173f9      0x1e2 ./Drivers/STM32F4xx_HAL_Driver/Src/stm32f4xx_hal_cortex.o
 .debug_macro   0x00000000000175db      0x1e2 ./Drivers/STM32F4xx_HAL_Driver/Src/stm32f4xx_hal_crc.o
 .debug_macro   0x00000000000177bd      0x1e8 ./Drivers/STM32F4xx_HAL_Driver/Src/stm32f4xx_hal_gpio.o
 .debug_macro   0x00000000000179a5      0x206 ./Drivers/STM32F4xx_HAL_Driver/Src/stm32f4xx_hal_rcc.o
 .debug_macro   0x0000000000017bab      0x1f1 ./Drivers/STM32F4xx_HAL_Driver/Src/stm32f4xx_hal_spi.o
 .debug_macro   0x0000000000017d9c      0x1e3 ./Drivers/STM32F4xx_HAL_Driver/Src/stm32f4xx_hal_tim.o
 .debug_macro   0x0000000000017f7f      0x1e2 ./Drivers/STM32F4xx_HAL_Driver/Src/stm32f4xx_hal_tim_ex.o
 .debug_macro   0x0000000000018161      0x1e3 ./Drivers/STM32F4xx_HAL_Driver/Src/stm32f4xx_hal_uart.o

.debug_line     0x0000000000000000    0x14df2
 .debug_line    0x0000000000000000      0x7cc ./Core/Src/ir_receiver.o
 .debug_line    0x00000000000007cc      0x813 ./Core/Src/ir_sender.o
 .debug_line    0x0000000000000fdf     0x251b ./Core/Src/main.o
 .debug_line    0x00000000000034fa      0xe09 ./Core/Src/nRF24.o
 .debug_line    0x0000000000004303     0x23a7 ./Core/Src/ring_buffer.o
 .debug_line    0x00000000000066aa      0x9fd ./Core/Src/stm32f4xx_hal_msp.o
 .debug_line    0x00000000000070a7      0x95b ./Core/Src/stm32f4xx_it.o
 .debug_line    0x0000000000007a02      0x76e ./Core/Src/system_stm32f4xx.o
 .debug_line    0x0000000000008170       0x88 ./Core/Startup/startup_stm32f411ceux.o
 .debug_line    0x00000000000081f8      0x9d9 ./Drivers/STM32F4xx_HAL_Driver/Src/stm32f4xx_hal.o
 .debug_line    0x0000000000008bd1      0xc88 ./Drivers/STM32F4xx_HAL_Driver/Src/stm32f4xx_hal_cortex.o
 .debug_line    0x0000000000009859      0x838 ./Drivers/STM32F4xx_HAL_Driver/Src/stm32f4xx_hal_crc.o
 .debug_line    0x000000000000a091      0xb11 ./Drivers/STM32F4xx_HAL_Driver/Src/stm32f4xx_hal_gpio.o
 .debug_line    0x000000000000aba2      0xd53 ./Drivers/STM32F4xx_HAL_Driver/Src/stm32f4xx_hal_rcc.o
 .debug_line    0x000000000000b8f5     0x1c63 ./Drivers/STM32F4xx_HAL_Driver/Src/stm32f4xx_hal_spi.o
 .debug_line    0x000000000000d558     0x34aa ./Drivers/STM32F4xx_HAL_Driver/Src/stm32f4xx_hal_tim.o
 .debug_line    0x0000000000010a02     0x1972 ./Drivers/STM32F4xx_HAL_Driver/Src/stm32f4xx_hal_tim_ex.o
 .debug_line    0x0000000000012374     0x2a7e ./Drivers/STM32F4xx_HAL_Driver/Src/stm32f4xx_hal_uart.o

.debug_str      0x0000000000000000    0x92e80
 .debug_str     0x0000000000000000    0x8822e ./Core/Src/ir_receiver.o
                                      0x88562 (size before relaxing)
 .debug_str     0x000000000008822e       0xed ./Core/Src/ir_sender.o
                                      0x8853b (size before relaxing)
 .debug_str     0x000000000008831b     0x790c ./Core/Src/main.o
                                      0x8ffa3 (size before relaxing)
 .debug_str     0x000000000008fc27      0x44e ./Core/Src/nRF24.o
                                      0x8be7b (size before relaxing)
 .debug_str     0x0000000000090075      0x2a2 ./Core/Src/ring_buffer.o
                                      0x8e18e (size before relaxing)
 .debug_str     0x0000000000090317      0x127 ./Core/Src/stm32f4xx_hal_msp.o
                                      0x8bd89 (size before relaxing)
 .debug_str     0x000000000009043e      0x128 ./Core/Src/stm32f4xx_it.o
                                      0x8b417 (size before relaxing)
 .debug_str     0x0000000000090566       0x87 ./Core/Src/system_stm32f4xx.o
                                      0x88062 (size before relaxing)
 .debug_str     0x00000000000905ed       0x36 ./Core/Startup/startup_stm32f411ceux.o
                                         0x6e (size before relaxing)
 .debug_str     0x0000000000090623      0x5f7 ./Drivers/STM32F4xx_HAL_Driver/Src/stm32f4xx_hal.o
                                      0x88ae2 (size before relaxing)
 .debug_str     0x0000000000090c1a      0x377 ./Drivers/STM32F4xx_HAL_Driver/Src/stm32f4xx_hal_cortex.o
                                      0x88803 (size before relaxing)
 .debug_str     0x0000000000090f91       0x9d ./Drivers/STM32F4xx_HAL_Driver/Src/stm32f4xx_hal_crc.o
                                      0x880d2 (size before relaxing)
 .debug_str     0x000000000009102e       0xf0 ./Drivers/STM32F4xx_HAL_Driver/Src/stm32f4xx_hal_gpio.o
                                      0x88231 (size before relaxing)
 .debug_str     0x000000000009111e      0x233 ./Drivers/STM32F4xx_HAL_Driver/Src/stm32f4xx_hal_rcc.o
                                      0x884ea (size before relaxing)
 .debug_str     0x0000000000091351      0x57c ./Drivers/STM32F4xx_HAL_Driver/Src/stm32f4xx_hal_spi.o
                                      0x88968 (size before relaxing)
 .debug_str     0x00000000000918cd      0xbec ./Drivers/STM32F4xx_HAL_Driver/Src/stm32f4xx_hal_tim.o
                                      0x8941e (size before relaxing)
 .debug_str     0x00000000000924b9      0x3e1 ./Drivers/STM32F4xx_HAL_Driver/Src/stm32f4xx_hal_tim_ex.o
                                      0x88c3a (size before relaxing)
 .debug_str     0x000000000009289a      0x5e6 ./Drivers/STM32F4xx_HAL_Driver/Src/stm32f4xx_hal_uart.o
                                      0x88a77 (size before relaxing)

.comment        0x0000000000000000       0x50
 .comment       0x0000000000000000       0x50 ./Core/Src/ir_receiver.o
                                         0x51 (size before relaxing)
 .comment       0x0000000000000050       0x51 ./Core/Src/ir_sender.o
 .comment       0x0000000000000050       0x51 ./Core/Src/main.o
 .comment       0x0000000000000050       0x51 ./Core/Src/nRF24.o
 .comment       0x0000000000000050       0x51 ./Core/Src/ring_buffer.o
 .comment       0x0000000000000050       0x51 ./Core/Src/stm32f4xx_hal_msp.o
 .comment       0x0000000000000050       0x51 ./Core/Src/stm32f4xx_it.o
 .comment       0x0000000000000050       0x51 ./Core/Src/system_stm32f4xx.o
 .comment       0x0000000000000050       0x51 ./Drivers/STM32F4xx_HAL_Driver/Src/stm32f4xx_hal.o
 .comment       0x0000000000000050       0x51 ./Drivers/STM32F4xx_HAL_Driver/Src/stm32f4xx_hal_cortex.o
 .comment       0x0000000000000050       0x51 ./Drivers/STM32F4xx_HAL_Driver/Src/stm32f4xx_hal_crc.o
 .comment       0x0000000000000050       0x51 ./Drivers/STM32F4xx_HAL_Driver/Src/stm32f4xx_hal_gpio.o
 .comment       0x0000000000000050       0x51 ./Drivers/STM32F4xx_HAL_Driver/Src/stm32f4xx_hal_rcc.o
 .comment       0x0000000000000050       0x51 ./Drivers/STM32F4xx_HAL_Driver/Src/stm32f4xx_hal_spi.o
 .comment       0x0000000000000050       0x51 ./Drivers/STM32F4xx_HAL_Driver/Src/stm32f4xx_hal_tim.o
 .comment       0x0000000000000050       0x51 ./Drivers/STM32F4xx_HAL_Driver/Src/stm32f4xx_hal_tim_ex.o
 .comment       0x0000000000000050       0x51 ./Drivers/STM32F4xx_HAL_Driver/Src/stm32f4xx_hal_uart.o

.debug_frame    0x0000000000000000     0x43a8
 .debug_frame   0x0000000000000000       0xc8 ./Core/Src/ir_receiver.o
 .debug_frame   0x00000000000000c8       0x9c ./Core/Src/ir_sender.o
 .debug_frame   0x0000000000000164      0x174 ./Core/Src/main.o
 .debug_frame   0x00000000000002d8      0x584 ./Core/Src/nRF24.o
 .debug_frame   0x000000000000085c      0x144 ./Core/Src/ring_buffer.o
 .debug_frame   0x00000000000009a0      0x1d4 ./Core/Src/stm32f4xx_hal_msp.o
 .debug_frame   0x0000000000000b74      0x158 ./Core/Src/stm32f4xx_it.o
 .debug_frame   0x0000000000000ccc       0x58 ./Core/Src/system_stm32f4xx.o
 .debug_frame   0x0000000000000d24      0x374 ./Drivers/STM32F4xx_HAL_Driver/Src/stm32f4xx_hal.o
 .debug_frame   0x0000000000001098      0x498 ./Drivers/STM32F4xx_HAL_Driver/Src/stm32f4xx_hal_cortex.o
 .debug_frame   0x0000000000001530      0x120 ./Drivers/STM32F4xx_HAL_Driver/Src/stm32f4xx_hal_crc.o
 .debug_frame   0x0000000000001650      0x14c ./Drivers/STM32F4xx_HAL_Driver/Src/stm32f4xx_hal_gpio.o
 .debug_frame   0x000000000000179c      0x1f4 ./Drivers/STM32F4xx_HAL_Driver/Src/stm32f4xx_hal_rcc.o
 .debug_frame   0x0000000000001990      0x824 ./Drivers/STM32F4xx_HAL_Driver/Src/stm32f4xx_hal_spi.o
 .debug_frame   0x00000000000021b4     0x11bc ./Drivers/STM32F4xx_HAL_Driver/Src/stm32f4xx_hal_tim.o
 .debug_frame   0x0000000000003370      0x638 ./Drivers/STM32F4xx_HAL_Driver/Src/stm32f4xx_hal_tim_ex.o
 .debug_frame   0x00000000000039a8      0x92c ./Drivers/STM32F4xx_HAL_Driver/Src/stm32f4xx_hal_uart.o
 .debug_frame   0x00000000000042d4       0x2c c:/st/stm32cubeide_1.11.0/stm32cubeide/plugins/com.st.stm32cube.ide.mcu.externaltools.gnu-tools-for-stm32.10.3-2021.10.win32_1.0.100.202210260954/tools/bin/../lib/gcc/arm-none-eabi/10.3.1/../../../../arm-none-eabi/lib/thumb/v7e-m/nofp\libc_nano.a(lib_a-init.o)
 .debug_frame   0x0000000000004300       0x28 c:/st/stm32cubeide_1.11.0/stm32cubeide/plugins/com.st.stm32cube.ide.mcu.externaltools.gnu-tools-for-stm32.10.3-2021.10.win32_1.0.100.202210260954/tools/bin/../lib/gcc/arm-none-eabi/10.3.1/../../../../arm-none-eabi/lib/thumb/v7e-m/nofp\libc_nano.a(lib_a-memcpy-stub.o)
 .debug_frame   0x0000000000004328       0x20 c:/st/stm32cubeide_1.11.0/stm32cubeide/plugins/com.st.stm32cube.ide.mcu.externaltools.gnu-tools-for-stm32.10.3-2021.10.win32_1.0.100.202210260954/tools/bin/../lib/gcc/arm-none-eabi/10.3.1/../../../../arm-none-eabi/lib/thumb/v7e-m/nofp\libc_nano.a(lib_a-memset.o)
 .debug_frame   0x0000000000004348       0x2c c:/st/stm32cubeide_1.11.0/stm32cubeide/plugins/com.st.stm32cube.ide.mcu.externaltools.gnu-tools-for-stm32.10.3-2021.10.win32_1.0.100.202210260954/tools/bin/../lib/gcc/arm-none-eabi/10.3.1/thumb/v7e-m/nofp\libgcc.a(_aeabi_uldivmod.o)
 .debug_frame   0x0000000000004374       0x34 c:/st/stm32cubeide_1.11.0/stm32cubeide/plugins/com.st.stm32cube.ide.mcu.externaltools.gnu-tools-for-stm32.10.3-2021.10.win32_1.0.100.202210260954/tools/bin/../lib/gcc/arm-none-eabi/10.3.1/thumb/v7e-m/nofp\libgcc.a(_udivmoddi4.o)
