Archive member included to satisfy reference by file (symbol)

C:\Users\Igor\Desktop\STM32CubeExpansion_Crypto_V3.1.0\Fw_Crypto\STM32F4\Middlewares\ST\STM32_Cryptographic\Lib\libSTM32CryptographicV3.0.0_CM4_GCC_ot.a(crypto.o)
                              ./Core/Src/ring_buffer.o (RSA_PKCS1v15_Decrypt)
c:/st/stm32cubeide_1.11.0/stm32cubeide/plugins/com.st.stm32cube.ide.mcu.externaltools.gnu-tools-for-stm32.10.3-2021.10.win32_1.0.100.202210260954/tools/bin/../lib/gcc/arm-none-eabi/10.3.1/../../../../arm-none-eabi/lib/thumb/v7e-m/nofp\libc_nano.a(lib_a-errno.o)
                              ./Core/Src/syscalls.o (__errno)
c:/st/stm32cubeide_1.11.0/stm32cubeide/plugins/com.st.stm32cube.ide.mcu.externaltools.gnu-tools-for-stm32.10.3-2021.10.win32_1.0.100.202210260954/tools/bin/../lib/gcc/arm-none-eabi/10.3.1/../../../../arm-none-eabi/lib/thumb/v7e-m/nofp\libc_nano.a(lib_a-exit.o)
                              c:/st/stm32cubeide_1.11.0/stm32cubeide/plugins/com.st.stm32cube.ide.mcu.externaltools.gnu-tools-for-stm32.10.3-2021.10.win32_1.0.100.202210260954/tools/bin/../lib/gcc/arm-none-eabi/10.3.1/../../../../arm-none-eabi/lib/thumb/v7e-m/nofp/crt0.o (exit)
c:/st/stm32cubeide_1.11.0/stm32cubeide/plugins/com.st.stm32cube.ide.mcu.externaltools.gnu-tools-for-stm32.10.3-2021.10.win32_1.0.100.202210260954/tools/bin/../lib/gcc/arm-none-eabi/10.3.1/../../../../arm-none-eabi/lib/thumb/v7e-m/nofp\libc_nano.a(lib_a-impure.o)
                              c:/st/stm32cubeide_1.11.0/stm32cubeide/plugins/com.st.stm32cube.ide.mcu.externaltools.gnu-tools-for-stm32.10.3-2021.10.win32_1.0.100.202210260954/tools/bin/../lib/gcc/arm-none-eabi/10.3.1/../../../../arm-none-eabi/lib/thumb/v7e-m/nofp\libc_nano.a(lib_a-exit.o) (_global_impure_ptr)
c:/st/stm32cubeide_1.11.0/stm32cubeide/plugins/com.st.stm32cube.ide.mcu.externaltools.gnu-tools-for-stm32.10.3-2021.10.win32_1.0.100.202210260954/tools/bin/../lib/gcc/arm-none-eabi/10.3.1/../../../../arm-none-eabi/lib/thumb/v7e-m/nofp\libc_nano.a(lib_a-init.o)
                              c:/st/stm32cubeide_1.11.0/stm32cubeide/plugins/com.st.stm32cube.ide.mcu.externaltools.gnu-tools-for-stm32.10.3-2021.10.win32_1.0.100.202210260954/tools/bin/../lib/gcc/arm-none-eabi/10.3.1/../../../../arm-none-eabi/lib/thumb/v7e-m/nofp/crt0.o (__libc_init_array)
c:/st/stm32cubeide_1.11.0/stm32cubeide/plugins/com.st.stm32cube.ide.mcu.externaltools.gnu-tools-for-stm32.10.3-2021.10.win32_1.0.100.202210260954/tools/bin/../lib/gcc/arm-none-eabi/10.3.1/../../../../arm-none-eabi/lib/thumb/v7e-m/nofp\libc_nano.a(lib_a-memcpy-stub.o)
                              ./Core/Src/main.o (memcpy)
c:/st/stm32cubeide_1.11.0/stm32cubeide/plugins/com.st.stm32cube.ide.mcu.externaltools.gnu-tools-for-stm32.10.3-2021.10.win32_1.0.100.202210260954/tools/bin/../lib/gcc/arm-none-eabi/10.3.1/../../../../arm-none-eabi/lib/thumb/v7e-m/nofp\libc_nano.a(lib_a-memmove.o)
                              C:\Users\Igor\Desktop\STM32CubeExpansion_Crypto_V3.1.0\Fw_Crypto\STM32F4\Middlewares\ST\STM32_Cryptographic\Lib\libSTM32CryptographicV3.0.0_CM4_GCC_ot.a(crypto.o) (memmove)
c:/st/stm32cubeide_1.11.0/stm32cubeide/plugins/com.st.stm32cube.ide.mcu.externaltools.gnu-tools-for-stm32.10.3-2021.10.win32_1.0.100.202210260954/tools/bin/../lib/gcc/arm-none-eabi/10.3.1/../../../../arm-none-eabi/lib/thumb/v7e-m/nofp\libc_nano.a(lib_a-memset.o)
                              c:/st/stm32cubeide_1.11.0/stm32cubeide/plugins/com.st.stm32cube.ide.mcu.externaltools.gnu-tools-for-stm32.10.3-2021.10.win32_1.0.100.202210260954/tools/bin/../lib/gcc/arm-none-eabi/10.3.1/../../../../arm-none-eabi/lib/thumb/v7e-m/nofp/crt0.o (memset)
c:/st/stm32cubeide_1.11.0/stm32cubeide/plugins/com.st.stm32cube.ide.mcu.externaltools.gnu-tools-for-stm32.10.3-2021.10.win32_1.0.100.202210260954/tools/bin/../lib/gcc/arm-none-eabi/10.3.1/thumb/v7e-m/nofp\libgcc.a(_aeabi_uldivmod.o)
                              ./Drivers/STM32F4xx_HAL_Driver/Src/stm32f4xx_hal_rcc.o (__aeabi_uldivmod)
c:/st/stm32cubeide_1.11.0/stm32cubeide/plugins/com.st.stm32cube.ide.mcu.externaltools.gnu-tools-for-stm32.10.3-2021.10.win32_1.0.100.202210260954/tools/bin/../lib/gcc/arm-none-eabi/10.3.1/thumb/v7e-m/nofp\libgcc.a(_udivmoddi4.o)
                              c:/st/stm32cubeide_1.11.0/stm32cubeide/plugins/com.st.stm32cube.ide.mcu.externaltools.gnu-tools-for-stm32.10.3-2021.10.win32_1.0.100.202210260954/tools/bin/../lib/gcc/arm-none-eabi/10.3.1/thumb/v7e-m/nofp\libgcc.a(_aeabi_uldivmod.o) (__udivmoddi4)
c:/st/stm32cubeide_1.11.0/stm32cubeide/plugins/com.st.stm32cube.ide.mcu.externaltools.gnu-tools-for-stm32.10.3-2021.10.win32_1.0.100.202210260954/tools/bin/../lib/gcc/arm-none-eabi/10.3.1/thumb/v7e-m/nofp\libgcc.a(_dvmd_tls.o)
                              c:/st/stm32cubeide_1.11.0/stm32cubeide/plugins/com.st.stm32cube.ide.mcu.externaltools.gnu-tools-for-stm32.10.3-2021.10.win32_1.0.100.202210260954/tools/bin/../lib/gcc/arm-none-eabi/10.3.1/thumb/v7e-m/nofp\libgcc.a(_aeabi_uldivmod.o) (__aeabi_ldiv0)

[...]
Memory Configuration

Name             Origin             Length             Attributes
RAM              0x0000000020000000 0x0000000000020000 xrw
FLASH            0x0000000008000000 0x0000000000080000 xr
*default*        0x0000000000000000 0xffffffffffffffff

Linker script and memory map

LOAD c:/st/stm32cubeide_1.11.0/stm32cubeide/plugins/com.st.stm32cube.ide.mcu.externaltools.gnu-tools-for-stm32.10.3-2021.10.win32_1.0.100.202210260954/tools/bin/../lib/gcc/arm-none-eabi/10.3.1/thumb/v7e-m/nofp/crti.o
LOAD c:/st/stm32cubeide_1.11.0/stm32cubeide/plugins/com.st.stm32cube.ide.mcu.externaltools.gnu-tools-for-stm32.10.3-2021.10.win32_1.0.100.202210260954/tools/bin/../lib/gcc/arm-none-eabi/10.3.1/thumb/v7e-m/nofp/crtbegin.o
LOAD c:/st/stm32cubeide_1.11.0/stm32cubeide/plugins/com.st.stm32cube.ide.mcu.externaltools.gnu-tools-for-stm32.10.3-2021.10.win32_1.0.100.202210260954/tools/bin/../lib/gcc/arm-none-eabi/10.3.1/../../../../arm-none-eabi/lib/thumb/v7e-m/nofp/crt0.o
LOAD ./Core/Src/main.o
LOAD ./Core/Src/nRF24.o
LOAD ./Core/Src/ring_buffer.o
LOAD ./Core/Src/stm32f4xx_hal_msp.o
LOAD ./Core/Src/stm32f4xx_it.o
LOAD ./Core/Src/syscalls.o
LOAD ./Core/Src/sysmem.o
LOAD ./Core/Src/system_stm32f4xx.o
LOAD ./Core/Startup/startup_stm32f411ceux.o
LOAD ./Drivers/STM32F4xx_HAL_Driver/Src/stm32f4xx_hal.o
LOAD ./Drivers/STM32F4xx_HAL_Driver/Src/stm32f4xx_hal_cortex.o
LOAD ./Drivers/STM32F4xx_HAL_Driver/Src/stm32f4xx_hal_crc.o
LOAD ./Drivers/STM32F4xx_HAL_Driver/Src/stm32f4xx_hal_dma.o
LOAD ./Drivers/STM32F4xx_HAL_Driver/Src/stm32f4xx_hal_dma_ex.o
LOAD ./Drivers/STM32F4xx_HAL_Driver/Src/stm32f4xx_hal_exti.o
LOAD ./Drivers/STM32F4xx_HAL_Driver/Src/stm32f4xx_hal_flash.o
LOAD ./Drivers/STM32F4xx_HAL_Driver/Src/stm32f4xx_hal_flash_ex.o
LOAD ./Drivers/STM32F4xx_HAL_Driver/Src/stm32f4xx_hal_flash_ramfunc.o
LOAD ./Drivers/STM32F4xx_HAL_Driver/Src/stm32f4xx_hal_gpio.o
LOAD ./Drivers/STM32F4xx_HAL_Driver/Src/stm32f4xx_hal_pwr.o
LOAD ./Drivers/STM32F4xx_HAL_Driver/Src/stm32f4xx_hal_pwr_ex.o
LOAD ./Drivers/STM32F4xx_HAL_Driver/Src/stm32f4xx_hal_rcc.o
LOAD ./Drivers/STM32F4xx_HAL_Driver/Src/stm32f4xx_hal_rcc_ex.o
LOAD ./Drivers/STM32F4xx_HAL_Driver/Src/stm32f4xx_hal_spi.o
LOAD ./Drivers/STM32F4xx_HAL_Driver/Src/stm32f4xx_hal_tim.o
LOAD ./Drivers/STM32F4xx_HAL_Driver/Src/stm32f4xx_hal_tim_ex.o
LOAD ./Drivers/STM32F4xx_HAL_Driver/Src/stm32f4xx_hal_uart.o
LOAD C:\Users\Igor\Desktop\STM32CubeExpansion_Crypto_V3.1.0\Fw_Crypto\STM32F4\Middlewares\ST\STM32_Cryptographic\Lib\libSTM32CryptographicV3.0.0_CM4_GCC_ot.a
START GROUP
LOAD c:/st/stm32cubeide_1.11.0/stm32cubeide/plugins/com.st.stm32cube.ide.mcu.externaltools.gnu-tools-for-stm32.10.3-2021.10.win32_1.0.100.202210260954/tools/bin/../lib/gcc/arm-none-eabi/10.3.1/../../../../arm-none-eabi/lib/thumb/v7e-m/nofp\libc_nano.a
LOAD c:/st/stm32cubeide_1.11.0/stm32cubeide/plugins/com.st.stm32cube.ide.mcu.externaltools.gnu-tools-for-stm32.10.3-2021.10.win32_1.0.100.202210260954/tools/bin/../lib/gcc/arm-none-eabi/10.3.1/../../../../arm-none-eabi/lib/thumb/v7e-m/nofp\libm.a
END GROUP
START GROUP
LOAD c:/st/stm32cubeide_1.11.0/stm32cubeide/plugins/com.st.stm32cube.ide.mcu.externaltools.gnu-tools-for-stm32.10.3-2021.10.win32_1.0.100.202210260954/tools/bin/../lib/gcc/arm-none-eabi/10.3.1/thumb/v7e-m/nofp\libgcc.a
LOAD c:/st/stm32cubeide_1.11.0/stm32cubeide/plugins/com.st.stm32cube.ide.mcu.externaltools.gnu-tools-for-stm32.10.3-2021.10.win32_1.0.100.202210260954/tools/bin/../lib/gcc/arm-none-eabi/10.3.1/../../../../arm-none-eabi/lib/thumb/v7e-m/nofp\libc_nano.a
END GROUP
START GROUP
LOAD c:/st/stm32cubeide_1.11.0/stm32cubeide/plugins/com.st.stm32cube.ide.mcu.externaltools.gnu-tools-for-stm32.10.3-2021.10.win32_1.0.100.202210260954/tools/bin/../lib/gcc/arm-none-eabi/10.3.1/thumb/v7e-m/nofp\libgcc.a
LOAD c:/st/stm32cubeide_1.11.0/stm32cubeide/plugins/com.st.stm32cube.ide.mcu.externaltools.gnu-tools-for-stm32.10.3-2021.10.win32_1.0.100.202210260954/tools/bin/../lib/gcc/arm-none-eabi/10.3.1/../../../../arm-none-eabi/lib/thumb/v7e-m/nofp\libc_nano.a
LOAD c:/st/stm32cubeide_1.11.0/stm32cubeide/plugins/com.st.stm32cube.ide.mcu.externaltools.gnu-tools-for-stm32.10.3-2021.10.win32_1.0.100.202210260954/tools/bin/../lib/gcc/arm-none-eabi/10.3.1/../../../../arm-none-eabi/lib/thumb/v7e-m/nofp\libnosys.a
END GROUP
START GROUP
LOAD c:/st/stm32cubeide_1.11.0/stm32cubeide/plugins/com.st.stm32cube.ide.mcu.externaltools.gnu-tools-for-stm32.10.3-2021.10.win32_1.0.100.202210260954/tools/bin/../lib/gcc/arm-none-eabi/10.3.1/thumb/v7e-m/nofp\libgcc.a
LOAD c:/st/stm32cubeide_1.11.0/stm32cubeide/plugins/com.st.stm32cube.ide.mcu.externaltools.gnu-tools-for-stm32.10.3-2021.10.win32_1.0.100.202210260954/tools/bin/../lib/gcc/arm-none-eabi/10.3.1/../../../../arm-none-eabi/lib/thumb/v7e-m/nofp\libc_nano.a
LOAD c:/st/stm32cubeide_1.11.0/stm32cubeide/plugins/com.st.stm32cube.ide.mcu.externaltools.gnu-tools-for-stm32.10.3-2021.10.win32_1.0.100.202210260954/tools/bin/../lib/gcc/arm-none-eabi/10.3.1/../../../../arm-none-eabi/lib/thumb/v7e-m/nofp\libnosys.a
END GROUP
LOAD c:/st/stm32cubeide_1.11.0/stm32cubeide/plugins/com.st.stm32cube.ide.mcu.externaltools.gnu-tools-for-stm32.10.3-2021.10.win32_1.0.100.202210260954/tools/bin/../lib/gcc/arm-none-eabi/10.3.1/thumb/v7e-m/nofp/crtend.o
LOAD c:/st/stm32cubeide_1.11.0/stm32cubeide/plugins/com.st.stm32cube.ide.mcu.externaltools.gnu-tools-for-stm32.10.3-2021.10.win32_1.0.100.202210260954/tools/bin/../lib/gcc/arm-none-eabi/10.3.1/thumb/v7e-m/nofp/crtn.o
                0x0000000020020000                _estack = (ORIGIN (RAM) + LENGTH (RAM))
                0x0000000000000200                _Min_Heap_Size = 0x200
                0x0000000000000400                _Min_Stack_Size = 0x400

.isr_vector     0x0000000008000000      0x198
                0x0000000008000000                . = ALIGN (0x4)
 *(.isr_vector)
 .isr_vector    0x0000000008000000      0x198 ./Core/Startup/startup_stm32f411ceux.o
                0x0000000008000000                g_pfnVectors
                0x0000000008000198                . = ALIGN (0x4)

.text           0x0000000008000198     0x4b98
                0x0000000008000198                . = ALIGN (0x4)
 *(.text)
 .text          0x0000000008000198       0x40 c:/st/stm32cubeide_1.11.0/stm32cubeide/plugins/com.st.stm32cube.ide.mcu.externaltools.gnu-tools-for-stm32.10.3-2021.10.win32_1.0.100.202210260954/tools/bin/../lib/gcc/arm-none-eabi/10.3.1/thumb/v7e-m/nofp/crtbegin.o
 .text          0x00000000080001d8       0x30 c:/st/stm32cubeide_1.11.0/stm32cubeide/plugins/com.st.stm32cube.ide.mcu.externaltools.gnu-tools-for-stm32.10.3-2021.10.win32_1.0.100.202210260954/tools/bin/../lib/gcc/arm-none-eabi/10.3.1/thumb/v7e-m/nofp\libgcc.a(_aeabi_uldivmod.o)
                0x00000000080001d8                __aeabi_uldivmod
 .text          0x0000000008000208      0x2d0 c:/st/stm32cubeide_1.11.0/stm32cubeide/plugins/com.st.stm32cube.ide.mcu.externaltools.gnu-tools-for-stm32.10.3-2021.10.win32_1.0.100.202210260954/tools/bin/../lib/gcc/arm-none-eabi/10.3.1/thumb/v7e-m/nofp\libgcc.a(_udivmoddi4.o)
                0x0000000008000208                __udivmoddi4
 .text          0x00000000080004d8        0x4 c:/st/stm32cubeide_1.11.0/stm32cubeide/plugins/com.st.stm32cube.ide.mcu.externaltools.gnu-tools-for-stm32.10.3-2021.10.win32_1.0.100.202210260954/tools/bin/../lib/gcc/arm-none-eabi/10.3.1/thumb/v7e-m/nofp\libgcc.a(_dvmd_tls.o)
                0x00000000080004d8                __aeabi_idiv0
                0x00000000080004d8                __aeabi_ldiv0
 *(.text*)
 .text.main     0x00000000080004dc       0x84 ./Core/Src/main.o
                0x00000000080004dc                main
 .text.SystemClock_Config
                0x0000000008000560       0xd0 ./Core/Src/main.o
                0x0000000008000560                SystemClock_Config
 .text.MX_CRC_Init
                0x0000000008000630       0x28 ./Core/Src/main.o
 .text.MX_SPI2_Init
                0x0000000008000658       0x6c ./Core/Src/main.o
 .text.MX_TIM1_Init
                0x00000000080006c4      0x108 ./Core/Src/main.o
 .text.MX_TIM2_Init
                0x00000000080007cc       0x98 ./Core/Src/main.o
 .text.MX_TIM3_Init
                0x0000000008000864      0x118 ./Core/Src/main.o
 .text.MX_USART1_UART_Init
                0x000000000800097c       0x54 ./Core/Src/main.o
 .text.MX_GPIO_Init
                0x00000000080009d0      0x114 ./Core/Src/main.o
 .text.Error_Handler
                0x0000000008000ae4        0xa ./Core/Src/main.o
                0x0000000008000ae4                Error_Handler
 .text.nRF24_Delay
                0x0000000008000aee       0x18 ./Core/Src/nRF24.o
 *fill*         0x0000000008000b06        0x2 
 .text.nRF24_SendSpi
                0x0000000008000b08       0x2c ./Core/Src/nRF24.o
 .text.nRF24_ReadSpi
                0x0000000008000b34       0x2c ./Core/Src/nRF24.o
 .text.nRF24_ReadRegister
                0x0000000008000b60       0x48 ./Core/Src/nRF24.o
 .text.nRF24_ReadRegisters
                0x0000000008000ba8       0x48 ./Core/Src/nRF24.o
 .text.nRF24_WriteRegister
                0x0000000008000bf0       0x4c ./Core/Src/nRF24.o
 .text.nRF24_WriteRegisters
                0x0000000008000c3c       0x50 ./Core/Src/nRF24.o
 .text.nRF24_TX_Mode
                0x0000000008000c8c       0x50 ./Core/Src/nRF24.o
                0x0000000008000c8c                nRF24_TX_Mode
 .text.nRF24_ReadConfig
                0x0000000008000cdc       0x10 ./Core/Src/nRF24.o
                0x0000000008000cdc                nRF24_ReadConfig
 .text.nRF24_WriteConfig
                0x0000000008000cec       0x1c ./Core/Src/nRF24.o
                0x0000000008000cec                nRF24_WriteConfig
 .text.nRF24_SetPALevel
                0x0000000008000d08       0x3e ./Core/Src/nRF24.o
                0x0000000008000d08                nRF24_SetPALevel
 .text.nRF24_SetDataRate
                0x0000000008000d46       0x4c ./Core/Src/nRF24.o
                0x0000000008000d46                nRF24_SetDataRate
 .text.nRF24_ReadStatus
                0x0000000008000d92       0x10 ./Core/Src/nRF24.o
                0x0000000008000d92                nRF24_ReadStatus
 .text.nRF24_WriteStatus
                0x0000000008000da2       0x1c ./Core/Src/nRF24.o
                0x0000000008000da2                nRF24_WriteStatus
 *fill*         0x0000000008000dbe        0x2 
 .text.nRF24_FlushRX
                0x0000000008000dc0       0x34 ./Core/Src/nRF24.o
                0x0000000008000dc0                nRF24_FlushRX
 .text.nRF24_FlushTX
                0x0000000008000df4       0x34 ./Core/Src/nRF24.o
                0x0000000008000df4                nRF24_FlushTX
 .text.nRF24_EnableCRC
                0x0000000008000e28       0x3a ./Core/Src/nRF24.o
                0x0000000008000e28                nRF24_EnableCRC
 .text.nRF24_SetCRCLength
                0x0000000008000e62       0x3a ./Core/Src/nRF24.o
                0x0000000008000e62                nRF24_SetCRCLength
 .text.nRF24_SetRetries
                0x0000000008000e9c       0x36 ./Core/Src/nRF24.o
                0x0000000008000e9c                nRF24_SetRetries
 .text.nRF24_SetRFChannel
                0x0000000008000ed2       0x22 ./Core/Src/nRF24.o
                0x0000000008000ed2                nRF24_SetRFChannel
 .text.nRF24_SetPayloadSize
                0x0000000008000ef4       0x38 ./Core/Src/nRF24.o
                0x0000000008000ef4                nRF24_SetPayloadSize
 .text.nRF24_EnablePipe
                0x0000000008000f2c       0x6a ./Core/Src/nRF24.o
                0x0000000008000f2c                nRF24_EnablePipe
 .text.nRF24_AutoACK
                0x0000000008000f96       0x6a ./Core/Src/nRF24.o
                0x0000000008000f96                nRF24_AutoACK
 .text.nRF24_SetAddressWidth
                0x0000000008001000       0x3a ./Core/Src/nRF24.o
                0x0000000008001000                nRF24_SetAddressWidth
 .text.nRF24_SetRXAddress
                0x000000000800103a       0x72 ./Core/Src/nRF24.o
                0x000000000800103a                nRF24_SetRXAddress
 .text.nRF24_SetTXAddress
                0x00000000080010ac       0x8c ./Core/Src/nRF24.o
                0x00000000080010ac                nRF24_SetTXAddress
 .text.nRF24_ClearInterrupts
                0x0000000008001138       0x26 ./Core/Src/nRF24.o
                0x0000000008001138                nRF24_ClearInterrupts
 .text.nRF24_EnableRXDataReadyIRQ
                0x000000000800115e       0x3a ./Core/Src/nRF24.o
                0x000000000800115e                nRF24_EnableRXDataReadyIRQ
 .text.nRF24_EnableTXDataSentIRQ
                0x0000000008001198       0x3a ./Core/Src/nRF24.o
                0x0000000008001198                nRF24_EnableTXDataSentIRQ
 .text.nRF24_EnableMaxRetransmitIRQ
                0x00000000080011d2       0x3a ./Core/Src/nRF24.o
                0x00000000080011d2                nRF24_EnableMaxRetransmitIRQ
 .text.nRF24_WriteTXPayload
                0x000000000800120c       0x1a ./Core/Src/nRF24.o
                0x000000000800120c                nRF24_WriteTXPayload
 *fill*         0x0000000008001226        0x2 
 .text.nRF24_WaitTX
                0x0000000008001228       0x50 ./Core/Src/nRF24.o
                0x0000000008001228                nRF24_WaitTX
 .text.nRF24_Init
                0x0000000008001278       0xa8 ./Core/Src/nRF24.o
                0x0000000008001278                nRF24_Init
 .text.buffer_add
                0x0000000008001320       0x78 ./Core/Src/ring_buffer.o
                0x0000000008001320                buffer_add
 .text.buffer_get_chunk
                0x0000000008001398       0x88 ./Core/Src/ring_buffer.o
                0x0000000008001398                buffer_get_chunk
 .text.send_message
                0x0000000008001420       0x64 ./Core/Src/ring_buffer.o
                0x0000000008001420                send_message
 .text.HAL_MspInit
                0x0000000008001484       0x4c ./Core/Src/stm32f4xx_hal_msp.o
                0x0000000008001484                HAL_MspInit
 .text.HAL_CRC_MspInit
                0x00000000080014d0       0x40 ./Core/Src/stm32f4xx_hal_msp.o
                0x00000000080014d0                HAL_CRC_MspInit
 .text.HAL_SPI_MspInit
                0x0000000008001510       0x90 ./Core/Src/stm32f4xx_hal_msp.o
                0x0000000008001510                HAL_SPI_MspInit
 .text.HAL_TIM_PWM_MspInit
                0x00000000080015a0       0x40 ./Core/Src/stm32f4xx_hal_msp.o
                0x00000000080015a0                HAL_TIM_PWM_MspInit
 .text.HAL_TIM_Base_MspInit
                0x00000000080015e0       0xd8 ./Core/Src/stm32f4xx_hal_msp.o
                0x00000000080015e0                HAL_TIM_Base_MspInit
 .text.HAL_TIM_MspPostInit
                0x00000000080016b8       0x74 ./Core/Src/stm32f4xx_hal_msp.o
                0x00000000080016b8                HAL_TIM_MspPostInit
 .text.HAL_UART_MspInit
                0x000000000800172c       0x90 ./Core/Src/stm32f4xx_hal_msp.o
                0x000000000800172c                HAL_UART_MspInit
 .text.NMI_Handler
                0x00000000080017bc        0x6 ./Core/Src/stm32f4xx_it.o
                0x00000000080017bc                NMI_Handler
 .text.HardFault_Handler
                0x00000000080017c2        0x6 ./Core/Src/stm32f4xx_it.o
                0x00000000080017c2                HardFault_Handler
 .text.MemManage_Handler
                0x00000000080017c8        0x6 ./Core/Src/stm32f4xx_it.o
                0x00000000080017c8                MemManage_Handler
 .text.BusFault_Handler
                0x00000000080017ce        0x6 ./Core/Src/stm32f4xx_it.o
                0x00000000080017ce                BusFault_Handler
 .text.UsageFault_Handler
                0x00000000080017d4        0x6 ./Core/Src/stm32f4xx_it.o
                0x00000000080017d4                UsageFault_Handler
 .text.SVC_Handler
                0x00000000080017da        0xc ./Core/Src/stm32f4xx_it.o
                0x00000000080017da                SVC_Handler
 .text.DebugMon_Handler
                0x00000000080017e6        0xc ./Core/Src/stm32f4xx_it.o
                0x00000000080017e6                DebugMon_Handler
 .text.PendSV_Handler
                0x00000000080017f2        0xc ./Core/Src/stm32f4xx_it.o
                0x00000000080017f2                PendSV_Handler
 .text.SysTick_Handler
                0x00000000080017fe        0xc ./Core/Src/stm32f4xx_it.o
                0x00000000080017fe                SysTick_Handler
 .text.EXTI9_5_IRQHandler
                0x000000000800180a        0xe ./Core/Src/stm32f4xx_it.o
                0x000000000800180a                EXTI9_5_IRQHandler
 .text.TIM2_IRQHandler
                0x0000000008001818       0x14 ./Core/Src/stm32f4xx_it.o
                0x0000000008001818                TIM2_IRQHandler
 .text.TIM3_IRQHandler
                0x000000000800182c       0x14 ./Core/Src/stm32f4xx_it.o
                0x000000000800182c                TIM3_IRQHandler
 .text.SystemInit
                0x0000000008001840        0xc ./Core/Src/system_stm32f4xx.o
                0x0000000008001840                SystemInit
 .text.Reset_Handler
                0x000000000800184c       0x50 ./Core/Startup/startup_stm32f411ceux.o
                0x000000000800184c                Reset_Handler
 .text.Default_Handler
                0x000000000800189c        0x2 ./Core/Startup/startup_stm32f411ceux.o
                0x000000000800189c                RTC_Alarm_IRQHandler
                0x000000000800189c                EXTI2_IRQHandler
                0x000000000800189c                SPI4_IRQHandler
                0x000000000800189c                TIM1_CC_IRQHandler
                0x000000000800189c                DMA2_Stream5_IRQHandler
                0x000000000800189c                DMA1_Stream5_IRQHandler
                0x000000000800189c                PVD_IRQHandler
                0x000000000800189c                SDIO_IRQHandler
                0x000000000800189c                TAMP_STAMP_IRQHandler
                0x000000000800189c                EXTI3_IRQHandler
                0x000000000800189c                TIM1_UP_TIM10_IRQHandler
                0x000000000800189c                I2C3_ER_IRQHandler
                0x000000000800189c                EXTI0_IRQHandler
                0x000000000800189c                I2C2_EV_IRQHandler
                0x000000000800189c                DMA1_Stream2_IRQHandler
                0x000000000800189c                FPU_IRQHandler
                0x000000000800189c                DMA2_Stream2_IRQHandler
                0x000000000800189c                SPI1_IRQHandler
                0x000000000800189c                TIM1_BRK_TIM9_IRQHandler
                0x000000000800189c                DMA2_Stream3_IRQHandler
                0x000000000800189c                USART6_IRQHandler
                0x000000000800189c                DMA2_Stream0_IRQHandler
                0x000000000800189c                TIM4_IRQHandler
                0x000000000800189c                I2C1_EV_IRQHandler
                0x000000000800189c                DMA1_Stream6_IRQHandler
                0x000000000800189c                DMA1_Stream1_IRQHandler
                0x000000000800189c                RCC_IRQHandler
                0x000000000800189c                Default_Handler
                0x000000000800189c                EXTI15_10_IRQHandler
                0x000000000800189c                ADC_IRQHandler
                0x000000000800189c                DMA1_Stream7_IRQHandler
                0x000000000800189c                SPI5_IRQHandler
                0x000000000800189c                TIM5_IRQHandler
                0x000000000800189c                DMA2_Stream7_IRQHandler
                0x000000000800189c                I2C3_EV_IRQHandler
                0x000000000800189c                RTC_WKUP_IRQHandler
                0x000000000800189c                SPI2_IRQHandler
                0x000000000800189c                DMA1_Stream0_IRQHandler
                0x000000000800189c                EXTI4_IRQHandler
                0x000000000800189c                WWDG_IRQHandler
                0x000000000800189c                OTG_FS_WKUP_IRQHandler
                0x000000000800189c                TIM1_TRG_COM_TIM11_IRQHandler
                0x000000000800189c                EXTI1_IRQHandler
                0x000000000800189c                USART2_IRQHandler
                0x000000000800189c                I2C2_ER_IRQHandler
                0x000000000800189c                DMA2_Stream1_IRQHandler
                0x000000000800189c                FLASH_IRQHandler
                0x000000000800189c                DMA2_Stream4_IRQHandler
                0x000000000800189c                USART1_IRQHandler
                0x000000000800189c                OTG_FS_IRQHandler
                0x000000000800189c                SPI3_IRQHandler
                0x000000000800189c                DMA1_Stream4_IRQHandler
                0x000000000800189c                I2C1_ER_IRQHandler
                0x000000000800189c                DMA2_Stream6_IRQHandler
                0x000000000800189c                DMA1_Stream3_IRQHandler
 *fill*         0x000000000800189e        0x2 
 .text.HAL_Init
                0x00000000080018a0       0x44 ./Drivers/STM32F4xx_HAL_Driver/Src/stm32f4xx_hal.o
                0x00000000080018a0                HAL_Init
 .text.HAL_InitTick
                0x00000000080018e4       0x60 ./Drivers/STM32F4xx_HAL_Driver/Src/stm32f4xx_hal.o
                0x00000000080018e4                HAL_InitTick
 .text.HAL_IncTick
                0x0000000008001944       0x24 ./Drivers/STM32F4xx_HAL_Driver/Src/stm32f4xx_hal.o
                0x0000000008001944                HAL_IncTick
 .text.HAL_GetTick
                0x0000000008001968       0x14 ./Drivers/STM32F4xx_HAL_Driver/Src/stm32f4xx_hal.o
                0x0000000008001968                HAL_GetTick
 .text.HAL_Delay
                0x000000000800197c       0x48 ./Drivers/STM32F4xx_HAL_Driver/Src/stm32f4xx_hal.o
                0x000000000800197c                HAL_Delay
 .text.__NVIC_SetPriorityGrouping
                0x00000000080019c4       0x48 ./Drivers/STM32F4xx_HAL_Driver/Src/stm32f4xx_hal_cortex.o
 .text.__NVIC_GetPriorityGrouping
                0x0000000008001a0c       0x1c ./Drivers/STM32F4xx_HAL_Driver/Src/stm32f4xx_hal_cortex.o
 .text.__NVIC_EnableIRQ
                0x0000000008001a28       0x38 ./Drivers/STM32F4xx_HAL_Driver/Src/stm32f4xx_hal_cortex.o
 .text.__NVIC_SetPriority
                0x0000000008001a60       0x54 ./Drivers/STM32F4xx_HAL_Driver/Src/stm32f4xx_hal_cortex.o
 .text.NVIC_EncodePriority
                0x0000000008001ab4       0x64 ./Drivers/STM32F4xx_HAL_Driver/Src/stm32f4xx_hal_cortex.o
 .text.SysTick_Config
                0x0000000008001b18       0x44 ./Drivers/STM32F4xx_HAL_Driver/Src/stm32f4xx_hal_cortex.o
 .text.HAL_NVIC_SetPriorityGrouping
                0x0000000008001b5c       0x16 ./Drivers/STM32F4xx_HAL_Driver/Src/stm32f4xx_hal_cortex.o
                0x0000000008001b5c                HAL_NVIC_SetPriorityGrouping
 .text.HAL_NVIC_SetPriority
                0x0000000008001b72       0x38 ./Drivers/STM32F4xx_HAL_Driver/Src/stm32f4xx_hal_cortex.o
                0x0000000008001b72                HAL_NVIC_SetPriority
 .text.HAL_NVIC_EnableIRQ
                0x0000000008001baa       0x1c ./Drivers/STM32F4xx_HAL_Driver/Src/stm32f4xx_hal_cortex.o
                0x0000000008001baa                HAL_NVIC_EnableIRQ
 .text.HAL_SYSTICK_Config
                0x0000000008001bc6       0x18 ./Drivers/STM32F4xx_HAL_Driver/Src/stm32f4xx_hal_cortex.o
                0x0000000008001bc6                HAL_SYSTICK_Config
 .text.HAL_CRC_Init
                0x0000000008001bde       0x38 ./Drivers/STM32F4xx_HAL_Driver/Src/stm32f4xx_hal_crc.o
                0x0000000008001bde                HAL_CRC_Init
 *fill*         0x0000000008001c16        0x2 
 .text.HAL_GPIO_Init
                0x0000000008001c18      0x304 ./Drivers/STM32F4xx_HAL_Driver/Src/stm32f4xx_hal_gpio.o
                0x0000000008001c18                HAL_GPIO_Init
 .text.HAL_GPIO_WritePin
                0x0000000008001f1c       0x30 ./Drivers/STM32F4xx_HAL_Driver/Src/stm32f4xx_hal_gpio.o
                0x0000000008001f1c                HAL_GPIO_WritePin
 .text.HAL_GPIO_TogglePin
                0x0000000008001f4c       0x32 ./Drivers/STM32F4xx_HAL_Driver/Src/stm32f4xx_hal_gpio.o
                0x0000000008001f4c                HAL_GPIO_TogglePin
 *fill*         0x0000000008001f7e        0x2 
 .text.HAL_GPIO_EXTI_IRQHandler
                0x0000000008001f80       0x30 ./Drivers/STM32F4xx_HAL_Driver/Src/stm32f4xx_hal_gpio.o
                0x0000000008001f80                HAL_GPIO_EXTI_IRQHandler
 .text.HAL_GPIO_EXTI_Callback
                0x0000000008001fb0       0x14 ./Drivers/STM32F4xx_HAL_Driver/Src/stm32f4xx_hal_gpio.o
                0x0000000008001fb0                HAL_GPIO_EXTI_Callback
 .text.HAL_RCC_OscConfig
                0x0000000008001fc4      0x4f0 ./Drivers/STM32F4xx_HAL_Driver/Src/stm32f4xx_hal_rcc.o
                0x0000000008001fc4                HAL_RCC_OscConfig
 .text.HAL_RCC_ClockConfig
                0x00000000080024b4      0x1cc ./Drivers/STM32F4xx_HAL_Driver/Src/stm32f4xx_hal_rcc.o
                0x00000000080024b4                HAL_RCC_ClockConfig
 .text.HAL_RCC_GetSysClockFreq
                0x0000000008002680      0x18c ./Drivers/STM32F4xx_HAL_Driver/Src/stm32f4xx_hal_rcc.o
                0x0000000008002680                HAL_RCC_GetSysClockFreq
 .text.HAL_RCC_GetHCLKFreq
                0x000000000800280c       0x14 ./Drivers/STM32F4xx_HAL_Driver/Src/stm32f4xx_hal_rcc.o
                0x000000000800280c                HAL_RCC_GetHCLKFreq
 .text.HAL_RCC_GetPCLK1Freq
                0x0000000008002820       0x28 ./Drivers/STM32F4xx_HAL_Driver/Src/stm32f4xx_hal_rcc.o
                0x0000000008002820                HAL_RCC_GetPCLK1Freq
 .text.HAL_RCC_GetPCLK2Freq
                0x0000000008002848       0x28 ./Drivers/STM32F4xx_HAL_Driver/Src/stm32f4xx_hal_rcc.o
                0x0000000008002848                HAL_RCC_GetPCLK2Freq
 .text.HAL_SPI_Init
                0x0000000008002870      0x112 ./Drivers/STM32F4xx_HAL_Driver/Src/stm32f4xx_hal_spi.o
                0x0000000008002870                HAL_SPI_Init
 .text.HAL_SPI_Transmit
                0x0000000008002982      0x278 ./Drivers/STM32F4xx_HAL_Driver/Src/stm32f4xx_hal_spi.o
                0x0000000008002982                HAL_SPI_Transmit
 .text.HAL_SPI_Receive
                0x0000000008002bfa      0x222 ./Drivers/STM32F4xx_HAL_Driver/Src/stm32f4xx_hal_spi.o
                0x0000000008002bfa                HAL_SPI_Receive
 .text.HAL_SPI_TransmitReceive
                0x0000000008002e1c      0x344 ./Drivers/STM32F4xx_HAL_Driver/Src/stm32f4xx_hal_spi.o
                0x0000000008002e1c                HAL_SPI_TransmitReceive
 .text.SPI_WaitFlagStateUntilTimeout
                0x0000000008003160      0x110 ./Drivers/STM32F4xx_HAL_Driver/Src/stm32f4xx_hal_spi.o
 .text.SPI_EndRxTransaction
                0x0000000008003270       0xca ./Drivers/STM32F4xx_HAL_Driver/Src/stm32f4xx_hal_spi.o
 *fill*         0x000000000800333a        0x2 
 .text.SPI_EndRxTxTransaction
                0x000000000800333c       0x84 ./Drivers/STM32F4xx_HAL_Driver/Src/stm32f4xx_hal_spi.o
 .text.HAL_TIM_Base_Init
                0x00000000080033c0       0x9e ./Drivers/STM32F4xx_HAL_Driver/Src/stm32f4xx_hal_tim.o
                0x00000000080033c0                HAL_TIM_Base_Init
 .text.HAL_TIM_PWM_Init
                0x000000000800345e       0x9e ./Drivers/STM32F4xx_HAL_Driver/Src/stm32f4xx_hal_tim.o
                0x000000000800345e                HAL_TIM_PWM_Init
 .text.HAL_TIM_IC_Init
                0x00000000080034fc       0x9e ./Drivers/STM32F4xx_HAL_Driver/Src/stm32f4xx_hal_tim.o
                0x00000000080034fc                HAL_TIM_IC_Init
 .text.HAL_TIM_IC_MspInit
                0x000000000800359a       0x12 ./Drivers/STM32F4xx_HAL_Driver/Src/stm32f4xx_hal_tim.o
                0x000000000800359a                HAL_TIM_IC_MspInit
 .text.HAL_TIM_IRQHandler
                0x00000000080035ac      0x210 ./Drivers/STM32F4xx_HAL_Driver/Src/stm32f4xx_hal_tim.o
                0x00000000080035ac                HAL_TIM_IRQHandler
 .text.HAL_TIM_IC_ConfigChannel
                0x00000000080037bc      0x138 ./Drivers/STM32F4xx_HAL_Driver/Src/stm32f4xx_hal_tim.o
                0x00000000080037bc                HAL_TIM_IC_ConfigChannel
 .text.HAL_TIM_PWM_ConfigChannel
                0x00000000080038f4      0x184 ./Drivers/STM32F4xx_HAL_Driver/Src/stm32f4xx_hal_tim.o
                0x00000000080038f4                HAL_TIM_PWM_ConfigChannel
 .text.HAL_TIM_ConfigClockSource
                0x0000000008003a78      0x18e ./Drivers/STM32F4xx_HAL_Driver/Src/stm32f4xx_hal_tim.o
                0x0000000008003a78                HAL_TIM_ConfigClockSource
 .text.HAL_TIM_SlaveConfigSynchro
                0x0000000008003c06       0x84 ./Drivers/STM32F4xx_HAL_Driver/Src/stm32f4xx_hal_tim.o
                0x0000000008003c06                HAL_TIM_SlaveConfigSynchro
 .text.HAL_TIM_PeriodElapsedCallback
                0x0000000008003c8a       0x12 ./Drivers/STM32F4xx_HAL_Driver/Src/stm32f4xx_hal_tim.o
                0x0000000008003c8a                HAL_TIM_PeriodElapsedCallback
 .text.HAL_TIM_OC_DelayElapsedCallback
                0x0000000008003c9c       0x12 ./Drivers/STM32F4xx_HAL_Driver/Src/stm32f4xx_hal_tim.o
                0x0000000008003c9c                HAL_TIM_OC_DelayElapsedCallback
 .text.HAL_TIM_IC_CaptureCallback
                0x0000000008003cae       0x12 ./Drivers/STM32F4xx_HAL_Driver/Src/stm32f4xx_hal_tim.o
                0x0000000008003cae                HAL_TIM_IC_CaptureCallback
 .text.HAL_TIM_PWM_PulseFinishedCallback
                0x0000000008003cc0       0x12 ./Drivers/STM32F4xx_HAL_Driver/Src/stm32f4xx_hal_tim.o
                0x0000000008003cc0                HAL_TIM_PWM_PulseFinishedCallback
 .text.HAL_TIM_TriggerCallback
                0x0000000008003cd2       0x12 ./Drivers/STM32F4xx_HAL_Driver/Src/stm32f4xx_hal_tim.o
                0x0000000008003cd2                HAL_TIM_TriggerCallback
 .text.TIM_Base_SetConfig
                0x0000000008003ce4       0xfc ./Drivers/STM32F4xx_HAL_Driver/Src/stm32f4xx_hal_tim.o
                0x0000000008003ce4                TIM_Base_SetConfig
 .text.TIM_OC1_SetConfig
                0x0000000008003de0       0xcc ./Drivers/STM32F4xx_HAL_Driver/Src/stm32f4xx_hal_tim.o
 .text.TIM_OC2_SetConfig
                0x0000000008003eac       0xd4 ./Drivers/STM32F4xx_HAL_Driver/Src/stm32f4xx_hal_tim.o
                0x0000000008003eac                TIM_OC2_SetConfig
 .text.TIM_OC3_SetConfig
                0x0000000008003f80       0xd4 ./Drivers/STM32F4xx_HAL_Driver/Src/stm32f4xx_hal_tim.o
 .text.TIM_OC4_SetConfig
                0x0000000008004054       0x9c ./Drivers/STM32F4xx_HAL_Driver/Src/stm32f4xx_hal_tim.o
 .text.TIM_SlaveTimer_SetConfig
                0x00000000080040f0      0x122 ./Drivers/STM32F4xx_HAL_Driver/Src/stm32f4xx_hal_tim.o
 *fill*         0x0000000008004212        0x2 
 .text.TIM_TI1_SetConfig
                0x0000000008004214       0xcc ./Drivers/STM32F4xx_HAL_Driver/Src/stm32f4xx_hal_tim.o
                0x0000000008004214                TIM_TI1_SetConfig
 .text.TIM_TI1_ConfigInputStage
                0x00000000080042e0       0x5c ./Drivers/STM32F4xx_HAL_Driver/Src/stm32f4xx_hal_tim.o
 .text.TIM_TI2_SetConfig
                0x000000000800433c       0x78 ./Drivers/STM32F4xx_HAL_Driver/Src/stm32f4xx_hal_tim.o
 .text.TIM_TI2_ConfigInputStage
                0x00000000080043b4       0x5e ./Drivers/STM32F4xx_HAL_Driver/Src/stm32f4xx_hal_tim.o
 .text.TIM_TI3_SetConfig
                0x0000000008004412       0x76 ./Drivers/STM32F4xx_HAL_Driver/Src/stm32f4xx_hal_tim.o
 .text.TIM_TI4_SetConfig
                0x0000000008004488       0x78 ./Drivers/STM32F4xx_HAL_Driver/Src/stm32f4xx_hal_tim.o
 .text.TIM_ITRx_SetConfig
                0x0000000008004500       0x34 ./Drivers/STM32F4xx_HAL_Driver/Src/stm32f4xx_hal_tim.o
 .text.TIM_ETR_SetConfig
                0x0000000008004534       0x3e ./Drivers/STM32F4xx_HAL_Driver/Src/stm32f4xx_hal_tim.o
                0x0000000008004534                TIM_ETR_SetConfig
 *fill*         0x0000000008004572        0x2 
 .text.HAL_TIMEx_MasterConfigSynchronization
                0x0000000008004574       0xd8 ./Drivers/STM32F4xx_HAL_Driver/Src/stm32f4xx_hal_tim_ex.o
                0x0000000008004574                HAL_TIMEx_MasterConfigSynchronization
 .text.HAL_TIMEx_ConfigBreakDeadTime
                0x000000000800464c       0xa2 ./Drivers/STM32F4xx_HAL_Driver/Src/stm32f4xx_hal_tim_ex.o
                0x000000000800464c                HAL_TIMEx_ConfigBreakDeadTime
 .text.HAL_TIMEx_CommutCallback
                0x00000000080046ee       0x12 ./Drivers/STM32F4xx_HAL_Driver/Src/stm32f4xx_hal_tim_ex.o
                0x00000000080046ee                HAL_TIMEx_CommutCallback
 .text.HAL_TIMEx_BreakCallback
                0x0000000008004700       0x12 ./Drivers/STM32F4xx_HAL_Driver/Src/stm32f4xx_hal_tim_ex.o
                0x0000000008004700                HAL_TIMEx_BreakCallback
 .text.HAL_UART_Init
                0x0000000008004712       0x9a ./Drivers/STM32F4xx_HAL_Driver/Src/stm32f4xx_hal_uart.o
                0x0000000008004712                HAL_UART_Init
 .text.UART_SetConfig
                0x00000000080047ac      0x4f8 ./Drivers/STM32F4xx_HAL_Driver/Src/stm32f4xx_hal_uart.o
 .text.__libc_init_array
                0x0000000008004ca4       0x48 c:/st/stm32cubeide_1.11.0/stm32cubeide/plugins/com.st.stm32cube.ide.mcu.externaltools.gnu-tools-for-stm32.10.3-2021.10.win32_1.0.100.202210260954/tools/bin/../lib/gcc/arm-none-eabi/10.3.1/../../../../arm-none-eabi/lib/thumb/v7e-m/nofp\libc_nano.a(lib_a-init.o)
                0x0000000008004ca4                __libc_init_array
 .text.memcpy   0x0000000008004cec       0x1c c:/st/stm32cubeide_1.11.0/stm32cubeide/plugins/com.st.stm32cube.ide.mcu.externaltools.gnu-tools-for-stm32.10.3-2021.10.win32_1.0.100.202210260954/tools/bin/../lib/gcc/arm-none-eabi/10.3.1/../../../../arm-none-eabi/lib/thumb/v7e-m/nofp\libc_nano.a(lib_a-memcpy-stub.o)
                0x0000000008004cec                memcpy
 .text.memset   0x0000000008004d08       0x10 c:/st/stm32cubeide_1.11.0/stm32cubeide/plugins/com.st.stm32cube.ide.mcu.externaltools.gnu-tools-for-stm32.10.3-2021.10.win32_1.0.100.202210260954/tools/bin/../lib/gcc/arm-none-eabi/10.3.1/../../../../arm-none-eabi/lib/thumb/v7e-m/nofp\libc_nano.a(lib_a-memset.o)
                0x0000000008004d08                memset
 *(.glue_7)
 .glue_7        0x0000000008004d18        0x0 linker stubs
 *(.glue_7t)
 .glue_7t       0x0000000008004d18        0x0 linker stubs
 *(.eh_frame)
 .eh_frame      0x0000000008004d18        0x0 c:/st/stm32cubeide_1.11.0/stm32cubeide/plugins/com.st.stm32cube.ide.mcu.externaltools.gnu-tools-for-stm32.10.3-2021.10.win32_1.0.100.202210260954/tools/bin/../lib/gcc/arm-none-eabi/10.3.1/thumb/v7e-m/nofp/crtbegin.o
 *(.init)
 .init          0x0000000008004d18        0x4 c:/st/stm32cubeide_1.11.0/stm32cubeide/plugins/com.st.stm32cube.ide.mcu.externaltools.gnu-tools-for-stm32.10.3-2021.10.win32_1.0.100.202210260954/tools/bin/../lib/gcc/arm-none-eabi/10.3.1/thumb/v7e-m/nofp/crti.o
                0x0000000008004d18                _init
 .init          0x0000000008004d1c        0x8 c:/st/stm32cubeide_1.11.0/stm32cubeide/plugins/com.st.stm32cube.ide.mcu.externaltools.gnu-tools-for-stm32.10.3-2021.10.win32_1.0.100.202210260954/tools/bin/../lib/gcc/arm-none-eabi/10.3.1/thumb/v7e-m/nofp/crtn.o
 *(.fini)
 .fini          0x0000000008004d24        0x4 c:/st/stm32cubeide_1.11.0/stm32cubeide/plugins/com.st.stm32cube.ide.mcu.externaltools.gnu-tools-for-stm32.10.3-2021.10.win32_1.0.100.202210260954/tools/bin/../lib/gcc/arm-none-eabi/10.3.1/thumb/v7e-m/nofp/crti.o
                0x0000000008004d24                _fini
 .fini          0x0000000008004d28        0x8 c:/st/stm32cubeide_1.11.0/stm32cubeide/plugins/com.st.stm32cube.ide.mcu.externaltools.gnu-tools-for-stm32.10.3-2021.10.win32_1.0.100.202210260954/tools/bin/../lib/gcc/arm-none-eabi/10.3.1/thumb/v7e-m/nofp/crtn.o
                0x0000000008004d30                . = ALIGN (0x4)
                0x0000000008004d30                _etext = .

.vfp11_veneer   0x0000000008004d30        0x0
 .vfp11_veneer  0x0000000008004d30        0x0 linker stubs

.v4_bx          0x0000000008004d30        0x0
 .v4_bx         0x0000000008004d30        0x0 linker stubs

.iplt           0x0000000008004d30        0x0
 .iplt          0x0000000008004d30        0x0 c:/st/stm32cubeide_1.11.0/stm32cubeide/plugins/com.st.stm32cube.ide.mcu.externaltools.gnu-tools-for-stm32.10.3-2021.10.win32_1.0.100.202210260954/tools/bin/../lib/gcc/arm-none-eabi/10.3.1/thumb/v7e-m/nofp/crtbegin.o

.rodata         0x0000000008004d30      0x120
                0x0000000008004d30                . = ALIGN (0x4)
 *(.rodata)
 .rodata        0x0000000008004d30      0x108 ./Core/Src/main.o
 *(.rodata*)
 .rodata.AHBPrescTable
                0x0000000008004e38       0x10 ./Core/Src/system_stm32f4xx.o
                0x0000000008004e38                AHBPrescTable
 .rodata.APBPrescTable
                0x0000000008004e48        0x8 ./Core/Src/system_stm32f4xx.o
                0x0000000008004e48                APBPrescTable
                0x0000000008004e50                . = ALIGN (0x4)

.ARM.extab      0x0000000008004e50        0x0
                0x0000000008004e50                . = ALIGN (0x4)
 *(.ARM.extab* .gnu.linkonce.armextab.*)
                0x0000000008004e50                . = ALIGN (0x4)

.ARM            0x0000000008004e50        0x8
                0x0000000008004e50                . = ALIGN (0x4)
                0x0000000008004e50                __exidx_start = .
 *(.ARM.exidx*)
 .ARM.exidx     0x0000000008004e50        0x8 c:/st/stm32cubeide_1.11.0/stm32cubeide/plugins/com.st.stm32cube.ide.mcu.externaltools.gnu-tools-for-stm32.10.3-2021.10.win32_1.0.100.202210260954/tools/bin/../lib/gcc/arm-none-eabi/10.3.1/thumb/v7e-m/nofp\libgcc.a(_udivmoddi4.o)
                0x0000000008004e58                __exidx_end = .
                0x0000000008004e58                . = ALIGN (0x4)

.rel.dyn        0x0000000008004e58        0x0
 .rel.iplt      0x0000000008004e58        0x0 c:/st/stm32cubeide_1.11.0/stm32cubeide/plugins/com.st.stm32cube.ide.mcu.externaltools.gnu-tools-for-stm32.10.3-2021.10.win32_1.0.100.202210260954/tools/bin/../lib/gcc/arm-none-eabi/10.3.1/thumb/v7e-m/nofp/crtbegin.o

.preinit_array  0x0000000008004e58        0x0
                0x0000000008004e58                . = ALIGN (0x4)
                0x0000000008004e58                PROVIDE (__preinit_array_start = .)
 *(.preinit_array*)
                0x0000000008004e58                PROVIDE (__preinit_array_end = .)
                0x0000000008004e58                . = ALIGN (0x4)

.init_array     0x0000000008004e58        0x4
                0x0000000008004e58                . = ALIGN (0x4)
                0x0000000008004e58                PROVIDE (__init_array_start = .)
 *(SORT_BY_NAME(.init_array.*))
 *(.init_array*)
 .init_array    0x0000000008004e58        0x4 c:/st/stm32cubeide_1.11.0/stm32cubeide/plugins/com.st.stm32cube.ide.mcu.externaltools.gnu-tools-for-stm32.10.3-2021.10.win32_1.0.100.202210260954/tools/bin/../lib/gcc/arm-none-eabi/10.3.1/thumb/v7e-m/nofp/crtbegin.o
                0x0000000008004e5c                PROVIDE (__init_array_end = .)
                0x0000000008004e5c                . = ALIGN (0x4)

.fini_array     0x0000000008004e5c        0x4
                0x0000000008004e5c                . = ALIGN (0x4)
                [!provide]                        PROVIDE (__fini_array_start = .)
 *(SORT_BY_NAME(.fini_array.*))
 *(.fini_array*)
 .fini_array    0x0000000008004e5c        0x4 c:/st/stm32cubeide_1.11.0/stm32cubeide/plugins/com.st.stm32cube.ide.mcu.externaltools.gnu-tools-for-stm32.10.3-2021.10.win32_1.0.100.202210260954/tools/bin/../lib/gcc/arm-none-eabi/10.3.1/thumb/v7e-m/nofp/crtbegin.o
                [!provide]                        PROVIDE (__fini_array_end = .)
                0x0000000008004e60                . = ALIGN (0x4)
                0x0000000008004e60                _sidata = LOADADDR (.data)

.data           0x0000000020000000        0xc load address 0x0000000008004e60
                0x0000000020000000                . = ALIGN (0x4)
                0x0000000020000000                _sdata = .
 *(.data)
 *(.data*)
 .data.SystemCoreClock
                0x0000000020000000        0x4 ./Core/Src/system_stm32f4xx.o
                0x0000000020000000                SystemCoreClock
 .data.uwTickPrio
                0x0000000020000004        0x4 ./Drivers/STM32F4xx_HAL_Driver/Src/stm32f4xx_hal.o
                0x0000000020000004                uwTickPrio
 .data.uwTickFreq
                0x0000000020000008        0x1 ./Drivers/STM32F4xx_HAL_Driver/Src/stm32f4xx_hal.o
                0x0000000020000008                uwTickFreq
 *(.RamFunc)
 *(.RamFunc*)
                0x000000002000000c                . = ALIGN (0x4)
 *fill*         0x0000000020000009        0x3 
                0x000000002000000c                _edata = .

.igot.plt       0x000000002000000c        0x0 load address 0x0000000008004e6c
 .igot.plt      0x000000002000000c        0x0 c:/st/stm32cubeide_1.11.0/stm32cubeide/plugins/com.st.stm32cube.ide.mcu.externaltools.gnu-tools-for-stm32.10.3-2021.10.win32_1.0.100.202210260954/tools/bin/../lib/gcc/arm-none-eabi/10.3.1/thumb/v7e-m/nofp/crtbegin.o
                0x000000002000000c                . = ALIGN (0x4)

.bss            0x000000002000000c      0x5b8 load address 0x0000000008004e6c
                0x000000002000000c                _sbss = .
                0x000000002000000c                __bss_start__ = _sbss
 *(.bss)
 .bss           0x000000002000000c       0x1c c:/st/stm32cubeide_1.11.0/stm32cubeide/plugins/com.st.stm32cube.ide.mcu.externaltools.gnu-tools-for-stm32.10.3-2021.10.win32_1.0.100.202210260954/tools/bin/../lib/gcc/arm-none-eabi/10.3.1/thumb/v7e-m/nofp/crtbegin.o
 *(.bss*)
 .bss.hcrc      0x0000000020000028        0x8 ./Core/Src/main.o
                0x0000000020000028                hcrc
 .bss.hspi2     0x0000000020000030       0x58 ./Core/Src/main.o
                0x0000000020000030                hspi2
 .bss.htim1     0x0000000020000088       0x48 ./Core/Src/main.o
                0x0000000020000088                htim1
 .bss.htim2     0x00000000200000d0       0x48 ./Core/Src/main.o
                0x00000000200000d0                htim2
 .bss.htim3     0x0000000020000118       0x48 ./Core/Src/main.o
                0x0000000020000118                htim3
 .bss.huart1    0x0000000020000160       0x44 ./Core/Src/main.o
                0x0000000020000160                huart1
 .bss.hspi_nrf  0x00000000200001a4        0x4 ./Core/Src/nRF24.o
 .bss.addr_p0_backup
                0x00000000200001a8        0x3 ./Core/Src/nRF24.o
 *fill*         0x00000000200001ab        0x1 
 .bss.chunk     0x00000000200001ac       0x20 ./Core/Src/ring_buffer.o
                0x00000000200001ac                chunk
 .bss.tx_ring_buffer
                0x00000000200001cc      0x3e8 ./Core/Src/ring_buffer.o
                0x00000000200001cc                tx_ring_buffer
 .bss.tx_head   0x00000000200005b4        0x2 ./Core/Src/ring_buffer.o
                0x00000000200005b4                tx_head
 .bss.tx_tail   0x00000000200005b6        0x2 ./Core/Src/ring_buffer.o
                0x00000000200005b6                tx_tail
 .bss.tx_size   0x00000000200005b8        0x4 ./Core/Src/ring_buffer.o
                0x00000000200005b8                tx_size
 .bss.PackageTimer
                0x00000000200005bc        0x4 ./Core/Src/ring_buffer.o
                0x00000000200005bc                PackageTimer
 .bss.uwTick    0x00000000200005c0        0x4 ./Drivers/STM32F4xx_HAL_Driver/Src/stm32f4xx_hal.o
                0x00000000200005c0                uwTick
 *(COMMON)
                0x00000000200005c4                . = ALIGN (0x4)
                0x00000000200005c4                _ebss = .
                0x00000000200005c4                __bss_end__ = _ebss

._user_heap_stack
                0x00000000200005c4      0x604 load address 0x0000000008004e6c
                0x00000000200005c8                . = ALIGN (0x8)
 *fill*         0x00000000200005c4        0x4 
                [!provide]                        PROVIDE (end = .)
                0x00000000200005c8                PROVIDE (_end = .)
                0x00000000200007c8                . = (. + _Min_Heap_Size)
 *fill*         0x00000000200005c8      0x200 
                0x0000000020000bc8                . = (. + _Min_Stack_Size)
 *fill*         0x00000000200007c8      0x400 
                0x0000000020000bc8                . = ALIGN (0x8)

/DISCARD/
 libc.a(*)
 libm.a(*)
 libgcc.a(*)

.ARM.attributes
                0x0000000000000000       0x2a
 *(.ARM.attributes)
 .ARM.attributes
                0x0000000000000000       0x1e c:/st/stm32cubeide_1.11.0/stm32cubeide/plugins/com.st.stm32cube.ide.mcu.externaltools.gnu-tools-for-stm32.10.3-2021.10.win32_1.0.100.202210260954/tools/bin/../lib/gcc/arm-none-eabi/10.3.1/thumb/v7e-m/nofp/crti.o
 .ARM.attributes
                0x000000000000001e       0x2e c:/st/stm32cubeide_1.11.0/stm32cubeide/plugins/com.st.stm32cube.ide.mcu.externaltools.gnu-tools-for-stm32.10.3-2021.10.win32_1.0.100.202210260954/tools/bin/../lib/gcc/arm-none-eabi/10.3.1/thumb/v7e-m/nofp/crtbegin.o
 .ARM.attributes
                0x000000000000004c       0x2e ./Core/Src/main.o
 .ARM.attributes
                0x000000000000007a       0x2e ./Core/Src/nRF24.o
 .ARM.attributes
                0x00000000000000a8       0x2e ./Core/Src/ring_buffer.o
 .ARM.attributes
                0x00000000000000d6       0x2e ./Core/Src/stm32f4xx_hal_msp.o
 .ARM.attributes
                0x0000000000000104       0x2e ./Core/Src/stm32f4xx_it.o
 .ARM.attributes
                0x0000000000000132       0x2e ./Core/Src/system_stm32f4xx.o
 .ARM.attributes
                0x0000000000000160       0x21 ./Core/Startup/startup_stm32f411ceux.o
 .ARM.attributes
                0x0000000000000181       0x2e ./Drivers/STM32F4xx_HAL_Driver/Src/stm32f4xx_hal.o
 .ARM.attributes
                0x00000000000001af       0x2e ./Drivers/STM32F4xx_HAL_Driver/Src/stm32f4xx_hal_cortex.o
 .ARM.attributes
                0x00000000000001dd       0x2e ./Drivers/STM32F4xx_HAL_Driver/Src/stm32f4xx_hal_crc.o
 .ARM.attributes
                0x000000000000020b       0x2e ./Drivers/STM32F4xx_HAL_Driver/Src/stm32f4xx_hal_gpio.o
 .ARM.attributes
                0x0000000000000239       0x2e ./Drivers/STM32F4xx_HAL_Driver/Src/stm32f4xx_hal_rcc.o
 .ARM.attributes
                0x0000000000000267       0x2e ./Drivers/STM32F4xx_HAL_Driver/Src/stm32f4xx_hal_spi.o
 .ARM.attributes
                0x0000000000000295       0x2e ./Drivers/STM32F4xx_HAL_Driver/Src/stm32f4xx_hal_tim.o
 .ARM.attributes
                0x00000000000002c3       0x2e ./Drivers/STM32F4xx_HAL_Driver/Src/stm32f4xx_hal_tim_ex.o
 .ARM.attributes
                0x00000000000002f1       0x2e ./Drivers/STM32F4xx_HAL_Driver/Src/stm32f4xx_hal_uart.o
 .ARM.attributes
                0x000000000000031f       0x2e c:/st/stm32cubeide_1.11.0/stm32cubeide/plugins/com.st.stm32cube.ide.mcu.externaltools.gnu-tools-for-stm32.10.3-2021.10.win32_1.0.100.202210260954/tools/bin/../lib/gcc/arm-none-eabi/10.3.1/../../../../arm-none-eabi/lib/thumb/v7e-m/nofp\libc_nano.a(lib_a-init.o)
 .ARM.attributes
                0x000000000000034d       0x2e c:/st/stm32cubeide_1.11.0/stm32cubeide/plugins/com.st.stm32cube.ide.mcu.externaltools.gnu-tools-for-stm32.10.3-2021.10.win32_1.0.100.202210260954/tools/bin/../lib/gcc/arm-none-eabi/10.3.1/../../../../arm-none-eabi/lib/thumb/v7e-m/nofp\libc_nano.a(lib_a-memcpy-stub.o)
 .ARM.attributes
                0x000000000000037b       0x2e c:/st/stm32cubeide_1.11.0/stm32cubeide/plugins/com.st.stm32cube.ide.mcu.externaltools.gnu-tools-for-stm32.10.3-2021.10.win32_1.0.100.202210260954/tools/bin/../lib/gcc/arm-none-eabi/10.3.1/../../../../arm-none-eabi/lib/thumb/v7e-m/nofp\libc_nano.a(lib_a-memset.o)
 .ARM.attributes
                0x00000000000003a9       0x1e c:/st/stm32cubeide_1.11.0/stm32cubeide/plugins/com.st.stm32cube.ide.mcu.externaltools.gnu-tools-for-stm32.10.3-2021.10.win32_1.0.100.202210260954/tools/bin/../lib/gcc/arm-none-eabi/10.3.1/thumb/v7e-m/nofp\libgcc.a(_aeabi_uldivmod.o)
 .ARM.attributes
                0x00000000000003c7       0x2e c:/st/stm32cubeide_1.11.0/stm32cubeide/plugins/com.st.stm32cube.ide.mcu.externaltools.gnu-tools-for-stm32.10.3-2021.10.win32_1.0.100.202210260954/tools/bin/../lib/gcc/arm-none-eabi/10.3.1/thumb/v7e-m/nofp\libgcc.a(_udivmoddi4.o)
 .ARM.attributes
                0x00000000000003f5       0x1e c:/st/stm32cubeide_1.11.0/stm32cubeide/plugins/com.st.stm32cube.ide.mcu.externaltools.gnu-tools-for-stm32.10.3-2021.10.win32_1.0.100.202210260954/tools/bin/../lib/gcc/arm-none-eabi/10.3.1/thumb/v7e-m/nofp\libgcc.a(_dvmd_tls.o)
 .ARM.attributes
                0x0000000000000413       0x1e c:/st/stm32cubeide_1.11.0/stm32cubeide/plugins/com.st.stm32cube.ide.mcu.externaltools.gnu-tools-for-stm32.10.3-2021.10.win32_1.0.100.202210260954/tools/bin/../lib/gcc/arm-none-eabi/10.3.1/thumb/v7e-m/nofp/crtn.o
OUTPUT(Device_B.elf elf32-littlearm)
LOAD linker stubs
LOAD c:/st/stm32cubeide_1.11.0/stm32cubeide/plugins/com.st.stm32cube.ide.mcu.externaltools.gnu-tools-for-stm32.10.3-2021.10.win32_1.0.100.202210260954/tools/bin/../lib/gcc/arm-none-eabi/10.3.1/../../../../arm-none-eabi/lib/thumb/v7e-m/nofp\libc.a
LOAD c:/st/stm32cubeide_1.11.0/stm32cubeide/plugins/com.st.stm32cube.ide.mcu.externaltools.gnu-tools-for-stm32.10.3-2021.10.win32_1.0.100.202210260954/tools/bin/../lib/gcc/arm-none-eabi/10.3.1/../../../../arm-none-eabi/lib/thumb/v7e-m/nofp\libm.a
LOAD c:/st/stm32cubeide_1.11.0/stm32cubeide/plugins/com.st.stm32cube.ide.mcu.externaltools.gnu-tools-for-stm32.10.3-2021.10.win32_1.0.100.202210260954/tools/bin/../lib/gcc/arm-none-eabi/10.3.1/thumb/v7e-m/nofp\libgcc.a

.debug_info     0x0000000000000000    0x10c5b
 .debug_info    0x0000000000000000     0x1ac7 ./Core/Src/main.o
 .debug_info    0x0000000000001ac7      0xf33 ./Core/Src/nRF24.o
 .debug_info    0x00000000000029fa      0xca4 ./Core/Src/ring_buffer.o
 .debug_info    0x000000000000369e     0x1494 ./Core/Src/stm32f4xx_hal_msp.o
 .debug_info    0x0000000000004b32      0x78f ./Core/Src/stm32f4xx_it.o
 .debug_info    0x00000000000052c1      0x394 ./Core/Src/system_stm32f4xx.o
 .debug_info    0x0000000000005655       0x22 ./Core/Startup/startup_stm32f411ceux.o
 .debug_info    0x0000000000005677      0x90d ./Drivers/STM32F4xx_HAL_Driver/Src/stm32f4xx_hal.o
 .debug_info    0x0000000000005f84      0xd8b ./Drivers/STM32F4xx_HAL_Driver/Src/stm32f4xx_hal_cortex.o
 .debug_info    0x0000000000006d0f      0x39f ./Drivers/STM32F4xx_HAL_Driver/Src/stm32f4xx_hal_crc.o
 .debug_info    0x00000000000070ae      0x78e ./Drivers/STM32F4xx_HAL_Driver/Src/stm32f4xx_hal_gpio.o
 .debug_info    0x000000000000783c      0x98d ./Drivers/STM32F4xx_HAL_Driver/Src/stm32f4xx_hal_rcc.o
 .debug_info    0x00000000000081c9     0x1750 ./Drivers/STM32F4xx_HAL_Driver/Src/stm32f4xx_hal_spi.o
 .debug_info    0x0000000000009919     0x2bb6 ./Drivers/STM32F4xx_HAL_Driver/Src/stm32f4xx_hal_tim.o
 .debug_info    0x000000000000c4cf     0x15d8 ./Drivers/STM32F4xx_HAL_Driver/Src/stm32f4xx_hal_tim_ex.o
 .debug_info    0x000000000000daa7     0x31b4 ./Drivers/STM32F4xx_HAL_Driver/Src/stm32f4xx_hal_uart.o

.debug_abbrev   0x0000000000000000     0x22eb
 .debug_abbrev  0x0000000000000000      0x2e3 ./Core/Src/main.o
 .debug_abbrev  0x00000000000002e3      0x2c8 ./Core/Src/nRF24.o
 .debug_abbrev  0x00000000000005ab      0x2a4 ./Core/Src/ring_buffer.o
 .debug_abbrev  0x000000000000084f      0x242 ./Core/Src/stm32f4xx_hal_msp.o
 .debug_abbrev  0x0000000000000a91      0x1aa ./Core/Src/stm32f4xx_it.o
 .debug_abbrev  0x0000000000000c3b      0x116 ./Core/Src/system_stm32f4xx.o
 .debug_abbrev  0x0000000000000d51       0x12 ./Core/Startup/startup_stm32f411ceux.o
 .debug_abbrev  0x0000000000000d63      0x23e ./Drivers/STM32F4xx_HAL_Driver/Src/stm32f4xx_hal.o
 .debug_abbrev  0x0000000000000fa1      0x316 ./Drivers/STM32F4xx_HAL_Driver/Src/stm32f4xx_hal_cortex.o
 .debug_abbrev  0x00000000000012b7      0x16f ./Drivers/STM32F4xx_HAL_Driver/Src/stm32f4xx_hal_crc.o
 .debug_abbrev  0x0000000000001426      0x1c4 ./Drivers/STM32F4xx_HAL_Driver/Src/stm32f4xx_hal_gpio.o
 .debug_abbrev  0x00000000000015ea      0x2aa ./Drivers/STM32F4xx_HAL_Driver/Src/stm32f4xx_hal_rcc.o
 .debug_abbrev  0x0000000000001894      0x26e ./Drivers/STM32F4xx_HAL_Driver/Src/stm32f4xx_hal_spi.o
 .debug_abbrev  0x0000000000001b02      0x26e ./Drivers/STM32F4xx_HAL_Driver/Src/stm32f4xx_hal_tim.o
 .debug_abbrev  0x0000000000001d70      0x276 ./Drivers/STM32F4xx_HAL_Driver/Src/stm32f4xx_hal_tim_ex.o
 .debug_abbrev  0x0000000000001fe6      0x305 ./Drivers/STM32F4xx_HAL_Driver/Src/stm32f4xx_hal_uart.o

.debug_aranges  0x0000000000000000      0xf90
 .debug_aranges
                0x0000000000000000       0x68 ./Core/Src/main.o
 .debug_aranges
                0x0000000000000068      0x150 ./Core/Src/nRF24.o
 .debug_aranges
                0x00000000000001b8       0x58 ./Core/Src/ring_buffer.o
 .debug_aranges
                0x0000000000000210       0x78 ./Core/Src/stm32f4xx_hal_msp.o
 .debug_aranges
                0x0000000000000288       0x78 ./Core/Src/stm32f4xx_it.o
 .debug_aranges
                0x0000000000000300       0x28 ./Core/Src/system_stm32f4xx.o
 .debug_aranges
                0x0000000000000328       0x28 ./Core/Startup/startup_stm32f411ceux.o
 .debug_aranges
                0x0000000000000350       0xf0 ./Drivers/STM32F4xx_HAL_Driver/Src/stm32f4xx_hal.o
 .debug_aranges
                0x0000000000000440      0x118 ./Drivers/STM32F4xx_HAL_Driver/Src/stm32f4xx_hal_cortex.o
 .debug_aranges
                0x0000000000000558       0x50 ./Drivers/STM32F4xx_HAL_Driver/Src/stm32f4xx_hal_crc.o
 .debug_aranges
                0x00000000000005a8       0x58 ./Drivers/STM32F4xx_HAL_Driver/Src/stm32f4xx_hal_gpio.o
 .debug_aranges
                0x0000000000000600       0x88 ./Drivers/STM32F4xx_HAL_Driver/Src/stm32f4xx_hal_rcc.o
 .debug_aranges
                0x0000000000000688      0x1d0 ./Drivers/STM32F4xx_HAL_Driver/Src/stm32f4xx_hal_spi.o
 .debug_aranges
                0x0000000000000858      0x3d0 ./Drivers/STM32F4xx_HAL_Driver/Src/stm32f4xx_hal_tim.o
 .debug_aranges
                0x0000000000000c28      0x168 ./Drivers/STM32F4xx_HAL_Driver/Src/stm32f4xx_hal_tim_ex.o
 .debug_aranges
                0x0000000000000d90      0x200 ./Drivers/STM32F4xx_HAL_Driver/Src/stm32f4xx_hal_uart.o

.debug_ranges   0x0000000000000000      0xec8
 .debug_ranges  0x0000000000000000       0x58 ./Core/Src/main.o
 .debug_ranges  0x0000000000000058      0x140 ./Core/Src/nRF24.o
 .debug_ranges  0x0000000000000198       0x48 ./Core/Src/ring_buffer.o
 .debug_ranges  0x00000000000001e0       0x68 ./Core/Src/stm32f4xx_hal_msp.o
 .debug_ranges  0x0000000000000248       0x68 ./Core/Src/stm32f4xx_it.o
 .debug_ranges  0x00000000000002b0       0x18 ./Core/Src/system_stm32f4xx.o
 .debug_ranges  0x00000000000002c8       0x20 ./Core/Startup/startup_stm32f411ceux.o
 .debug_ranges  0x00000000000002e8       0xe0 ./Drivers/STM32F4xx_HAL_Driver/Src/stm32f4xx_hal.o
 .debug_ranges  0x00000000000003c8      0x108 ./Drivers/STM32F4xx_HAL_Driver/Src/stm32f4xx_hal_cortex.o
 .debug_ranges  0x00000000000004d0       0x40 ./Drivers/STM32F4xx_HAL_Driver/Src/stm32f4xx_hal_crc.o
 .debug_ranges  0x0000000000000510       0x48 ./Drivers/STM32F4xx_HAL_Driver/Src/stm32f4xx_hal_gpio.o
 .debug_ranges  0x0000000000000558       0x78 ./Drivers/STM32F4xx_HAL_Driver/Src/stm32f4xx_hal_rcc.o
 .debug_ranges  0x00000000000005d0      0x1c0 ./Drivers/STM32F4xx_HAL_Driver/Src/stm32f4xx_hal_spi.o
 .debug_ranges  0x0000000000000790      0x3c0 ./Drivers/STM32F4xx_HAL_Driver/Src/stm32f4xx_hal_tim.o
 .debug_ranges  0x0000000000000b50      0x158 ./Drivers/STM32F4xx_HAL_Driver/Src/stm32f4xx_hal_tim_ex.o
 .debug_ranges  0x0000000000000ca8      0x220 ./Drivers/STM32F4xx_HAL_Driver/Src/stm32f4xx_hal_uart.o

.debug_macro    0x0000000000000000    0x17f22
 .debug_macro   0x0000000000000000      0x67b ./Core/Src/main.o
 .debug_macro   0x000000000000067b      0xa6c ./Core/Src/main.o
 .debug_macro   0x00000000000010e7      0x2a7 ./Core/Src/main.o
 .debug_macro   0x000000000000138e       0x2e ./Core/Src/main.o
 .debug_macro   0x00000000000013bc       0x28 ./Core/Src/main.o
 .debug_macro   0x00000000000013e4       0x22 ./Core/Src/main.o
 .debug_macro   0x0000000000001406       0x8e ./Core/Src/main.o
 .debug_macro   0x0000000000001494       0x51 ./Core/Src/main.o
 .debug_macro   0x00000000000014e5      0x103 ./Core/Src/main.o
 .debug_macro   0x00000000000015e8       0x6a ./Core/Src/main.o
 .debug_macro   0x0000000000001652      0x1df ./Core/Src/main.o
 .debug_macro   0x0000000000001831       0x1c ./Core/Src/main.o
 .debug_macro   0x000000000000184d       0x22 ./Core/Src/main.o
 .debug_macro   0x000000000000186f       0xd9 ./Core/Src/main.o
 .debug_macro   0x0000000000001948     0x102d ./Core/Src/main.o
 .debug_macro   0x0000000000002975      0x11f ./Core/Src/main.o
 .debug_macro   0x0000000000002a94     0xb953 ./Core/Src/main.o
 .debug_macro   0x000000000000e3e7       0x6d ./Core/Src/main.o
 .debug_macro   0x000000000000e454     0x367e ./Core/Src/main.o
 .debug_macro   0x0000000000011ad2      0x174 ./Core/Src/main.o
 .debug_macro   0x0000000000011c46       0x5c ./Core/Src/main.o
 .debug_macro   0x0000000000011ca2      0x447 ./Core/Src/main.o
 .debug_macro   0x00000000000120e9      0x9fe ./Core/Src/main.o
 .debug_macro   0x0000000000012ae7      0x115 ./Core/Src/main.o
 .debug_macro   0x0000000000012bfc      0x11b ./Core/Src/main.o
 .debug_macro   0x0000000000012d17       0xa5 ./Core/Src/main.o
 .debug_macro   0x0000000000012dbc      0x15f ./Core/Src/main.o
 .debug_macro   0x0000000000012f1b      0x287 ./Core/Src/main.o
 .debug_macro   0x00000000000131a2       0x5f ./Core/Src/main.o
 .debug_macro   0x0000000000013201      0x236 ./Core/Src/main.o
 .debug_macro   0x0000000000013437       0x22 ./Core/Src/main.o
 .debug_macro   0x0000000000013459      0x132 ./Core/Src/main.o
 .debug_macro   0x000000000001358b      0x264 ./Core/Src/main.o
 .debug_macro   0x00000000000137ef       0x2e ./Core/Src/main.o
 .debug_macro   0x000000000001381d      0x11a ./Core/Src/main.o
 .debug_macro   0x0000000000013937       0x85 ./Core/Src/main.o
 .debug_macro   0x00000000000139bc       0x89 ./Core/Src/main.o
 .debug_macro   0x0000000000013a45      0x225 ./Core/Src/main.o
 .debug_macro   0x0000000000013c6a      0x8e6 ./Core/Src/main.o
 .debug_macro   0x0000000000014550       0x47 ./Core/Src/main.o
 .debug_macro   0x0000000000014597      0x295 ./Core/Src/main.o
 .debug_macro   0x000000000001482c      0x126 ./Core/Src/main.o
 .debug_macro   0x0000000000014952       0x52 ./Core/Src/main.o
 .debug_macro   0x00000000000149a4       0x18 ./Core/Src/main.o
 .debug_macro   0x00000000000149bc       0x3c ./Core/Src/main.o
 .debug_macro   0x00000000000149f8       0x34 ./Core/Src/main.o
 .debug_macro   0x0000000000014a2c       0x16 ./Core/Src/main.o
 .debug_macro   0x0000000000014a42       0x43 ./Core/Src/main.o
 .debug_macro   0x0000000000014a85       0x34 ./Core/Src/main.o
 .debug_macro   0x0000000000014ab9       0x10 ./Core/Src/main.o
 .debug_macro   0x0000000000014ac9       0x58 ./Core/Src/main.o
 .debug_macro   0x0000000000014b21       0x71 ./Core/Src/main.o
 .debug_macro   0x0000000000014b92       0x1c ./Core/Src/main.o
 .debug_macro   0x0000000000014bae      0x12a ./Core/Src/main.o
 .debug_macro   0x0000000000014cd8      0x341 ./Core/Src/main.o
 .debug_macro   0x0000000000015019       0x10 ./Core/Src/main.o
 .debug_macro   0x0000000000015029       0x35 ./Core/Src/main.o
 .debug_macro   0x000000000001505e       0x20 ./Core/Src/main.o
 .debug_macro   0x000000000001507e       0x3a ./Core/Src/main.o
 .debug_macro   0x00000000000150b8      0x147 ./Core/Src/main.o
 .debug_macro   0x00000000000151ff       0x42 ./Core/Src/main.o
 .debug_macro   0x0000000000015241       0x16 ./Core/Src/main.o
 .debug_macro   0x0000000000015257       0x16 ./Core/Src/main.o
 .debug_macro   0x000000000001526d       0x29 ./Core/Src/main.o
 .debug_macro   0x0000000000015296       0x78 ./Core/Src/main.o
 .debug_macro   0x000000000001530e      0x214 ./Core/Src/main.o
 .debug_macro   0x0000000000015522       0x82 ./Core/Src/main.o
 .debug_macro   0x00000000000155a4       0x6d ./Core/Src/main.o
 .debug_macro   0x0000000000015611       0x3a ./Core/Src/main.o
 .debug_macro   0x000000000001564b       0x16 ./Core/Src/main.o
 .debug_macro   0x0000000000015661       0x16 ./Core/Src/main.o
 .debug_macro   0x0000000000015677       0x16 ./Core/Src/main.o
 .debug_macro   0x000000000001568d       0x10 ./Core/Src/main.o
 .debug_macro   0x000000000001569d       0x10 ./Core/Src/main.o
 .debug_macro   0x00000000000156ad       0x10 ./Core/Src/main.o
 .debug_macro   0x00000000000156bd       0x10 ./Core/Src/main.o
 .debug_macro   0x00000000000156cd       0x10 ./Core/Src/main.o
 .debug_macro   0x00000000000156dd       0x10 ./Core/Src/main.o
 .debug_macro   0x00000000000156ed       0x34 ./Core/Src/main.o
 .debug_macro   0x0000000000015721       0x10 ./Core/Src/main.o
 .debug_macro   0x0000000000015731       0x3a ./Core/Src/main.o
 .debug_macro   0x000000000001576b       0x16 ./Core/Src/main.o
 .debug_macro   0x0000000000015781       0x1c ./Core/Src/main.o
 .debug_macro   0x000000000001579d       0x1c ./Core/Src/main.o
 .debug_macro   0x00000000000157b9       0x10 ./Core/Src/main.o
 .debug_macro   0x00000000000157c9       0x10 ./Core/Src/main.o
 .debug_macro   0x00000000000157d9       0x1c ./Core/Src/main.o
 .debug_macro   0x00000000000157f5       0x52 ./Core/Src/main.o
 .debug_macro   0x0000000000015847       0x22 ./Core/Src/main.o
 .debug_macro   0x0000000000015869       0x10 ./Core/Src/main.o
 .debug_macro   0x0000000000015879       0x52 ./Core/Src/main.o
 .debug_macro   0x00000000000158cb       0xd5 ./Core/Src/main.o
 .debug_macro   0x00000000000159a0       0x1c ./Core/Src/main.o
 .debug_macro   0x00000000000159bc       0x3d ./Core/Src/main.o
 .debug_macro   0x00000000000159f9       0x16 ./Core/Src/main.o
 .debug_macro   0x0000000000015a0f      0x145 ./Core/Src/main.o
 .debug_macro   0x0000000000015b54      0x220 ./Core/Src/main.o
 .debug_macro   0x0000000000015d74       0x10 ./Core/Src/main.o
 .debug_macro   0x0000000000015d84      0x2f8 ./Core/Src/nRF24.o
 .debug_macro   0x000000000001607c      0x5af ./Core/Src/ring_buffer.o
 .debug_macro   0x000000000001662b      0x2bf ./Core/Src/stm32f4xx_hal_msp.o
 .debug_macro   0x00000000000168ea      0x2c9 ./Core/Src/stm32f4xx_it.o
 .debug_macro   0x0000000000016bb3      0x1e2 ./Core/Src/system_stm32f4xx.o
 .debug_macro   0x0000000000016d95      0x242 ./Drivers/STM32F4xx_HAL_Driver/Src/stm32f4xx_hal.o
 .debug_macro   0x0000000000016fd7      0x1e2 ./Drivers/STM32F4xx_HAL_Driver/Src/stm32f4xx_hal_cortex.o
 .debug_macro   0x00000000000171b9      0x1e2 ./Drivers/STM32F4xx_HAL_Driver/Src/stm32f4xx_hal_crc.o
 .debug_macro   0x000000000001739b      0x1e8 ./Drivers/STM32F4xx_HAL_Driver/Src/stm32f4xx_hal_gpio.o
 .debug_macro   0x0000000000017583      0x206 ./Drivers/STM32F4xx_HAL_Driver/Src/stm32f4xx_hal_rcc.o
 .debug_macro   0x0000000000017789      0x1f1 ./Drivers/STM32F4xx_HAL_Driver/Src/stm32f4xx_hal_spi.o
 .debug_macro   0x000000000001797a      0x1e3 ./Drivers/STM32F4xx_HAL_Driver/Src/stm32f4xx_hal_tim.o
 .debug_macro   0x0000000000017b5d      0x1e2 ./Drivers/STM32F4xx_HAL_Driver/Src/stm32f4xx_hal_tim_ex.o
 .debug_macro   0x0000000000017d3f      0x1e3 ./Drivers/STM32F4xx_HAL_Driver/Src/stm32f4xx_hal_uart.o

.debug_line     0x0000000000000000    0x13da1
 .debug_line    0x0000000000000000     0x24a9 ./Core/Src/main.o
 .debug_line    0x00000000000024a9      0xe09 ./Core/Src/nRF24.o
 .debug_line    0x00000000000032b2     0x23a7 ./Core/Src/ring_buffer.o
 .debug_line    0x0000000000005659      0x9fd ./Core/Src/stm32f4xx_hal_msp.o
 .debug_line    0x0000000000006056      0x95b ./Core/Src/stm32f4xx_it.o
 .debug_line    0x00000000000069b1      0x76e ./Core/Src/system_stm32f4xx.o
 .debug_line    0x000000000000711f       0x88 ./Core/Startup/startup_stm32f411ceux.o
 .debug_line    0x00000000000071a7      0x9d9 ./Drivers/STM32F4xx_HAL_Driver/Src/stm32f4xx_hal.o
 .debug_line    0x0000000000007b80      0xc88 ./Drivers/STM32F4xx_HAL_Driver/Src/stm32f4xx_hal_cortex.o
 .debug_line    0x0000000000008808      0x838 ./Drivers/STM32F4xx_HAL_Driver/Src/stm32f4xx_hal_crc.o
 .debug_line    0x0000000000009040      0xb11 ./Drivers/STM32F4xx_HAL_Driver/Src/stm32f4xx_hal_gpio.o
 .debug_line    0x0000000000009b51      0xd53 ./Drivers/STM32F4xx_HAL_Driver/Src/stm32f4xx_hal_rcc.o
 .debug_line    0x000000000000a8a4     0x1c63 ./Drivers/STM32F4xx_HAL_Driver/Src/stm32f4xx_hal_spi.o
 .debug_line    0x000000000000c507     0x34aa ./Drivers/STM32F4xx_HAL_Driver/Src/stm32f4xx_hal_tim.o
 .debug_line    0x000000000000f9b1     0x1972 ./Drivers/STM32F4xx_HAL_Driver/Src/stm32f4xx_hal_tim_ex.o
 .debug_line    0x0000000000011323     0x2a7e ./Drivers/STM32F4xx_HAL_Driver/Src/stm32f4xx_hal_uart.o

.debug_str      0x0000000000000000    0x92cec
 .debug_str     0x0000000000000000    0x8f9dc ./Core/Src/main.o
                                      0x8fe8b (size before relaxing)
 .debug_str     0x000000000008f9dc      0x456 ./Core/Src/nRF24.o
                                      0x8be7b (size before relaxing)
 .debug_str     0x000000000008fe32      0x2b4 ./Core/Src/ring_buffer.o
                                      0x8e18e (size before relaxing)
 .debug_str     0x00000000000900e6      0x12c ./Core/Src/stm32f4xx_hal_msp.o
                                      0x8bd89 (size before relaxing)
 .debug_str     0x0000000000090212      0x128 ./Core/Src/stm32f4xx_it.o
                                      0x8b417 (size before relaxing)
 .debug_str     0x000000000009033a       0x87 ./Core/Src/system_stm32f4xx.o
                                      0x88062 (size before relaxing)
 .debug_str     0x00000000000903c1       0x36 ./Core/Startup/startup_stm32f411ceux.o
                                         0x6e (size before relaxing)
 .debug_str     0x00000000000903f7      0x5f7 ./Drivers/STM32F4xx_HAL_Driver/Src/stm32f4xx_hal.o
                                      0x88ae2 (size before relaxing)
 .debug_str     0x00000000000909ee      0x377 ./Drivers/STM32F4xx_HAL_Driver/Src/stm32f4xx_hal_cortex.o
                                      0x88803 (size before relaxing)
 .debug_str     0x0000000000090d65       0x9d ./Drivers/STM32F4xx_HAL_Driver/Src/stm32f4xx_hal_crc.o
                                      0x880d2 (size before relaxing)
 .debug_str     0x0000000000090e02       0xf0 ./Drivers/STM32F4xx_HAL_Driver/Src/stm32f4xx_hal_gpio.o
                                      0x88231 (size before relaxing)
 .debug_str     0x0000000000090ef2      0x233 ./Drivers/STM32F4xx_HAL_Driver/Src/stm32f4xx_hal_rcc.o
                                      0x884ea (size before relaxing)
 .debug_str     0x0000000000091125      0x57c ./Drivers/STM32F4xx_HAL_Driver/Src/stm32f4xx_hal_spi.o
                                      0x88968 (size before relaxing)
 .debug_str     0x00000000000916a1      0xc84 ./Drivers/STM32F4xx_HAL_Driver/Src/stm32f4xx_hal_tim.o
                                      0x8941e (size before relaxing)
 .debug_str     0x0000000000092325      0x3e1 ./Drivers/STM32F4xx_HAL_Driver/Src/stm32f4xx_hal_tim_ex.o
                                      0x88c3a (size before relaxing)
 .debug_str     0x0000000000092706      0x5e6 ./Drivers/STM32F4xx_HAL_Driver/Src/stm32f4xx_hal_uart.o
                                      0x88a77 (size before relaxing)

.comment        0x0000000000000000       0x50
 .comment       0x0000000000000000       0x50 ./Core/Src/main.o
                                         0x51 (size before relaxing)
 .comment       0x0000000000000050       0x51 ./Core/Src/nRF24.o
 .comment       0x0000000000000050       0x51 ./Core/Src/ring_buffer.o
 .comment       0x0000000000000050       0x51 ./Core/Src/stm32f4xx_hal_msp.o
 .comment       0x0000000000000050       0x51 ./Core/Src/stm32f4xx_it.o
 .comment       0x0000000000000050       0x51 ./Core/Src/system_stm32f4xx.o
 .comment       0x0000000000000050       0x51 ./Drivers/STM32F4xx_HAL_Driver/Src/stm32f4xx_hal.o
 .comment       0x0000000000000050       0x51 ./Drivers/STM32F4xx_HAL_Driver/Src/stm32f4xx_hal_cortex.o
 .comment       0x0000000000000050       0x51 ./Drivers/STM32F4xx_HAL_Driver/Src/stm32f4xx_hal_crc.o
 .comment       0x0000000000000050       0x51 ./Drivers/STM32F4xx_HAL_Driver/Src/stm32f4xx_hal_gpio.o
 .comment       0x0000000000000050       0x51 ./Drivers/STM32F4xx_HAL_Driver/Src/stm32f4xx_hal_rcc.o
 .comment       0x0000000000000050       0x51 ./Drivers/STM32F4xx_HAL_Driver/Src/stm32f4xx_hal_spi.o
 .comment       0x0000000000000050       0x51 ./Drivers/STM32F4xx_HAL_Driver/Src/stm32f4xx_hal_tim.o
 .comment       0x0000000000000050       0x51 ./Drivers/STM32F4xx_HAL_Driver/Src/stm32f4xx_hal_tim_ex.o
 .comment       0x0000000000000050       0x51 ./Drivers/STM32F4xx_HAL_Driver/Src/stm32f4xx_hal_uart.o

.debug_frame    0x0000000000000000     0x4220
 .debug_frame   0x0000000000000000      0x150 ./Core/Src/main.o
 .debug_frame   0x0000000000000150      0x584 ./Core/Src/nRF24.o
 .debug_frame   0x00000000000006d4      0x144 ./Core/Src/ring_buffer.o
 .debug_frame   0x0000000000000818      0x1d4 ./Core/Src/stm32f4xx_hal_msp.o
 .debug_frame   0x00000000000009ec      0x158 ./Core/Src/stm32f4xx_it.o
 .debug_frame   0x0000000000000b44       0x58 ./Core/Src/system_stm32f4xx.o
 .debug_frame   0x0000000000000b9c      0x374 ./Drivers/STM32F4xx_HAL_Driver/Src/stm32f4xx_hal.o
 .debug_frame   0x0000000000000f10      0x498 ./Drivers/STM32F4xx_HAL_Driver/Src/stm32f4xx_hal_cortex.o
 .debug_frame   0x00000000000013a8      0x120 ./Drivers/STM32F4xx_HAL_Driver/Src/stm32f4xx_hal_crc.o
 .debug_frame   0x00000000000014c8      0x14c ./Drivers/STM32F4xx_HAL_Driver/Src/stm32f4xx_hal_gpio.o
 .debug_frame   0x0000000000001614      0x1f4 ./Drivers/STM32F4xx_HAL_Driver/Src/stm32f4xx_hal_rcc.o
 .debug_frame   0x0000000000001808      0x824 ./Drivers/STM32F4xx_HAL_Driver/Src/stm32f4xx_hal_spi.o
 .debug_frame   0x000000000000202c     0x11bc ./Drivers/STM32F4xx_HAL_Driver/Src/stm32f4xx_hal_tim.o
 .debug_frame   0x00000000000031e8      0x638 ./Drivers/STM32F4xx_HAL_Driver/Src/stm32f4xx_hal_tim_ex.o
 .debug_frame   0x0000000000003820      0x92c ./Drivers/STM32F4xx_HAL_Driver/Src/stm32f4xx_hal_uart.o
 .debug_frame   0x000000000000414c       0x2c c:/st/stm32cubeide_1.11.0/stm32cubeide/plugins/com.st.stm32cube.ide.mcu.externaltools.gnu-tools-for-stm32.10.3-2021.10.win32_1.0.100.202210260954/tools/bin/../lib/gcc/arm-none-eabi/10.3.1/../../../../arm-none-eabi/lib/thumb/v7e-m/nofp\libc_nano.a(lib_a-init.o)
 .debug_frame   0x0000000000004178       0x28 c:/st/stm32cubeide_1.11.0/stm32cubeide/plugins/com.st.stm32cube.ide.mcu.externaltools.gnu-tools-for-stm32.10.3-2021.10.win32_1.0.100.202210260954/tools/bin/../lib/gcc/arm-none-eabi/10.3.1/../../../../arm-none-eabi/lib/thumb/v7e-m/nofp\libc_nano.a(lib_a-memcpy-stub.o)
 .debug_frame   0x00000000000041a0       0x20 c:/st/stm32cubeide_1.11.0/stm32cubeide/plugins/com.st.stm32cube.ide.mcu.externaltools.gnu-tools-for-stm32.10.3-2021.10.win32_1.0.100.202210260954/tools/bin/../lib/gcc/arm-none-eabi/10.3.1/../../../../arm-none-eabi/lib/thumb/v7e-m/nofp\libc_nano.a(lib_a-memset.o)
 .debug_frame   0x00000000000041c0       0x2c c:/st/stm32cubeide_1.11.0/stm32cubeide/plugins/com.st.stm32cube.ide.mcu.externaltools.gnu-tools-for-stm32.10.3-2021.10.win32_1.0.100.202210260954/tools/bin/../lib/gcc/arm-none-eabi/10.3.1/thumb/v7e-m/nofp\libgcc.a(_aeabi_uldivmod.o)
 .debug_frame   0x00000000000041ec       0x34 c:/st/stm32cubeide_1.11.0/stm32cubeide/plugins/com.st.stm32cube.ide.mcu.externaltools.gnu-tools-for-stm32.10.3-2021.10.win32_1.0.100.202210260954/tools/bin/../lib/gcc/arm-none-eabi/10.3.1/thumb/v7e-m/nofp\libgcc.a(_udivmoddi4.o)
