../Core/Src/main.c:89:6:HAL_TIM_IC_CaptureCallback	16	static
../Core/Src/main.c:114:5:main	24	static
../Core/Src/main.c:246:6:SystemClock_Config	88	static
../Core/Src/main.c:293:13:MX_CRC_Init	8	static
../Core/Src/main.c:319:13:MX_SPI2_Init	8	static
../Core/Src/main.c:357:13:MX_TIM1_Init	80	static
../Core/Src/main.c:422:13:MX_TIM2_Init	32	static
../Core/Src/main.c:467:13:MX_TIM3_Init	72	static
../Core/Src/main.c:534:13:MX_USART1_UART_Init	8	static
../Core/Src/main.c:567:13:MX_GPIO_Init	48	static
../Core/Src/main.c:627:6:Error_Handler	4	static,ignoring_inline_asm
