../Core/Src/main.c:92:6:HAL_TIM_IC_CaptureCallback	16	static
../Core/Src/main.c:117:5:main	16	static
../Core/Src/main.c:256:6:SystemClock_Config	88	static
../Core/Src/main.c:303:13:MX_CRC_Init	8	static
../Core/Src/main.c:329:13:MX_SPI2_Init	8	static
../Core/Src/main.c:367:13:MX_TIM1_Init	80	static
../Core/Src/main.c:432:13:MX_TIM2_Init	32	static
../Core/Src/main.c:477:13:MX_TIM3_Init	72	static
../Core/Src/main.c:544:13:MX_USART1_UART_Init	8	static
../Core/Src/main.c:577:13:MX_GPIO_Init	48	static
../Core/Src/main.c:637:6:Error_Handler	4	static,ignoring_inline_asm
