../Core/Src/nRF24.c:27:13:nRF24_Delay	16	static
../Core/Src/nRF24.c:32:13:nRF24_SendSpi	16	static
../Core/Src/nRF24.c:37:13:nRF24_ReadSpi	16	static
../Core/Src/nRF24.c:46:16:nRF24_ReadRegister	24	static
../Core/Src/nRF24.c:60:13:nRF24_ReadRegisters	16	static
../Core/Src/nRF24.c:72:13:nRF24_WriteRegister	24	static
../Core/Src/nRF24.c:86:13:nRF24_WriteRegisters	16	static
../Core/Src/nRF24.c:98:6:nRF24_RX_Mode	16	static
../Core/Src/nRF24.c:121:6:nRF24_TX_Mode	16	static
../Core/Src/nRF24.c:143:9:nRF24_ReadConfig	8	static
../Core/Src/nRF24.c:148:6:nRF24_WriteConfig	16	static
../Core/Src/nRF24.c:153:6:nRF24_SetPALevel	24	static
../Core/Src/nRF24.c:161:6:nRF24_SetDataRate	24	static
../Core/Src/nRF24.c:172:9:nRF24_ReadStatus	8	static
../Core/Src/nRF24.c:177:6:nRF24_WriteStatus	16	static
../Core/Src/nRF24.c:182:6:nRF24_FlushRX	16	static
../Core/Src/nRF24.c:191:6:nRF24_FlushTX	16	static
../Core/Src/nRF24.c:200:6:nRF24_EnableCRC	24	static
../Core/Src/nRF24.c:211:6:nRF24_SetCRCLength	24	static
../Core/Src/nRF24.c:221:6:nRF24_SetRetries	16	static
../Core/Src/nRF24.c:227:6:nRF24_SetRFChannel	16	static
../Core/Src/nRF24.c:232:6:nRF24_SetPayloadSize	16	static
../Core/Src/nRF24.c:239:6:nRF24_EnablePipe	24	static
../Core/Src/nRF24.c:251:6:nRF24_AutoACK	24	static
../Core/Src/nRF24.c:263:6:nRF24_SetAddressWidth	16	static
../Core/Src/nRF24.c:272:6:nRF24_SetRXAddress	24	static
../Core/Src/nRF24.c:289:6:nRF24_SetTXAddress	24	static
../Core/Src/nRF24.c:308:6:nRF24_ClearInterrupts	16	static
../Core/Src/nRF24.c:315:6:nRF24_EnableRXDataReadyIRQ	24	static
../Core/Src/nRF24.c:327:6:nRF24_EnableTXDataSentIRQ	24	static
../Core/Src/nRF24.c:339:6:nRF24_EnableMaxRetransmitIRQ	24	static
../Core/Src/nRF24.c:351:6:nRF24_WriteTXPayload	16	static
../Core/Src/nRF24.c:356:6:nRF24_WaitTX	16	static
../Core/Src/nRF24.c:373:6:nRF24_ReadRXPaylaod	16	static
../Core/Src/nRF24.c:382:6:nRF24_SendPacket	16	static
../Core/Src/nRF24.c:387:6:nRF24_ReceivePacket	16	static
../Core/Src/nRF24.c:392:9:nRF24_RXAvailible	16	static
../Core/Src/nRF24.c:407:6:nRF24_IRQ_Handler	16	static
../Core/Src/nRF24.c:434:6:nRF24_Init	16	static
