../Core/Src/nRF24.c:27:13:nRF24_Delay	16	static
../Core/Src/nRF24.c:32:13:nRF24_SendSpi	16	static
../Core/Src/nRF24.c:37:13:nRF24_ReadSpi	16	static
../Core/Src/nRF24.c:46:16:nRF24_ReadRegister	24	static
../Core/Src/nRF24.c:60:13:nRF24_ReadRegisters	16	static
../Core/Src/nRF24.c:72:13:nRF24_WriteRegister	24	static
../Core/Src/nRF24.c:86:13:nRF24_WriteRegisters	16	static
../Core/Src/nRF24.c:98:6:nRF24_RX_Mode	16	static
../Core/Src/nRF24.c:119:6:nRF24_TX_Mode	16	static
../Core/Src/nRF24.c:141:9:nRF24_ReadConfig	8	static
../Core/Src/nRF24.c:146:6:nRF24_WriteConfig	16	static
../Core/Src/nRF24.c:151:6:nRF24_SetPALevel	24	static
../Core/Src/nRF24.c:159:6:nRF24_SetDataRate	24	static
../Core/Src/nRF24.c:170:9:nRF24_ReadStatus	8	static
../Core/Src/nRF24.c:175:6:nRF24_WriteStatus	16	static
../Core/Src/nRF24.c:180:6:nRF24_FlushRX	16	static
../Core/Src/nRF24.c:189:6:nRF24_FlushTX	16	static
../Core/Src/nRF24.c:198:6:nRF24_EnableCRC	24	static
../Core/Src/nRF24.c:209:6:nRF24_SetCRCLength	24	static
../Core/Src/nRF24.c:219:6:nRF24_SetRetries	16	static
../Core/Src/nRF24.c:225:6:nRF24_SetRFChannel	16	static
../Core/Src/nRF24.c:230:6:nRF24_SetPayloadSize	16	static
../Core/Src/nRF24.c:237:6:nRF24_EnablePipe	24	static
../Core/Src/nRF24.c:249:6:nRF24_AutoACK	24	static
../Core/Src/nRF24.c:261:6:nRF24_SetAddressWidth	16	static
../Core/Src/nRF24.c:270:6:nRF24_SetRXAddress	24	static
../Core/Src/nRF24.c:287:6:nRF24_SetTXAddress	24	static
../Core/Src/nRF24.c:306:6:nRF24_ClearInterrupts	16	static
../Core/Src/nRF24.c:313:6:nRF24_EnableRXDataReadyIRQ	24	static
../Core/Src/nRF24.c:325:6:nRF24_EnableTXDataSentIRQ	24	static
../Core/Src/nRF24.c:337:6:nRF24_EnableMaxRetransmitIRQ	24	static
../Core/Src/nRF24.c:349:6:nRF24_WriteTXPayload	16	static
../Core/Src/nRF24.c:354:6:nRF24_WaitTX	16	static
../Core/Src/nRF24.c:368:6:nRF24_ReadRXPaylaod	16	static
../Core/Src/nRF24.c:376:6:nRF24_SendPacket	16	static
../Core/Src/nRF24.c:381:6:nRF24_ReceivePacket	16	static
../Core/Src/nRF24.c:386:9:nRF24_RXAvailible	16	static
../Core/Src/nRF24.c:401:6:nRF24_IRQ_Handler	16	static
../Core/Src/nRF24.c:428:6:nRF24_Init	16	static
